2026-07-09 00:05:05 +05 ВАЖНО:  пользователь "codestart" не прошёл проверку подлинности (по паролю)
2026-07-09 00:05:05 +05 ПОДРОБНОСТИ:  Роль "codestart" не существует.
	Подключение соответствует строке 115 в "I:/NewPythonProjects/Amazone_Clone/Postgres_db/pg_hba.conf": "host    all             all             127.0.0.1/32            scram-sha-256"
2026-07-09 00:05:44 +05 ВАЖНО:  пользователь "codestart" не прошёл проверку подлинности (по паролю)
2026-07-09 00:05:44 +05 ПОДРОБНОСТИ:  Роль "codestart" не существует.
	Подключение соответствует строке 115 в "I:/NewPythonProjects/Amazone_Clone/Postgres_db/pg_hba.conf": "host    all             all             127.0.0.1/32            scram-sha-256"
2026-07-09 00:06:45 +05 ВАЖНО:  пользователь "codestart" не прошёл проверку подлинности (по паролю)
2026-07-09 00:06:45 +05 ПОДРОБНОСТИ:  Роль "codestart" не существует.
	Подключение соответствует строке 115 в "I:/NewPythonProjects/Amazone_Clone/Postgres_db/pg_hba.conf": "host    all             all             127.0.0.1/32            scram-sha-256"
2026-07-09 00:07:01 +05 ВАЖНО:  пользователь "postgres" не прошёл проверку подлинности (по паролю)
2026-07-09 00:07:01 +05 ПОДРОБНОСТИ:  Подключение соответствует строке 115 в "I:/NewPythonProjects/Amazone_Clone/Postgres_db/pg_hba.conf": "host    all             all             127.0.0.1/32            scram-sha-256"
2026-07-09 00:07:44 +05 ВАЖНО:  база данных "amazon_clone" не существует
2026-07-09 00:07:44 +05 ВАЖНО:  база данных "amazon_clone" не существует
2026-07-09 00:07:46 +05 ВАЖНО:  база данных "amazon_clone" не существует
2026-07-09 00:07:46 +05 ВАЖНО:  база данных "amazon_clone" не существует
2026-07-09 00:07:56 +05 СООБЩЕНИЕ:  начата контрольная точка: immediate force wait
2026-07-09 00:07:56 +05 СООБЩЕНИЕ:  контрольная точка завершена: записано буферов: 1 (0.0%), записано SLRU-буферов: 0; добавлено файлов WAL 0, удалено: 0, переработано: 0; запись=0.001 сек., синхр.=0.037 сек., всего=0.152 сек.; синхронизировано_файлов=1, самая_долгая_синхр.=0.037 сек., средняя=0.037 сек.; расстояние=10 КБ, ожидалось=10 КБ; lsn=0/1A142520, lsn redo=0/1A1424C8
2026-07-09 00:08:22 +05 LOG:  could not receive data from client: An existing connection was forcibly closed by the remote host.
	
2026-07-09 00:08:22 +05 LOG:  could not receive data from client: An existing connection was forcibly closed by the remote host.
	
2026-07-09 00:09:43 +05 ВАЖНО:  пользователь "postgres" не прошёл проверку подлинности (по паролю)
2026-07-09 00:09:43 +05 ПОДРОБНОСТИ:  Подключение соответствует строке 115 в "I:/NewPythonProjects/Amazone_Clone/Postgres_db/pg_hba.conf": "host    all             all             127.0.0.1/32            scram-sha-256"
2026-07-09 00:12:56 +05 СООБЩЕНИЕ:  начата контрольная точка: time
2026-07-09 00:14:49 +05 СООБЩЕНИЕ:  контрольная точка завершена: записано буферов: 994 (6.1%), записано SLRU-буферов: 1; добавлено файлов WAL 0, удалено: 0, переработано: 0; запись=110.238 сек., синхр.=2.324 сек., всего=112.678 сек.; синхронизировано_файлов=302, самая_долгая_синхр.=0.067 сек., средняя=0.008 сек.; расстояние=4674 КБ, ожидалось=4674 КБ; lsn=0/1A5D2E88, lsn redo=0/1A5D2DF8
2026-07-09 00:17:25 +05 ВАЖНО:  пользователь "postgres" не прошёл проверку подлинности (по паролю)
2026-07-09 00:17:25 +05 ПОДРОБНОСТИ:  Подключение соответствует строке 115 в "I:/NewPythonProjects/Amazone_Clone/Postgres_db/pg_hba.conf": "host    all             all             127.0.0.1/32            scram-sha-256"
2026-07-09 00:18:45 +05 ВАЖНО:  пользователь "postgres" не прошёл проверку подлинности (по паролю)
2026-07-09 00:18:45 +05 ПОДРОБНОСТИ:  Подключение соответствует строке 115 в "I:/NewPythonProjects/Amazone_Clone/Postgres_db/pg_hba.conf": "host    all             all             127.0.0.1/32            scram-sha-256"
2026-07-09 00:22:56 +05 СООБЩЕНИЕ:  начата контрольная точка: time
2026-07-09 00:23:21 +05 СООБЩЕНИЕ:  контрольная точка завершена: записано буферов: 221 (1.3%), записано SLRU-буферов: 1; добавлено файлов WAL 0, удалено: 0, переработано: 0; запись=24.546 сек., синхр.=0.765 сек., всего=25.437 сек.; синхронизировано_файлов=203, самая_долгая_синхр.=0.025 сек., средняя=0.004 сек.; расстояние=1504 КБ, ожидалось=4357 КБ; lsn=0/1A74AF28, lsn redo=0/1A74AE98
2026-07-09 00:27:56 +05 СООБЩЕНИЕ:  начата контрольная точка: time
2026-07-09 00:27:59 +05 СООБЩЕНИЕ:  контрольная точка завершена: записано буферов: 20 (0.1%), записано SLRU-буферов: 1; добавлено файлов WAL 0, удалено: 0, переработано: 0; запись=2.203 сек., синхр.=0.443 сек., всего=2.768 сек.; синхронизировано_файлов=15, самая_долгая_синхр.=0.059 сек., средняя=0.030 сек.; расстояние=22 КБ, ожидалось=3923 КБ; lsn=0/1A7509A0, lsn redo=0/1A750948
2026-07-09 02:46:11 +05 СООБЩЕНИЕ:  выключение
2026-07-09 02:46:11 +05 ОШИБКА:  выполнение оператора отменено по запросу пользователя
2026-07-09 02:46:11 +05 СООБЩЕНИЕ:  начата контрольная точка: shutdown immediate
2026-07-09 02:46:11 +05 СООБЩЕНИЕ:  контрольная точка завершена: записано буферов: 0 (0.0%), записано SLRU-буферов: 0; добавлено файлов WAL 0, удалено: 0, переработано: 0; запись=0.001 сек., синхр.=0.001 сек., всего=0.208 сек.; синхронизировано_файлов=0, самая_долгая_синхр.=0.000 сек., средняя=0.000 сек.; расстояние=0 КБ, ожидалось=3531 КБ; lsn=0/1A750A50, lsn redo=0/1A750A50
