2026-07-06 00:07:12 +05 ВАЖНО:  база данных "amazon_clone" не существует
2026-07-06 00:07:12 +05 ВАЖНО:  база данных "amazon_clone" не существует
2026-07-06 00:08:08 +05 ВАЖНО:  база данных "amazon_clone" не существует
2026-07-06 00:08:08 +05 ВАЖНО:  база данных "amazon_clone" не существует
2026-07-06 00:08:25 +05 СООБЩЕНИЕ:  начата контрольная точка: immediate force wait
2026-07-06 00:08:25 +05 СООБЩЕНИЕ:  контрольная точка завершена: записано буферов: 1 (0.0%), записано SLRU-буферов: 0; добавлено файлов WAL 0, удалено: 0, переработано: 0; запись=0.001 сек., синхр.=0.040 сек., всего=0.192 сек.; синхронизировано_файлов=1, самая_долгая_синхр.=0.040 сек., средняя=0.040 сек.; расстояние=2 КБ, ожидалось=4209 КБ; lsn=0/177813B0, lsn redo=0/17781358
2026-07-06 00:09:10 +05 LOG:  could not receive data from client: An existing connection was forcibly closed by the remote host.
	
2026-07-06 00:09:10 +05 LOG:  could not receive data from client: An existing connection was forcibly closed by the remote host.
	
2026-07-06 00:12:19 +05 ВАЖНО:  база данных "codekids_db" не существует
2026-07-06 00:13:25 +05 СООБЩЕНИЕ:  начата контрольная точка: time
2026-07-06 00:15:16 +05 СООБЩЕНИЕ:  контрольная точка завершена: записано буферов: 994 (6.1%), записано SLRU-буферов: 1; добавлено файлов WAL 0, удалено: 0, переработано: 0; запись=108.891 сек., синхр.=2.271 сек., всего=111.285 сек.; синхронизировано_файлов=302, самая_долгая_синхр.=0.059 сек., средняя=0.008 сек.; расстояние=4677 КБ, ожидалось=4677 КБ; lsn=0/17C12958, lsn redo=0/17C128C8
2026-07-06 00:26:47 +05 ВАЖНО:  пользователь "postgres" не прошёл проверку подлинности (по паролю)
2026-07-06 00:26:47 +05 ПОДРОБНОСТИ:  Подключение соответствует строке 115 в "I:/NewPythonProjects/Amazone_Clone/Postgres_db/pg_hba.conf": "host    all             all             127.0.0.1/32            scram-sha-256"
2026-07-06 00:51:28 +05 ВАЖНО:  база данных "amazon_clone" не существует
2026-07-06 00:51:28 +05 ВАЖНО:  база данных "amazon_clone" не существует
2026-07-06 00:52:03 +05 СООБЩЕНИЕ:  начата контрольная точка: immediate force wait
2026-07-06 00:52:03 +05 СООБЩЕНИЕ:  контрольная точка завершена: записано буферов: 1 (0.0%), записано SLRU-буферов: 0; добавлено файлов WAL 0, удалено: 0, переработано: 0; запись=0.001 сек., синхр.=0.040 сек., всего=0.192 сек.; синхронизировано_файлов=1, самая_долгая_синхр.=0.040 сек., средняя=0.040 сек.; расстояние=3 КБ, ожидалось=4209 КБ; lsn=0/17C13580, lsn redo=0/17C13528
2026-07-06 00:52:37 +05 LOG:  could not receive data from client: An existing connection was forcibly closed by the remote host.
	
2026-07-06 00:52:37 +05 LOG:  could not receive data from client: An existing connection was forcibly closed by the remote host.
	
2026-07-06 00:57:03 +05 СООБЩЕНИЕ:  начата контрольная точка: time
2026-07-06 00:59:05 +05 СООБЩЕНИЕ:  контрольная точка завершена: записано буферов: 1082 (6.6%), записано SLRU-буферов: 2; добавлено файлов WAL 0, удалено: 0, переработано: 1; запись=118.975 сек., синхр.=2.703 сек., всего=121.803 сек.; синхронизировано_файлов=418, самая_долгая_синхр.=0.059 сек., средняя=0.007 сек.; расстояние=5482 КБ, ожидалось=5482 КБ; lsn=0/18173BF0, lsn redo=0/1816E098
2026-07-06 01:02:03 +05 СООБЩЕНИЕ:  начата контрольная точка: time
2026-07-06 01:02:05 +05 СООБЩЕНИЕ:  контрольная точка завершена: записано буферов: 22 (0.1%), записано SLRU-буферов: 1; добавлено файлов WAL 0, удалено: 0, переработано: 0; запись=2.420 сек., синхр.=0.241 сек., всего=2.790 сек.; синхронизировано_файлов=15, самая_долгая_синхр.=0.067 сек., средняя=0.017 сек.; расстояние=24 КБ, ожидалось=4937 КБ; lsn=0/18174370, lsn redo=0/181742E0
2026-07-06 01:07:03 +05 СООБЩЕНИЕ:  начата контрольная точка: time
2026-07-06 01:07:07 +05 СООБЩЕНИЕ:  контрольная точка завершена: записано буферов: 24 (0.1%), записано SLRU-буферов: 1; добавлено файлов WAL 0, удалено: 0, переработано: 0; запись=2.618 сек., синхр.=0.337 сек., всего=3.080 сек.; синхронизировано_файлов=19, самая_долгая_синхр.=0.052 сек., средняя=0.018 сек.; расстояние=23 КБ, ожидалось=4445 КБ; lsn=0/1817A2C8, lsn redo=0/1817A270
2026-07-06 03:01:35 +05 ВАЖНО:  база данных "amazon_clone" не существует
2026-07-06 03:01:35 +05 ВАЖНО:  база данных "amazon_clone" не существует
2026-07-06 03:01:51 +05 СООБЩЕНИЕ:  начата контрольная точка: immediate force wait
2026-07-06 03:01:51 +05 СООБЩЕНИЕ:  контрольная точка завершена: записано буферов: 1 (0.0%), записано SLRU-буферов: 0; добавлено файлов WAL 0, удалено: 0, переработано: 0; запись=0.001 сек., синхр.=0.045 сек., всего=0.172 сек.; синхронизировано_файлов=1, самая_долгая_синхр.=0.045 сек., средняя=0.045 сек.; расстояние=11 КБ, ожидалось=4002 КБ; lsn=0/1817CF60, lsn redo=0/1817CF08
2026-07-06 03:05:24 +05 РћРЁРР‘РљРђ:  РѕС‚РЅРѕС€РµРЅРёРµ "django_session" РЅРµ СЃСѓС‰РµСЃС‚РІСѓРµС‚ (СЃРёРјРІРѕР» 109)
2026-07-06 03:05:24 +05 РћРџР•Р РђРўРћР :  SELECT "django_session"."session_key", "django_session"."session_data", "django_session"."expire_date" FROM "django_session" WHERE ("django_session"."expire_date" > '2026-07-05T22:05:24.251606+00:00'::timestamptz AND "django_session"."session_key" = 'shzslj868b8sddte5l33j7f3onftzyyl') LIMIT 21
2026-07-06 03:05:24 +05 РћРЁРР‘РљРђ:  РѕС‚РЅРѕС€РµРЅРёРµ "django_session" РЅРµ СЃСѓС‰РµСЃС‚РІСѓРµС‚ (СЃРёРјРІРѕР» 109)
2026-07-06 03:05:24 +05 РћРџР•Р РђРўРћР :  SELECT "django_session"."session_key", "django_session"."session_data", "django_session"."expire_date" FROM "django_session" WHERE ("django_session"."expire_date" > '2026-07-05T22:05:24.283915+00:00'::timestamptz AND "django_session"."session_key" = 'shzslj868b8sddte5l33j7f3onftzyyl') LIMIT 21
2026-07-06 03:05:24 +05 РћРЁРР‘РљРђ:  РѕС‚РЅРѕС€РµРЅРёРµ "django_session" РЅРµ СЃСѓС‰РµСЃС‚РІСѓРµС‚ (СЃРёРјРІРѕР» 109)
2026-07-06 03:05:24 +05 РћРџР•Р РђРўРћР :  SELECT "django_session"."session_key", "django_session"."session_data", "django_session"."expire_date" FROM "django_session" WHERE ("django_session"."expire_date" > '2026-07-05T22:05:24.284915+00:00'::timestamptz AND "django_session"."session_key" = 'shzslj868b8sddte5l33j7f3onftzyyl') LIMIT 21
2026-07-06 03:05:24 +05 РћРЁРР‘РљРђ:  РѕС‚РЅРѕС€РµРЅРёРµ "django_session" РЅРµ СЃСѓС‰РµСЃС‚РІСѓРµС‚ (СЃРёРјРІРѕР» 109)
2026-07-06 03:05:24 +05 РћРџР•Р РђРўРћР :  SELECT "django_session"."session_key", "django_session"."session_data", "django_session"."expire_date" FROM "django_session" LIMIT 21
2026-07-06 03:05:24 +05 РћРЁРР‘РљРђ:  РѕС‚РЅРѕС€РµРЅРёРµ "django_session" РЅРµ СЃСѓС‰РµСЃС‚РІСѓРµС‚ (СЃРёРјРІРѕР» 109)
2026-07-06 03:05:24 +05 РћРџР•Р РђРўРћР :  SELECT "django_session"."session_key", "django_session"."session_data", "django_session"."expire_date" FROM "django_session" WHERE ("django_session"."expire_date" > '2026-07-05T22:05:24.251606+00:00'::timestamptz AND "django_session"."session_key" = 'shzslj868b8sddte5l33j7f3onftzyyl') LIMIT 21
2026-07-06 03:05:24 +05 РћРЁРР‘РљРђ:  РѕС‚РЅРѕС€РµРЅРёРµ "django_session" РЅРµ СЃСѓС‰РµСЃС‚РІСѓРµС‚ (СЃРёРјРІРѕР» 109)
2026-07-06 03:05:24 +05 РћРџР•Р РђРўРћР :  SELECT "django_session"."session_key", "django_session"."session_data", "django_session"."expire_date" FROM "django_session" WHERE ("django_session"."expire_date" > '2026-07-05T22:05:24.251606+00:00'::timestamptz AND "django_session"."session_key" = 'shzslj868b8sddte5l33j7f3onftzyyl') LIMIT 21
2026-07-06 03:05:24 +05 РћРЁРР‘РљРђ:  РѕС‚РЅРѕС€РµРЅРёРµ "django_session" РЅРµ СЃСѓС‰РµСЃС‚РІСѓРµС‚ (СЃРёРјРІРѕР» 109)
2026-07-06 03:05:24 +05 РћРџР•Р РђРўРћР :  SELECT "django_session"."session_key", "django_session"."session_data", "django_session"."expire_date" FROM "django_session" WHERE ("django_session"."expire_date" > '2026-07-05T22:05:24.251606+00:00'::timestamptz AND "django_session"."session_key" = 'shzslj868b8sddte5l33j7f3onftzyyl') LIMIT 21
2026-07-06 03:05:24 +05 РћРЁРР‘РљРђ:  РѕС‚РЅРѕС€РµРЅРёРµ "django_session" РЅРµ СЃСѓС‰РµСЃС‚РІСѓРµС‚ (СЃРёРјРІРѕР» 109)
2026-07-06 03:05:24 +05 РћРџР•Р РђРўРћР :  SELECT "django_session"."session_key", "django_session"."session_data", "django_session"."expire_date" FROM "django_session" WHERE ("django_session"."expire_date" > '2026-07-05T22:05:24.251606+00:00'::timestamptz AND "django_session"."session_key" = 'shzslj868b8sddte5l33j7f3onftzyyl') LIMIT 21
2026-07-06 03:05:24 +05 РћРЁРР‘РљРђ:  РѕС‚РЅРѕС€РµРЅРёРµ "django_session" РЅРµ СЃСѓС‰РµСЃС‚РІСѓРµС‚ (СЃРёРјРІРѕР» 109)
2026-07-06 03:05:24 +05 РћРџР•Р РђРўРћР :  SELECT "django_session"."session_key", "django_session"."session_data", "django_session"."expire_date" FROM "django_session" WHERE ("django_session"."expire_date" > '2026-07-05T22:05:24.288915+00:00'::timestamptz AND "django_session"."session_key" = 'shzslj868b8sddte5l33j7f3onftzyyl') LIMIT 21
2026-07-06 03:05:30 +05 РћРЁРР‘РљРђ:  РѕС‚РЅРѕС€РµРЅРёРµ "django_session" РЅРµ СЃСѓС‰РµСЃС‚РІСѓРµС‚ (СЃРёРјРІРѕР» 109)
2026-07-06 03:05:30 +05 РћРџР•Р РђРўРћР :  SELECT "django_session"."session_key", "django_session"."session_data", "django_session"."expire_date" FROM "django_session" WHERE ("django_session"."expire_date" > '2026-07-05T22:05:30.722358+00:00'::timestamptz AND "django_session"."session_key" = 'shzslj868b8sddte5l33j7f3onftzyyl') LIMIT 21
2026-07-06 03:05:30 +05 РћРЁРР‘РљРђ:  РѕС‚РЅРѕС€РµРЅРёРµ "django_session" РЅРµ СЃСѓС‰РµСЃС‚РІСѓРµС‚ (СЃРёРјРІРѕР» 109)
2026-07-06 03:05:30 +05 РћРџР•Р РђРўРћР :  SELECT "django_session"."session_key", "django_session"."session_data", "django_session"."expire_date" FROM "django_session" WHERE ("django_session"."expire_date" > '2026-07-05T22:05:30.752004+00:00'::timestamptz AND "django_session"."session_key" = 'shzslj868b8sddte5l33j7f3onftzyyl') LIMIT 21
2026-07-06 03:05:30 +05 РћРЁРР‘РљРђ:  РѕС‚РЅРѕС€РµРЅРёРµ "django_session" РЅРµ СЃСѓС‰РµСЃС‚РІСѓРµС‚ (СЃРёРјРІРѕР» 109)
2026-07-06 03:05:30 +05 РћРџР•Р РђРўРћР :  SELECT "django_session"."session_key", "django_session"."session_data", "django_session"."expire_date" FROM "django_session" WHERE ("django_session"."expire_date" > '2026-07-05T22:05:30.752527+00:00'::timestamptz AND "django_session"."session_key" = 'shzslj868b8sddte5l33j7f3onftzyyl') LIMIT 21
2026-07-06 03:05:30 +05 РћРЁРР‘РљРђ:  РѕС‚РЅРѕС€РµРЅРёРµ "django_session" РЅРµ СЃСѓС‰РµСЃС‚РІСѓРµС‚ (СЃРёРјРІРѕР» 109)
2026-07-06 03:05:30 +05 РћРџР•Р РђРўРћР :  SELECT "django_session"."session_key", "django_session"."session_data", "django_session"."expire_date" FROM "django_session" LIMIT 21
2026-07-06 03:05:30 +05 РћРЁРР‘РљРђ:  РѕС‚РЅРѕС€РµРЅРёРµ "django_session" РЅРµ СЃСѓС‰РµСЃС‚РІСѓРµС‚ (СЃРёРјРІРѕР» 109)
2026-07-06 03:05:30 +05 РћРџР•Р РђРўРћР :  SELECT "django_session"."session_key", "django_session"."session_data", "django_session"."expire_date" FROM "django_session" WHERE ("django_session"."expire_date" > '2026-07-05T22:05:30.722358+00:00'::timestamptz AND "django_session"."session_key" = 'shzslj868b8sddte5l33j7f3onftzyyl') LIMIT 21
2026-07-06 03:05:30 +05 РћРЁРР‘РљРђ:  РѕС‚РЅРѕС€РµРЅРёРµ "django_session" РЅРµ СЃСѓС‰РµСЃС‚РІСѓРµС‚ (СЃРёРјРІРѕР» 109)
2026-07-06 03:05:30 +05 РћРџР•Р РђРўРћР :  SELECT "django_session"."session_key", "django_session"."session_data", "django_session"."expire_date" FROM "django_session" WHERE ("django_session"."expire_date" > '2026-07-05T22:05:30.722358+00:00'::timestamptz AND "django_session"."session_key" = 'shzslj868b8sddte5l33j7f3onftzyyl') LIMIT 21
2026-07-06 03:05:30 +05 РћРЁРР‘РљРђ:  РѕС‚РЅРѕС€РµРЅРёРµ "django_session" РЅРµ СЃСѓС‰РµСЃС‚РІСѓРµС‚ (СЃРёРјРІРѕР» 109)
2026-07-06 03:05:30 +05 РћРџР•Р РђРўРћР :  SELECT "django_session"."session_key", "django_session"."session_data", "django_session"."expire_date" FROM "django_session" WHERE ("django_session"."expire_date" > '2026-07-05T22:05:30.722358+00:00'::timestamptz AND "django_session"."session_key" = 'shzslj868b8sddte5l33j7f3onftzyyl') LIMIT 21
2026-07-06 03:05:30 +05 РћРЁРР‘РљРђ:  РѕС‚РЅРѕС€РµРЅРёРµ "django_session" РЅРµ СЃСѓС‰РµСЃС‚РІСѓРµС‚ (СЃРёРјРІРѕР» 109)
2026-07-06 03:05:30 +05 РћРџР•Р РђРўРћР :  SELECT "django_session"."session_key", "django_session"."session_data", "django_session"."expire_date" FROM "django_session" WHERE ("django_session"."expire_date" > '2026-07-05T22:05:30.722358+00:00'::timestamptz AND "django_session"."session_key" = 'shzslj868b8sddte5l33j7f3onftzyyl') LIMIT 21
2026-07-06 03:05:30 +05 РћРЁРР‘РљРђ:  РѕС‚РЅРѕС€РµРЅРёРµ "django_session" РЅРµ СЃСѓС‰РµСЃС‚РІСѓРµС‚ (СЃРёРјРІРѕР» 109)
2026-07-06 03:05:30 +05 РћРџР•Р РђРўРћР :  SELECT "django_session"."session_key", "django_session"."session_data", "django_session"."expire_date" FROM "django_session" WHERE ("django_session"."expire_date" > '2026-07-05T22:05:30.756674+00:00'::timestamptz AND "django_session"."session_key" = 'shzslj868b8sddte5l33j7f3onftzyyl') LIMIT 21
2026-07-06 03:06:46 +05 СООБЩЕНИЕ:  начата контрольная точка: immediate force wait
2026-07-06 03:06:46 +05 СООБЩЕНИЕ:  контрольная точка завершена: записано буферов: 3 (0.0%), записано SLRU-буферов: 1; добавлено файлов WAL 0, удалено: 0, переработано: 0; запись=0.001 сек., синхр.=0.095 сек., всего=0.240 сек.; синхронизировано_файлов=4, самая_долгая_синхр.=0.037 сек., средняя=0.024 сек.; расстояние=4678 КБ, ожидалось=4678 КБ; lsn=0/1860E790, lsn redo=0/1860E738
2026-07-06 03:07:03 +05 ВАЖНО:  база данных "codekids_db" не существует
2026-07-06 03:11:46 +05 СООБЩЕНИЕ:  начата контрольная точка: time
2026-07-06 03:13:50 +05 СООБЩЕНИЕ:  контрольная точка завершена: записано буферов: 1104 (6.7%), записано SLRU-буферов: 1; добавлено файлов WAL 0, удалено: 0, переработано: 0; запись=121.144 сек., синхр.=3.217 сек., всего=124.477 сек.; синхронизировано_файлов=436, самая_долгая_синхр.=0.209 сек., средняя=0.008 сек.; расстояние=5563 КБ, ожидалось=5563 КБ; lsn=0/18B7D730, lsn redo=0/18B7D6A0
2026-07-06 03:16:46 +05 СООБЩЕНИЕ:  начата контрольная точка: time
2026-07-06 03:16:49 +05 СООБЩЕНИЕ:  контрольная точка завершена: записано буферов: 19 (0.1%), записано SLRU-буферов: 2; добавлено файлов WAL 0, удалено: 0, переработано: 0; запись=2.086 сек., синхр.=0.202 сек., всего=2.391 сек.; синхронизировано_файлов=17, самая_долгая_синхр.=0.045 сек., средняя=0.012 сек.; расстояние=7 КБ, ожидалось=5008 КБ; lsn=0/18B7F5F8, lsn redo=0/18B7F5A0
2026-07-06 03:21:46 +05 СООБЩЕНИЕ:  начата контрольная точка: time
2026-07-06 03:21:50 +05 СООБЩЕНИЕ:  контрольная точка завершена: записано буферов: 31 (0.2%), записано SLRU-буферов: 2; добавлено файлов WAL 0, удалено: 0, переработано: 0; запись=3.411 сек., синхр.=0.527 сек., всего=4.062 сек.; синхронизировано_файлов=28, самая_долгая_синхр.=0.043 сек., средняя=0.019 сек.; расстояние=42 КБ, ожидалось=4511 КБ; lsn=0/18B8A090, lsn redo=0/18B89FE8
2026-07-06 03:26:46 +05 СООБЩЕНИЕ:  начата контрольная точка: time
2026-07-06 03:26:49 +05 СООБЩЕНИЕ:  контрольная точка завершена: записано буферов: 22 (0.1%), записано SLRU-буферов: 1; добавлено файлов WAL 0, удалено: 0, переработано: 0; запись=2.406 сек., синхр.=0.666 сек., всего=3.173 сек.; синхронизировано_файлов=20, самая_долгая_синхр.=0.075 сек., средняя=0.034 сек.; расстояние=40 КБ, ожидалось=4064 КБ; lsn=0/18B94300, lsn redo=0/18B942A8
2026-07-06 03:31:46 +05 СООБЩЕНИЕ:  начата контрольная точка: time
2026-07-06 03:31:49 +05 СООБЩЕНИЕ:  контрольная точка завершена: записано буферов: 18 (0.1%), записано SLRU-буферов: 1; добавлено файлов WAL 0, удалено: 0, переработано: 0; запись=1.964 сек., синхр.=0.682 сек., всего=2.769 сек.; синхронизировано_файлов=17, самая_долгая_синхр.=0.053 сек., средняя=0.041 сек.; расстояние=27 КБ, ожидалось=3660 КБ; lsn=0/18B9B280, lsn redo=0/18B9B228
2026-07-06 03:36:46 +05 СООБЩЕНИЕ:  начата контрольная точка: time
2026-07-06 03:36:49 +05 СООБЩЕНИЕ:  контрольная точка завершена: записано буферов: 30 (0.2%), записано SLRU-буферов: 1; добавлено файлов WAL 0, удалено: 0, переработано: 0; запись=3.284 сек., синхр.=0.320 сек., всего=3.711 сек.; синхронизировано_файлов=24, самая_долгая_синхр.=0.042 сек., средняя=0.014 сек.; расстояние=21 КБ, ожидалось=3296 КБ; lsn=0/18BA0958, lsn redo=0/18BA0900
2026-07-06 03:41:46 +05 СООБЩЕНИЕ:  начата контрольная точка: time
2026-07-06 03:41:50 +05 СООБЩЕНИЕ:  контрольная точка завершена: записано буферов: 26 (0.2%), записано SLRU-буферов: 1; добавлено файлов WAL 0, удалено: 0, переработано: 0; запись=2.885 сек., синхр.=0.428 сек., всего=3.437 сек.; синхронизировано_файлов=21, самая_долгая_синхр.=0.128 сек., средняя=0.021 сек.; расстояние=14 КБ, ожидалось=2968 КБ; lsn=0/18BA4240, lsn redo=0/18BA41B0
2026-07-06 05:07:24 +05 LOG:  could not receive data from client: An existing connection was forcibly closed by the remote host.
	
2026-07-06 05:07:24 +05 LOG:  could not receive data from client: An existing connection was forcibly closed by the remote host.
	
2026-07-06 05:08:01 +05 СООБЩЕНИЕ:  выключение
2026-07-06 05:08:01 +05 ОШИБКА:  выполнение оператора отменено по запросу пользователя
2026-07-06 05:08:01 +05 СООБЩЕНИЕ:  начата контрольная точка: shutdown immediate
2026-07-06 05:08:02 +05 СООБЩЕНИЕ:  контрольная точка завершена: записано буферов: 0 (0.0%), записано SLRU-буферов: 0; добавлено файлов WAL 0, удалено: 0, переработано: 0; запись=0.001 сек., синхр.=0.001 сек., всего=0.208 сек.; синхронизировано_файлов=0, самая_долгая_синхр.=0.000 сек., средняя=0.000 сек.; расстояние=0 КБ, ожидалось=2671 КБ; lsn=0/18BA42F0, lsn redo=0/18BA42F0
