2026-06-27 07:16:55 +05 СООБЩЕНИЕ:  система БД была выключена: 2026-06-27 01:04:43 +05
2026-06-27 07:21:55 +05 СООБЩЕНИЕ:  начата контрольная точка: time
2026-06-27 07:21:56 +05 СООБЩЕНИЕ:  контрольная точка завершена: записано буферов: 0 (0.0%), записано SLRU-буферов: 2; добавлено файлов WAL 0, удалено: 0, переработано: 0; запись=0.001 сек., синхр.=0.064 сек., всего=0.226 сек.; синхронизировано_файлов=3, самая_долгая_синхр.=0.036 сек., средняя=0.022 сек.; расстояние=0 КБ, ожидалось=0 КБ; lsn=0/15724440, lsn redo=0/157243E8
2026-06-27 08:26:55 +05 СООБЩЕНИЕ:  начата контрольная точка: time
2026-06-27 08:26:56 +05 СООБЩЕНИЕ:  контрольная точка завершена: записано буферов: 5 (0.0%), записано SLRU-буферов: 1; добавлено файлов WAL 0, удалено: 0, переработано: 0; запись=0.538 сек., синхр.=0.142 сек., всего=0.805 сек.; синхронизировано_файлов=6, самая_долгая_синхр.=0.039 сек., средняя=0.024 сек.; расстояние=2 КБ, ожидалось=2 КБ; lsn=0/15725000, lsn redo=0/15724FA8
2026-06-27 08:30:29 +05 РћРЁРР‘РљРђ:  РїРѕРІС‚РѕСЂСЏСЋС‰РµРµСЃСЏ Р·РЅР°С‡РµРЅРёРµ РєР»СЋС‡Р° РЅР°СЂСѓС€Р°РµС‚ РѕРіСЂР°РЅРёС‡РµРЅРёРµ СѓРЅРёРєР°Р»СЊРЅРѕСЃС‚Рё "unique_attribute_value"
2026-06-27 08:30:29 +05 РџРћР”Р РћР‘РќРћРЎРўР:  РљР»СЋС‡ "(attribute_id, value)=(3, РљСЂР°СЃРЅС‹Р№)" СѓР¶Рµ СЃСѓС‰РµСЃС‚РІСѓРµС‚.
2026-06-27 08:30:29 +05 РћРџР•Р РђРўРћР :  INSERT INTO "catalog_attributevalue" ("created_at", "updated_at", "attribute_id", "value", "color_hex") VALUES ('2026-06-27 03:30:29.617100+00:00'::timestamptz, '2026-06-27 03:30:29.617105+00:00'::timestamptz, 3, 'РљСЂР°СЃРЅС‹Р№', '') RETURNING "catalog_attributevalue"."id"
2026-06-27 08:30:29 +05 РћРЁРР‘РљРђ:  РїРѕРІС‚РѕСЂСЏСЋС‰РµРµСЃСЏ Р·РЅР°С‡РµРЅРёРµ РєР»СЋС‡Р° РЅР°СЂСѓС€Р°РµС‚ РѕРіСЂР°РЅРёС‡РµРЅРёРµ СѓРЅРёРєР°Р»СЊРЅРѕСЃС‚Рё "catalog_brand_name_key"
2026-06-27 08:30:29 +05 РџРћР”Р РћР‘РќРћРЎРўР:  РљР»СЋС‡ "(name)=(Nike)" СѓР¶Рµ СЃСѓС‰РµСЃС‚РІСѓРµС‚.
2026-06-27 08:30:29 +05 РћРџР•Р РђРўРћР :  INSERT INTO "catalog_brand" ("created_at", "updated_at", "name", "slug", "description", "logo", "is_active") VALUES ('2026-06-27 03:30:29.662708+00:00'::timestamptz, '2026-06-27 03:30:29.662712+00:00'::timestamptz, 'Nike', 'nike-2', '', '', true) RETURNING "catalog_brand"."id"
2026-06-27 08:30:29 +05 РћРЁРР‘РљРђ:  РїРѕРІС‚РѕСЂСЏСЋС‰РµРµСЃСЏ Р·РЅР°С‡РµРЅРёРµ РєР»СЋС‡Р° РЅР°СЂСѓС€Р°РµС‚ РѕРіСЂР°РЅРёС‡РµРЅРёРµ СѓРЅРёРєР°Р»СЊРЅРѕСЃС‚Рё "unique_main_product_image"
2026-06-27 08:30:29 +05 РџРћР”Р РћР‘РќРћРЎРўР:  РљР»СЋС‡ "(product_id)=(10)" СѓР¶Рµ СЃСѓС‰РµСЃС‚РІСѓРµС‚.
2026-06-27 08:30:29 +05 РћРџР•Р РђРўРћР :  INSERT INTO "catalog_productimage" ("created_at", "updated_at", "product_id", "image", "alt", "is_main", "order") VALUES ('2026-06-27 03:30:29.812751+00:00'::timestamptz, '2026-06-27 03:30:29.812757+00:00'::timestamptz, 10, 'test2.jpg', '', true, 0) RETURNING "catalog_productimage"."id"
2026-06-27 08:30:29 +05 РћРЁРР‘РљРђ:  РЅРѕРІР°СЏ СЃС‚СЂРѕРєР° РІ РѕС‚РЅРѕС€РµРЅРёРё "catalog_product" РЅР°СЂСѓС€Р°РµС‚ РѕРіСЂР°РЅРёС‡РµРЅРёРµ-РїСЂРѕРІРµСЂРєСѓ "product_max_price_gte_min"
2026-06-27 08:30:29 +05 РџРћР”Р РћР‘РќРћРЎРўР:  РћС€РёР±РѕС‡РЅР°СЏ СЃС‚СЂРѕРєР° СЃРѕРґРµСЂР¶РёС‚ (19, 2026-06-27 03:30:29.872985+00, 2026-06-27 03:30:29.87299+00, a1f002e1-aa9b-4931-998c-8000467bd3b1, Test Product, test-product, , null, , , , active, f, 2026-06-27 03:30:29.872908+00, 500.00, 100.00, 0.00, 0, 0, 14, 52, null).
2026-06-27 08:30:29 +05 РћРџР•Р РђРўРћР :  INSERT INTO "catalog_product" ("created_at", "updated_at", "uuid", "name", "slug", "description", "search_vector", "meta_title", "meta_description", "manufacturer_code", "status", "is_featured", "published_at", "brand_id", "primary_category_id", "main_image_id", "min_price", "max_price", "rating", "reviews_count", "views_count") VALUES ('2026-06-27 03:30:29.872985+00:00'::timestamptz, '2026-06-27 03:30:29.872990+00:00'::timestamptz, 'a1f002e1aa9b4931998c8000467bd3b1'::uuid, 'Test Product', 'test-product', '', NULL, '', '', '', 'active', false, '2026-06-27 03:30:29.872908+00:00'::timestamptz, 14, 52, NULL, 500.00, 100.00, 0.00, 0, 0) RETURNING "catalog_product"."id"
2026-06-27 08:30:29 +05 РћРЁРР‘РљРђ:  РЅРѕРІР°СЏ СЃС‚СЂРѕРєР° РІ РѕС‚РЅРѕС€РµРЅРёРё "catalog_product" РЅР°СЂСѓС€Р°РµС‚ РѕРіСЂР°РЅРёС‡РµРЅРёРµ-РїСЂРѕРІРµСЂРєСѓ "product_rating_range"
2026-06-27 08:30:29 +05 РџРћР”Р РћР‘РќРћРЎРўР:  РћС€РёР±РѕС‡РЅР°СЏ СЃС‚СЂРѕРєР° СЃРѕРґРµСЂР¶РёС‚ (25, 2026-06-27 03:30:29.887708+00, 2026-06-27 03:30:29.887713+00, 9d54590b-d890-4dba-b578-515835ac989e, Test Product, test-product, , null, , , , active, f, 2026-06-27 03:30:29.887625+00, null, null, -0.01, 0, 0, 14, 52, null).
2026-06-27 08:30:29 +05 РћРџР•Р РђРўРћР :  INSERT INTO "catalog_product" ("created_at", "updated_at", "uuid", "name", "slug", "description", "search_vector", "meta_title", "meta_description", "manufacturer_code", "status", "is_featured", "published_at", "brand_id", "primary_category_id", "main_image_id", "min_price", "max_price", "rating", "reviews_count", "views_count") VALUES ('2026-06-27 03:30:29.887708+00:00'::timestamptz, '2026-06-27 03:30:29.887713+00:00'::timestamptz, '9d54590bd8904dbab578515835ac989e'::uuid, 'Test Product', 'test-product', '', NULL, '', '', '', 'active', false, '2026-06-27 03:30:29.887625+00:00'::timestamptz, 14, 52, NULL, NULL, NULL,  -0.01, 0, 0) RETURNING "catalog_product"."id"
2026-06-27 08:30:29 +05 РћРЁРР‘РљРђ:  РЅРѕРІР°СЏ СЃС‚СЂРѕРєР° РІ РѕС‚РЅРѕС€РµРЅРёРё "catalog_product" РЅР°СЂСѓС€Р°РµС‚ РѕРіСЂР°РЅРёС‡РµРЅРёРµ-РїСЂРѕРІРµСЂРєСѓ "product_rating_range"
2026-06-27 08:30:29 +05 РџРћР”Р РћР‘РќРћРЎРўР:  РћС€РёР±РѕС‡РЅР°СЏ СЃС‚СЂРѕРєР° СЃРѕРґРµСЂР¶РёС‚ (26, 2026-06-27 03:30:29.888998+00, 2026-06-27 03:30:29.889003+00, a4e4f2bc-ff67-4cb3-ad6d-02a2546bd5c2, Test Product, test-product, , null, , , , active, f, 2026-06-27 03:30:29.88891+00, null, null, 5.01, 0, 0, 14, 52, null).
2026-06-27 08:30:29 +05 РћРџР•Р РђРўРћР :  INSERT INTO "catalog_product" ("created_at", "updated_at", "uuid", "name", "slug", "description", "search_vector", "meta_title", "meta_description", "manufacturer_code", "status", "is_featured", "published_at", "brand_id", "primary_category_id", "main_image_id", "min_price", "max_price", "rating", "reviews_count", "views_count") VALUES ('2026-06-27 03:30:29.888998+00:00'::timestamptz, '2026-06-27 03:30:29.889003+00:00'::timestamptz, 'a4e4f2bcff674cb3ad6d02a2546bd5c2'::uuid, 'Test Product', 'test-product', '', NULL, '', '', '', 'active', false, '2026-06-27 03:30:29.888910+00:00'::timestamptz, 14, 52, NULL, NULL, NULL, 5.01, 0, 0) RETURNING "catalog_product"."id"
2026-06-27 08:30:29 +05 РћРЁРР‘РљРђ:  РїРѕРІС‚РѕСЂСЏСЋС‰РµРµСЃСЏ Р·РЅР°С‡РµРЅРёРµ РєР»СЋС‡Р° РЅР°СЂСѓС€Р°РµС‚ РѕРіСЂР°РЅРёС‡РµРЅРёРµ СѓРЅРёРєР°Р»СЊРЅРѕСЃС‚Рё "catalog_tag_name_key"
2026-06-27 08:30:29 +05 РџРћР”Р РћР‘РќРћРЎРўР:  РљР»СЋС‡ "(name)=(РЅРѕРІРёРЅРєР°)" СѓР¶Рµ СЃСѓС‰РµСЃС‚РІСѓРµС‚.
2026-06-27 08:30:29 +05 РћРџР•Р РђРўРћР :  INSERT INTO "catalog_tag" ("created_at", "updated_at", "name", "slug", "is_active") VALUES ('2026-06-27 03:30:29.973724+00:00'::timestamptz, '2026-06-27 03:30:29.973729+00:00'::timestamptz, 'РЅРѕРІРёРЅРєР°', 'item-2', true) RETURNING "catalog_tag"."id"
2026-06-27 08:30:35 +05 РћРЁРР‘РљРђ:  РЅРѕРІР°СЏ СЃС‚СЂРѕРєР° РІ РѕС‚РЅРѕС€РµРЅРёРё "cart_cartitem" РЅР°СЂСѓС€Р°РµС‚ РѕРіСЂР°РЅРёС‡РµРЅРёРµ-РїСЂРѕРІРµСЂРєСѓ "cartitem_quantity_range"
2026-06-27 08:30:35 +05 РџРћР”Р РћР‘РќРћРЎРўР:  РћС€РёР±РѕС‡РЅР°СЏ СЃС‚СЂРѕРєР° СЃРѕРґРµСЂР¶РёС‚ (31, 2026-06-27 03:30:35.300503+00, 2026-06-27 03:30:35.300508+00, 0, 38, 43).
2026-06-27 08:30:35 +05 РћРџР•Р РђРўРћР :  INSERT INTO "cart_cartitem" ("created_at", "updated_at", "cart_id", "variant_id", "quantity") VALUES ('2026-06-27 03:30:35.300503+00:00'::timestamptz, '2026-06-27 03:30:35.300508+00:00'::timestamptz, 38, 43, 0) RETURNING "cart_cartitem"."id"
2026-06-27 08:30:35 +05 РћРЁРР‘РљРђ:  РЅРѕРІР°СЏ СЃС‚СЂРѕРєР° РІ РѕС‚РЅРѕС€РµРЅРёРё "cart_cartitem" РЅР°СЂСѓС€Р°РµС‚ РѕРіСЂР°РЅРёС‡РµРЅРёРµ-РїСЂРѕРІРµСЂРєСѓ "cartitem_quantity_range"
2026-06-27 08:30:35 +05 РџРћР”Р РћР‘РќРћРЎРўР:  РћС€РёР±РѕС‡РЅР°СЏ СЃС‚СЂРѕРєР° СЃРѕРґРµСЂР¶РёС‚ (32, 2026-06-27 03:30:35.30265+00, 2026-06-27 03:30:35.302655+00, 1000, 39, 43).
2026-06-27 08:30:35 +05 РћРџР•Р РђРўРћР :  INSERT INTO "cart_cartitem" ("created_at", "updated_at", "cart_id", "variant_id", "quantity") VALUES ('2026-06-27 03:30:35.302650+00:00'::timestamptz, '2026-06-27 03:30:35.302655+00:00'::timestamptz, 39, 43, 1000) RETURNING "cart_cartitem"."id"
2026-06-27 08:30:35 +05 РћРЁРР‘РљРђ:  РїРѕРІС‚РѕСЂСЏСЋС‰РµРµСЃСЏ Р·РЅР°С‡РµРЅРёРµ РєР»СЋС‡Р° РЅР°СЂСѓС€Р°РµС‚ РѕРіСЂР°РЅРёС‡РµРЅРёРµ СѓРЅРёРєР°Р»СЊРЅРѕСЃС‚Рё "unique_cart_variant"
2026-06-27 08:30:35 +05 РџРћР”Р РћР‘РќРћРЎРўР:  РљР»СЋС‡ "(cart_id, variant_id)=(45, 43)" СѓР¶Рµ СЃСѓС‰РµСЃС‚РІСѓРµС‚.
2026-06-27 08:30:35 +05 РћРџР•Р РђРўРћР :  INSERT INTO "cart_cartitem" ("created_at", "updated_at", "cart_id", "variant_id", "quantity") VALUES ('2026-06-27 03:30:35.312002+00:00'::timestamptz, '2026-06-27 03:30:35.312006+00:00'::timestamptz, 45, 43, 2) RETURNING "cart_cartitem"."id"
2026-06-27 08:30:35 +05 РћРЁРР‘РљРђ:  РЅРѕРІР°СЏ СЃС‚СЂРѕРєР° РІ РѕС‚РЅРѕС€РµРЅРёРё "cart_cart" РЅР°СЂСѓС€Р°РµС‚ РѕРіСЂР°РЅРёС‡РµРЅРёРµ-РїСЂРѕРІРµСЂРєСѓ "cart_owner_required"
2026-06-27 08:30:35 +05 РџРћР”Р РћР‘РќРћРЎРўР:  РћС€РёР±РѕС‡РЅР°СЏ СЃС‚СЂРѕРєР° СЃРѕРґРµСЂР¶РёС‚ (53, 2026-06-27 03:30:35.695773+00, 2026-06-27 03:30:35.695779+00, null, t, null).
2026-06-27 08:30:35 +05 РћРџР•Р РђРўРћР :  INSERT INTO "cart_cart" ("created_at", "updated_at", "user_id", "session_key_hash", "is_active") VALUES ('2026-06-27 03:30:35.695773+00:00'::timestamptz, '2026-06-27 03:30:35.695779+00:00'::timestamptz, NULL, NULL, true) RETURNING "cart_cart"."id"
2026-06-27 08:30:35 +05 РћРЁРР‘РљРђ:  РїРѕРІС‚РѕСЂСЏСЋС‰РµРµСЃСЏ Р·РЅР°С‡РµРЅРёРµ РєР»СЋС‡Р° РЅР°СЂСѓС€Р°РµС‚ РѕРіСЂР°РЅРёС‡РµРЅРёРµ СѓРЅРёРєР°Р»СЊРЅРѕСЃС‚Рё "unique_active_user_cart"
2026-06-27 08:30:35 +05 РџРћР”Р РћР‘РќРћРЎРўР:  РљР»СЋС‡ "(user_id)=(23)" СѓР¶Рµ СЃСѓС‰РµСЃС‚РІСѓРµС‚.
2026-06-27 08:30:35 +05 РћРџР•Р РђРўРћР :  INSERT INTO "cart_cart" ("created_at", "updated_at", "user_id", "session_key_hash", "is_active") VALUES ('2026-06-27 03:30:35.701055+00:00'::timestamptz, '2026-06-27 03:30:35.701060+00:00'::timestamptz, 23, NULL, true) RETURNING "cart_cart"."id"
2026-06-27 08:30:53 +05 РћРЁРР‘РљРђ:  РЅРѕРІР°СЏ СЃС‚СЂРѕРєР° РІ РѕС‚РЅРѕС€РµРЅРёРё "users_address" РЅР°СЂСѓС€Р°РµС‚ РѕРіСЂР°РЅРёС‡РµРЅРёРµ-РїСЂРѕРІРµСЂРєСѓ "address_recipient_name_required"
2026-06-27 08:30:53 +05 РџРћР”Р РћР‘РќРћРЎРўР:  РћС€РёР±РѕС‡РЅР°СЏ СЃС‚СЂРѕРєР° СЃРѕРґРµСЂР¶РёС‚ (43, 2026-06-27 03:30:53.342097+00, 2026-06-27 03:30:53.342102+00, , Р РѕСЃСЃРёСЏ, , РњРѕСЃРєРІР°, СѓР». РџСѓСЃС‚Р°СЏ, 1, , , f, 63).
2026-06-27 08:30:53 +05 РћРџР•Р РђРўРћР :  INSERT INTO "users_address" ("created_at", "updated_at", "user_id", "recipient_name", "country", "region", "city", "street", "postal_code", "notes", "is_default") VALUES ('2026-06-27 03:30:53.342097+00:00'::timestamptz, '2026-06-27 03:30:53.342102+00:00'::timestamptz, 63, '', 'Р РѕСЃСЃРёСЏ', '', 'РњРѕСЃРєРІР°', 'СѓР». РџСѓСЃС‚Р°СЏ, 1', '', '', false) RETURNING "users_address"."id"
2026-06-27 08:30:54 +05 РћРЁРР‘РљРђ:  РїРѕРІС‚РѕСЂСЏСЋС‰РµРµСЃСЏ Р·РЅР°С‡РµРЅРёРµ РєР»СЋС‡Р° РЅР°СЂСѓС€Р°РµС‚ РѕРіСЂР°РЅРёС‡РµРЅРёРµ СѓРЅРёРєР°Р»СЊРЅРѕСЃС‚Рё "users_user_email_key"
2026-06-27 08:30:54 +05 РџРћР”Р РћР‘РќРћРЎРўР:  РљР»СЋС‡ "(email)=(test@example.com)" СѓР¶Рµ СЃСѓС‰РµСЃС‚РІСѓРµС‚.
2026-06-27 08:30:54 +05 РћРџР•Р РђРўРћР :  INSERT INTO "users_user" ("password", "last_login", "is_superuser", "username", "first_name", "last_name", "is_staff", "is_active", "date_joined", "phone", "email") VALUES ('pbkdf2_sha256$1200000$LFp4hnjf6D5ARXGeQN3YIO$D0QIlqGuQU69BBQfkN2XD90P0m2RmBcRlgtBigeE9V0=', NULL, false, 'duplicate', '', '', false, true, '2026-06-27 03:30:54.037651+00:00'::timestamptz, '', 'test@example.com') RETURNING "users_user"."id"
2026-06-27 08:30:55 +05 РћРЁРР‘РљРђ:  РїРѕРІС‚РѕСЂСЏСЋС‰РµРµСЃСЏ Р·РЅР°С‡РµРЅРёРµ РєР»СЋС‡Р° РЅР°СЂСѓС€Р°РµС‚ РѕРіСЂР°РЅРёС‡РµРЅРёРµ СѓРЅРёРєР°Р»СЊРЅРѕСЃС‚Рё "users_user_username_key"
2026-06-27 08:30:55 +05 РџРћР”Р РћР‘РќРћРЎРўР:  РљР»СЋС‡ "(username)=(testuser)" СѓР¶Рµ СЃСѓС‰РµСЃС‚РІСѓРµС‚.
2026-06-27 08:30:55 +05 РћРџР•Р РђРўРћР :  INSERT INTO "users_user" ("password", "last_login", "is_superuser", "username", "first_name", "last_name", "is_staff", "is_active", "date_joined", "phone", "email") VALUES ('pbkdf2_sha256$1200000$nx40PVfB0BtfCWi6Wr6K9m$VEbiNPRb1DqzCc1RveF++vXhBgwMVBUij+5wtUiQ4xU=', NULL, false, 'testuser', '', '', false, true, '2026-06-27 03:30:55.040292+00:00'::timestamptz, '', 'other@example.com') RETURNING "users_user"."id"
2026-06-27 08:30:55 +05 РћРЁРР‘РљРђ:  РїРѕРІС‚РѕСЂСЏСЋС‰РµРµСЃСЏ Р·РЅР°С‡РµРЅРёРµ РєР»СЋС‡Р° РЅР°СЂСѓС€Р°РµС‚ РѕРіСЂР°РЅРёС‡РµРЅРёРµ СѓРЅРёРєР°Р»СЊРЅРѕСЃС‚Рё "users_profile_user_id_key"
2026-06-27 08:30:55 +05 РџРћР”Р РћР‘РќРћРЎРўР:  РљР»СЋС‡ "(user_id)=(69)" СѓР¶Рµ СЃСѓС‰РµСЃС‚РІСѓРµС‚.
2026-06-27 08:30:55 +05 РћРџР•Р РђРўРћР :  INSERT INTO "users_profile" ("created_at", "updated_at", "user_id", "avatar", "date_of_birth", "gender", "timezone", "language", "email_subscribed") VALUES ('2026-06-27 03:30:55.834737+00:00'::timestamptz, '2026-06-27 03:30:55.834743+00:00'::timestamptz, 69, '', NULL, '', 'UTC', 'ru', false) RETURNING "users_profile"."id"
2026-06-27 08:31:05 +05 РћРЁРР‘РљРђ:  РїРѕРІС‚РѕСЂСЏСЋС‰РµРµСЃСЏ Р·РЅР°С‡РµРЅРёРµ РєР»СЋС‡Р° РЅР°СЂСѓС€Р°РµС‚ РѕРіСЂР°РЅРёС‡РµРЅРёРµ СѓРЅРёРєР°Р»СЊРЅРѕСЃС‚Рё "pricing_price_variant_id_key"
2026-06-27 08:31:05 +05 РџРћР”Р РћР‘РќРћРЎРўР:  РљР»СЋС‡ "(variant_id)=(189)" СѓР¶Рµ СЃСѓС‰РµСЃС‚РІСѓРµС‚.
2026-06-27 08:31:05 +05 РћРџР•Р РђРўРћР :  INSERT INTO "pricing_price" ("created_at", "updated_at", "variant_id", "price", "sale_price", "currency") VALUES ('2026-06-27 03:31:05.228523+00:00'::timestamptz, '2026-06-27 03:31:05.228528+00:00'::timestamptz, 189, 200.00, NULL, 'RUB') RETURNING "pricing_price"."id"
2026-06-27 08:31:05 +05 РћРЁРР‘РљРђ:  РЅРѕРІР°СЏ СЃС‚СЂРѕРєР° РІ РѕС‚РЅРѕС€РµРЅРёРё "pricing_price" РЅР°СЂСѓС€Р°РµС‚ РѕРіСЂР°РЅРёС‡РµРЅРёРµ-РїСЂРѕРІРµСЂРєСѓ "price_gt_zero"
2026-06-27 08:31:05 +05 РџРћР”Р РћР‘РќРћРЎРўР:  РћС€РёР±РѕС‡РЅР°СЏ СЃС‚СЂРѕРєР° СЃРѕРґРµСЂР¶РёС‚ (15, 2026-06-27 03:31:05.230797+00, 2026-06-27 03:31:05.230802+00, 0.00, null, RUB, 189).
2026-06-27 08:31:05 +05 РћРџР•Р РђРўРћР :  INSERT INTO "pricing_price" ("created_at", "updated_at", "variant_id", "price", "sale_price", "currency") VALUES ('2026-06-27 03:31:05.230797+00:00'::timestamptz, '2026-06-27 03:31:05.230802+00:00'::timestamptz, 189, 0.00, NULL, 'RUB') RETURNING "pricing_price"."id"
2026-06-27 08:31:05 +05 РћРЁРР‘РљРђ:  РЅРѕРІР°СЏ СЃС‚СЂРѕРєР° РІ РѕС‚РЅРѕС€РµРЅРёРё "pricing_price" РЅР°СЂСѓС€Р°РµС‚ РѕРіСЂР°РЅРёС‡РµРЅРёРµ-РїСЂРѕРІРµСЂРєСѓ "sale_price_lte_price"
2026-06-27 08:31:05 +05 РџРћР”Р РћР‘РќРћРЎРўР:  РћС€РёР±РѕС‡РЅР°СЏ СЃС‚СЂРѕРєР° СЃРѕРґРµСЂР¶РёС‚ (16, 2026-06-27 03:31:05.231579+00, 2026-06-27 03:31:05.231584+00, 50.00, 60.00, RUB, 189).
2026-06-27 08:31:05 +05 РћРџР•Р РђРўРћР :  INSERT INTO "pricing_price" ("created_at", "updated_at", "variant_id", "price", "sale_price", "currency") VALUES ('2026-06-27 03:31:05.231579+00:00'::timestamptz, '2026-06-27 03:31:05.231584+00:00'::timestamptz, 189, 50.00, 60.00, 'RUB') RETURNING "pricing_price"."id"
2026-06-27 08:31:08 +05 РћРЁРР‘РљРђ:  РЅРѕРІР°СЏ СЃС‚СЂРѕРєР° РІ РѕС‚РЅРѕС€РµРЅРёРё "orders_orderitem" РЅР°СЂСѓС€Р°РµС‚ РѕРіСЂР°РЅРёС‡РµРЅРёРµ-РїСЂРѕРІРµСЂРєСѓ "orderitem_quantity_range"
2026-06-27 08:31:08 +05 РџРћР”Р РћР‘РќРћРЎРўР:  РћС€РёР±РѕС‡РЅР°СЏ СЃС‚СЂРѕРєР° СЃРѕРґРµСЂР¶РёС‚ (2, 2026-06-27 03:31:08.119393+00, 2026-06-27 03:31:08.119397+00, РўРµСЃС‚РѕРІС‹Р№ С‚РѕРІР°СЂ, TEST-SKU-14-0, 1000.00, 0, 14, null).
2026-06-27 08:31:08 +05 РћРџР•Р РђРўРћР :  INSERT INTO "orders_orderitem" ("created_at", "updated_at", "order_id", "variant_id", "product_name", "sku", "unit_price", "quantity") VALUES ('2026-06-27 03:31:08.119393+00:00'::timestamptz, '2026-06-27 03:31:08.119397+00:00'::timestamptz, 14, NULL, 'РўРµСЃС‚РѕРІС‹Р№ С‚РѕРІР°СЂ', 'TEST-SKU-14-0', 1000.00, 0) RETURNING "orders_orderitem"."id"
2026-06-27 08:31:08 +05 РћРЁРР‘РљРђ:  РЅРѕРІР°СЏ СЃС‚СЂРѕРєР° РІ РѕС‚РЅРѕС€РµРЅРёРё "orders_orderitem" РЅР°СЂСѓС€Р°РµС‚ РѕРіСЂР°РЅРёС‡РµРЅРёРµ-РїСЂРѕРІРµСЂРєСѓ "orderitem_quantity_range"
2026-06-27 08:31:08 +05 РџРћР”Р РћР‘РќРћРЎРўР:  РћС€РёР±РѕС‡РЅР°СЏ СЃС‚СЂРѕРєР° СЃРѕРґРµСЂР¶РёС‚ (3, 2026-06-27 03:31:08.122817+00, 2026-06-27 03:31:08.122821+00, РўРµСЃС‚РѕРІС‹Р№ С‚РѕРІР°СЂ, TEST-SKU-15-1000, 1000.00, 1000, 15, null).
2026-06-27 08:31:08 +05 РћРџР•Р РђРўРћР :  INSERT INTO "orders_orderitem" ("created_at", "updated_at", "order_id", "variant_id", "product_name", "sku", "unit_price", "quantity") VALUES ('2026-06-27 03:31:08.122817+00:00'::timestamptz, '2026-06-27 03:31:08.122821+00:00'::timestamptz, 15, NULL, 'РўРµСЃС‚РѕРІС‹Р№ С‚РѕРІР°СЂ', 'TEST-SKU-15-1000', 1000.00, 1000) RETURNING "orders_orderitem"."id"
2026-06-27 08:31:08 +05 РћРЁРР‘РљРђ:  РїРѕРІС‚РѕСЂСЏСЋС‰РµРµСЃСЏ Р·РЅР°С‡РµРЅРёРµ РєР»СЋС‡Р° РЅР°СЂСѓС€Р°РµС‚ РѕРіСЂР°РЅРёС‡РµРЅРёРµ СѓРЅРёРєР°Р»СЊРЅРѕСЃС‚Рё "unique_order_sku"
2026-06-27 08:31:08 +05 РџРћР”Р РћР‘РќРћРЎРўР:  РљР»СЋС‡ "(order_id, sku)=(18, SKU-A)" СѓР¶Рµ СЃСѓС‰РµСЃС‚РІСѓРµС‚.
2026-06-27 08:31:08 +05 РћРџР•Р РђРўРћР :  INSERT INTO "orders_orderitem" ("created_at", "updated_at", "order_id", "variant_id", "product_name", "sku", "unit_price", "quantity") VALUES ('2026-06-27 03:31:08.131470+00:00'::timestamptz, '2026-06-27 03:31:08.131475+00:00'::timestamptz, 18, NULL, 'РўРµСЃС‚РѕРІС‹Р№ С‚РѕРІР°СЂ', 'SKU-A', 1000.00, 1) RETURNING "orders_orderitem"."id"
2026-06-27 08:31:08 +05 РћРЁРР‘РљРђ:  РЅРѕРІР°СЏ СЃС‚СЂРѕРєР° РІ РѕС‚РЅРѕС€РµРЅРёРё "orders_orderitem" РЅР°СЂСѓС€Р°РµС‚ РѕРіСЂР°РЅРёС‡РµРЅРёРµ-РїСЂРѕРІРµСЂРєСѓ "orderitem_unit_price_positive"
2026-06-27 08:31:08 +05 РџРћР”Р РћР‘РќРћРЎРўР:  РћС€РёР±РѕС‡РЅР°СЏ СЃС‚СЂРѕРєР° СЃРѕРґРµСЂР¶РёС‚ (8, 2026-06-27 03:31:08.134139+00, 2026-06-27 03:31:08.134144+00, РўРµСЃС‚РѕРІС‹Р№ С‚РѕРІР°СЂ, TEST-SKU-19-1, 0.00, 1, 19, null).
2026-06-27 08:31:08 +05 РћРџР•Р РђРўРћР :  INSERT INTO "orders_orderitem" ("created_at", "updated_at", "order_id", "variant_id", "product_name", "sku", "unit_price", "quantity") VALUES ('2026-06-27 03:31:08.134139+00:00'::timestamptz, '2026-06-27 03:31:08.134144+00:00'::timestamptz, 19, NULL, 'РўРµСЃС‚РѕРІС‹Р№ С‚РѕРІР°СЂ', 'TEST-SKU-19-1', 0.00, 1) RETURNING "orders_orderitem"."id"
2026-06-27 08:31:08 +05 РћРЁРР‘РљРђ:  РЅРѕРІР°СЏ СЃС‚СЂРѕРєР° РІ РѕС‚РЅРѕС€РµРЅРёРё "orders_order" РЅР°СЂСѓС€Р°РµС‚ РѕРіСЂР°РЅРёС‡РµРЅРёРµ-РїСЂРѕРІРµСЂРєСѓ "order_subtotal_non_negative"
2026-06-27 08:31:08 +05 РџРћР”Р РћР‘РќРћРЎРўР:  РћС€РёР±РѕС‡РЅР°СЏ СЃС‚СЂРѕРєР° СЃРѕРґРµСЂР¶РёС‚ (31, 2026-06-27 03:31:08.186004+00, 2026-06-27 03:31:08.186008+00, pending, ORD-000002, 2, РўРµСЃС‚ РўРµСЃС‚РѕРІ, Р РѕСЃСЃРёСЏ, , РњРѕСЃРєРІР°, СѓР». РўРµСЃС‚РѕРІР°СЏ, Рґ. 1, 123456, -50.00, 0.00, 0.00, 1000.00, , , null, null, null, null, 126).
2026-06-27 08:31:08 +05 РћРџР•Р РђРўРћР :  INSERT INTO "orders_order" ("created_at", "updated_at", "status", "user_id", "order_number", "_order_number_seq", "cart_id", "recipient_name", "country", "region", "city", "street", "postal_code", "subtotal", "delivery_cost", "discount", "total", "notes", "cancellation_reason", "cancelled_at", "confirmed_at", "delivered_at") VALUES ('2026-06-27 03:31:08.186004+00:00'::timestamptz, '2026-06-27 03:31:08.186008+00:00'::timestamptz, 'pending', 126, 'ORD-000002', 2, NULL, 'РўРµСЃС‚ РўРµСЃС‚РѕРІ', 'Р РѕСЃСЃРёСЏ', '', 'РњРѕСЃРєРІР°', 'СѓР». РўРµСЃС‚РѕРІР°СЏ, Рґ. 1', '123456',  -50.00, 0.00, 0.00, 1000.00, '', '', NULL, NULL, NULL) RETURNING "orders_order"."id"
2026-06-27 08:31:08 +05 РћРЁРР‘РљРђ:  РЅРѕРІР°СЏ СЃС‚СЂРѕРєР° РІ РѕС‚РЅРѕС€РµРЅРёРё "orders_order" РЅР°СЂСѓС€Р°РµС‚ РѕРіСЂР°РЅРёС‡РµРЅРёРµ-РїСЂРѕРІРµСЂРєСѓ "order_subtotal_non_negative"
2026-06-27 08:31:08 +05 РџРћР”Р РћР‘РќРћРЎРўР:  РћС€РёР±РѕС‡РЅР°СЏ СЃС‚СЂРѕРєР° СЃРѕРґРµСЂР¶РёС‚ (33, 2026-06-27 03:31:08.189719+00, 2026-06-27 03:31:08.189725+00, pending, ORD-000002, 2, РўРµСЃС‚ РўРµСЃС‚РѕРІ, Р РѕСЃСЃРёСЏ, , РњРѕСЃРєРІР°, СѓР». РўРµСЃС‚РѕРІР°СЏ, Рґ. 1, 123456, -100.00, 0.00, 0.00, -100.00, , , null, null, null, null, 127).
2026-06-27 08:31:08 +05 РћРџР•Р РђРўРћР :  INSERT INTO "orders_order" ("created_at", "updated_at", "status", "user_id", "order_number", "_order_number_seq", "cart_id", "recipient_name", "country", "region", "city", "street", "postal_code", "subtotal", "delivery_cost", "discount", "total", "notes", "cancellation_reason", "cancelled_at", "confirmed_at", "delivered_at") VALUES ('2026-06-27 03:31:08.189719+00:00'::timestamptz, '2026-06-27 03:31:08.189725+00:00'::timestamptz, 'pending', 127, 'ORD-000002', 2, NULL, 'РўРµСЃС‚ РўРµСЃС‚РѕРІ', 'Р РѕСЃСЃРёСЏ', '', 'РњРѕСЃРєРІР°', 'СѓР». РўРµСЃС‚РѕРІР°СЏ, Рґ. 1', '123456',  -100.00, 0.00, 0.00,  -100.00, '', '', NULL, NULL, NULL) RETURNING "orders_order"."id"
2026-06-27 08:31:08 +05 РћРЁРР‘РљРђ:  РїРѕРІС‚РѕСЂСЏСЋС‰РµРµСЃСЏ Р·РЅР°С‡РµРЅРёРµ РєР»СЋС‡Р° РЅР°СЂСѓС€Р°РµС‚ РѕРіСЂР°РЅРёС‡РµРЅРёРµ СѓРЅРёРєР°Р»СЊРЅРѕСЃС‚Рё "inventory_stock_variant_id_key"
2026-06-27 08:31:08 +05 РџРћР”Р РћР‘РќРћРЎРўР:  РљР»СЋС‡ "(variant_id)=(215)" СѓР¶Рµ СЃСѓС‰РµСЃС‚РІСѓРµС‚.
2026-06-27 08:31:08 +05 РћРџР•Р РђРўРћР :  INSERT INTO "inventory_stock" ("created_at", "updated_at", "variant_id", "quantity", "reserved_quantity", "low_stock_threshold") VALUES ('2026-06-27 03:31:08.706547+00:00'::timestamptz, '2026-06-27 03:31:08.706551+00:00'::timestamptz, 215, 50, 0, 5) RETURNING "inventory_stock"."id"
2026-06-27 08:31:08 +05 РћРЁРР‘РљРђ:  РЅРѕРІР°СЏ СЃС‚СЂРѕРєР° РІ РѕС‚РЅРѕС€РµРЅРёРё "inventory_stock" РЅР°СЂСѓС€Р°РµС‚ РѕРіСЂР°РЅРёС‡РµРЅРёРµ-РїСЂРѕРІРµСЂРєСѓ "stock_reserved_lte_quantity"
2026-06-27 08:31:08 +05 РџРћР”Р РћР‘РќРћРЎРўР:  РћС€РёР±РѕС‡РЅР°СЏ СЃС‚СЂРѕРєР° СЃРѕРґРµСЂР¶РёС‚ (18, 2026-06-27 03:31:08.708273+00, 2026-06-27 03:31:08.708558+00, 10, 20, 5, 215).
2026-06-27 08:31:08 +05 РћРџР•Р РђРўРћР :  UPDATE "inventory_stock" SET "created_at" = '2026-06-27 03:31:08.708273+00:00'::timestamptz, "updated_at" = '2026-06-27 03:31:08.708558+00:00'::timestamptz, "variant_id" = 215, "quantity" = 10, "reserved_quantity" = 20, "low_stock_threshold" = 5 WHERE "inventory_stock"."id" = 18
2026-06-27 08:31:09 +05 РћРЁРР‘РљРђ:  РїРѕРІС‚РѕСЂСЏСЋС‰РµРµСЃСЏ Р·РЅР°С‡РµРЅРёРµ РєР»СЋС‡Р° РЅР°СЂСѓС€Р°РµС‚ РѕРіСЂР°РЅРёС‡РµРЅРёРµ СѓРЅРёРєР°Р»СЊРЅРѕСЃС‚Рё "payments_payment_order_number_key"
2026-06-27 08:31:09 +05 РџРћР”Р РћР‘РќРћРЎРўР:  РљР»СЋС‡ "(order_number)=(PAY-000001)" СѓР¶Рµ СЃСѓС‰РµСЃС‚РІСѓРµС‚.
2026-06-27 08:31:09 +05 РћРџР•Р РђРўРћР :  UPDATE "payments_payment" SET "created_at" = '2026-06-27 03:31:09.877275+00:00'::timestamptz, "updated_at" = '2026-06-27 03:31:09.877598+00:00'::timestamptz, "order_id" = 118, "user_id" = 221, "order_number" = 'PAY-000001', "_payment_number_seq" = 2, "status" = 'pending', "method" = 'card', "amount" = 1000.00, "refund_amount" = 0.00, "external_id" = 'mock_2fb3f9987cc143b2', "provider" = 'mock', "paid_at" = NULL, "cancelled_at" = NULL, "refunded_at" = NULL, "note" = '', "refund_reason" = '', "metadata" = '{}'::jsonb WHERE "payments_payment"."id" = 36
2026-06-27 08:31:09 +05 РћРЁРР‘РљРђ:  РЅРѕРІР°СЏ СЃС‚СЂРѕРєР° РІ РѕС‚РЅРѕС€РµРЅРёРё "payments_payment" РЅР°СЂСѓС€Р°РµС‚ РѕРіСЂР°РЅРёС‡РµРЅРёРµ-РїСЂРѕРІРµСЂРєСѓ "payment_refund_lte_amount"
2026-06-27 08:31:09 +05 РџРћР”Р РћР‘РќРћРЎРўР:  РћС€РёР±РѕС‡РЅР°СЏ СЃС‚СЂРѕРєР° СЃРѕРґРµСЂР¶РёС‚ (37, 2026-06-27 03:31:09.881737+00, 2026-06-27 03:31:09.882535+00, PAY-000001, 1, succeeded, card, 1000.00, 1001.00, mock_0182ef62057b4096, mock, null, null, null, , , {}, 119, 222).
2026-06-27 08:31:09 +05 РћРџР•Р РђРўРћР :  UPDATE "payments_payment" SET "created_at" = '2026-06-27 03:31:09.881737+00:00'::timestamptz, "updated_at" = '2026-06-27 03:31:09.882535+00:00'::timestamptz, "order_id" = 119, "user_id" = 222, "order_number" = 'PAY-000001', "_payment_number_seq" = 1, "status" = 'succeeded', "method" = 'card', "amount" = 1000.00, "refund_amount" = 1001.00, "external_id" = 'mock_0182ef62057b4096', "provider" = 'mock', "paid_at" = NULL, "cancelled_at" = NULL, "refunded_at" = NULL, "note" = '', "refund_reason" = '', "metadata" = '{}'::jsonb WHERE "payments_payment"."id" = 37
2026-06-27 08:31:10 +05 РћРЁРР‘РљРђ:  РїРѕРІС‚РѕСЂСЏСЋС‰РµРµСЃСЏ Р·РЅР°С‡РµРЅРёРµ РєР»СЋС‡Р° РЅР°СЂСѓС€Р°РµС‚ РѕРіСЂР°РЅРёС‡РµРЅРёРµ СѓРЅРёРєР°Р»СЊРЅРѕСЃС‚Рё "unique_user_product_review"
2026-06-27 08:31:10 +05 РџРћР”Р РћР‘РќРћРЎРўР:  РљР»СЋС‡ "(user_id, product_id)=(311, 145)" СѓР¶Рµ СЃСѓС‰РµСЃС‚РІСѓРµС‚.
2026-06-27 08:31:10 +05 РћРџР•Р РђРўРћР :  INSERT INTO "reviews_review" ("created_at", "updated_at", "user_id", "product_id", "rating", "title", "text", "verified_purchase", "is_approved", "helpful_yes", "helpful_no") VALUES ('2026-06-27 03:31:10.901540+00:00'::timestamptz, '2026-06-27 03:31:10.901545+00:00'::timestamptz, 311, 145, 5, 'РћС‚Р»РёС‡РЅС‹Р№ С‚РѕРІР°СЂ', 'РћС‡РµРЅСЊ РїРѕРЅСЂР°РІРёР»СЃСЏ, СЂРµРєРѕРјРµРЅРґСѓСЋ РІСЃРµРј!', false, true, 0, 0) RETURNING "reviews_review"."id"
2026-06-27 08:31:11 +05 РћРЁРР‘РљРђ:  РїРѕРІС‚РѕСЂСЏСЋС‰РµРµСЃСЏ Р·РЅР°С‡РµРЅРёРµ РєР»СЋС‡Р° РЅР°СЂСѓС€Р°РµС‚ РѕРіСЂР°РЅРёС‡РµРЅРёРµ СѓРЅРёРєР°Р»СЊРЅРѕСЃС‚Рё "discounts_coupon_code_key"
2026-06-27 08:31:11 +05 РџРћР”Р РћР‘РќРћРЎРўР:  РљР»СЋС‡ "(code)=(UNIQUE)" СѓР¶Рµ СЃСѓС‰РµСЃС‚РІСѓРµС‚.
2026-06-27 08:31:11 +05 РћРџР•Р РђРўРћР :  INSERT INTO "discounts_coupon" ("created_at", "updated_at", "code", "description", "discount_type", "discount_value", "max_discount", "min_order_amount", "max_total_uses", "max_uses_per_user", "times_used", "started_at", "ended_at", "campaign_id", "is_active") VALUES ('2026-06-27 03:31:11.740356+00:00'::timestamptz, '2026-06-27 03:31:11.740359+00:00'::timestamptz, 'UNIQUE', '', 'percent', 10.00, NULL, 0.00, 100, 1, 0, '2026-06-27 03:31:11.740275+00:00'::timestamptz, '2026-07-27 03:31:11.740275+00:00'::timestamptz, NULL, true) RETURNING "discounts_coupon"."id"
2026-06-27 08:31:12 +05 РћРЁРР‘РљРђ:  РїРѕРІС‚РѕСЂСЏСЋС‰РµРµСЃСЏ Р·РЅР°С‡РµРЅРёРµ РєР»СЋС‡Р° РЅР°СЂСѓС€Р°РµС‚ РѕРіСЂР°РЅРёС‡РµРЅРёРµ СѓРЅРёРєР°Р»СЊРЅРѕСЃС‚Рё "shipping_shippingzone_zone_code_key"
2026-06-27 08:31:12 +05 РџРћР”Р РћР‘РќРћРЎРўР:  РљР»СЋС‡ "(zone_code)=(msk)" СѓР¶Рµ СЃСѓС‰РµСЃС‚РІСѓРµС‚.
2026-06-27 08:31:12 +05 РћРџР•Р РђРўРћР :  INSERT INTO "shipping_shippingzone" ("created_at", "updated_at", "name", "zone_code", "regions", "is_active") VALUES ('2026-06-27 03:31:12.425794+00:00'::timestamptz, '2026-06-27 03:31:12.425798+00:00'::timestamptz, 'РњРѕСЃРєРІР° Рё РњРћ', 'msk',  E'["\\u041c\\u043e\\u0441\\u043a\\u0432\\u0430", "\\u041c\\u043e\\u0441\\u043a\\u043e\\u0432\\u0441\\u043a\\u0430\\u044f \\u043e\\u0431\\u043b\\u0430\\u0441\\u0442\\u044c"]'::jsonb, true) RETURNING "shipping_shippingzone"."id"
2026-06-27 08:31:12 +05 РћРЁРР‘РљРђ:  РїРѕРІС‚РѕСЂСЏСЋС‰РµРµСЃСЏ Р·РЅР°С‡РµРЅРёРµ РєР»СЋС‡Р° РЅР°СЂСѓС€Р°РµС‚ РѕРіСЂР°РЅРёС‡РµРЅРёРµ СѓРЅРёРєР°Р»СЊРЅРѕСЃС‚Рё "shipping_shippingzone_zone_code_key"
2026-06-27 08:31:12 +05 РџРћР”Р РћР‘РќРћРЎРўР:  РљР»СЋС‡ "(zone_code)=(central)" СѓР¶Рµ СЃСѓС‰РµСЃС‚РІСѓРµС‚.
2026-06-27 08:31:12 +05 РћРџР•Р РђРўРћР :  INSERT INTO "shipping_shippingzone" ("created_at", "updated_at", "name", "zone_code", "regions", "is_active") VALUES ('2026-06-27 03:31:12.499429+00:00'::timestamptz, '2026-06-27 03:31:12.499433+00:00'::timestamptz, 'РњРѕСЃРєРІР° Рё РњРћ', 'central',  E'["\\u041c\\u043e\\u0441\\u043a\\u0432\\u0430", "\\u041c\\u043e\\u0441\\u043a\\u043e\\u0432\\u0441\\u043a\\u0430\\u044f \\u043e\\u0431\\u043b\\u0430\\u0441\\u0442\\u044c"]'::jsonb, true) RETURNING "shipping_shippingzone"."id"
2026-06-27 08:31:14 +05 РћРЁРР‘РљРђ:  РїРѕРІС‚РѕСЂСЏСЋС‰РµРµСЃСЏ Р·РЅР°С‡РµРЅРёРµ РєР»СЋС‡Р° РЅР°СЂСѓС€Р°РµС‚ РѕРіСЂР°РЅРёС‡РµРЅРёРµ СѓРЅРёРєР°Р»СЊРЅРѕСЃС‚Рё "wishlist_item_unique_variant"
2026-06-27 08:31:14 +05 РџРћР”Р РћР‘РќРћРЎРўР:  РљР»СЋС‡ "(wishlist_id, variant_id)=(12, 270)" СѓР¶Рµ СЃСѓС‰РµСЃС‚РІСѓРµС‚.
2026-06-27 08:31:14 +05 РћРџР•Р РђРўРћР :  INSERT INTO "wishlist_wishlistitem" ("created_at", "updated_at", "wishlist_id", "variant_id", "note", "sort_order") VALUES ('2026-06-27 03:31:14.149137+00:00'::timestamptz, '2026-06-27 03:31:14.149141+00:00'::timestamptz, 12, 270, '', 100) RETURNING "wishlist_wishlistitem"."id"
2026-06-27 08:31:14 +05 РћРЁРР‘РљРђ:  РїРѕРІС‚РѕСЂСЏСЋС‰РµРµСЃСЏ Р·РЅР°С‡РµРЅРёРµ РєР»СЋС‡Р° РЅР°СЂСѓС€Р°РµС‚ РѕРіСЂР°РЅРёС‡РµРЅРёРµ СѓРЅРёРєР°Р»СЊРЅРѕСЃС‚Рё "wishlist_wishlist_user_id_key"
2026-06-27 08:31:14 +05 РџРћР”Р РћР‘РќРћРЎРўР:  РљР»СЋС‡ "(user_id)=(500)" СѓР¶Рµ СЃСѓС‰РµСЃС‚РІСѓРµС‚.
2026-06-27 08:31:14 +05 РћРџР•Р РђРўРћР :  INSERT INTO "wishlist_wishlist" ("created_at", "updated_at", "user_id", "items_count") VALUES ('2026-06-27 03:31:14.192772+00:00'::timestamptz, '2026-06-27 03:31:14.192777+00:00'::timestamptz, 500, 0) RETURNING "wishlist_wishlist"."id"
2026-06-27 08:31:16 +05 СООБЩЕНИЕ:  начата контрольная точка: immediate force wait
2026-06-27 08:31:16 +05 СООБЩЕНИЕ:  контрольная точка завершена: записано буферов: 3 (0.0%), записано SLRU-буферов: 7; добавлено файлов WAL 0, удалено: 0, переработано: 1; запись=0.003 сек., синхр.=0.206 сек., всего=0.397 сек.; синхронизировано_файлов=6, самая_долгая_синхр.=0.051 сек., средняя=0.035 сек.; расстояние=11521 КБ, ожидалось=11521 КБ; lsn=0/16265660, lsn redo=0/16265608
2026-06-27 08:36:16 +05 СООБЩЕНИЕ:  начата контрольная точка: time
2026-06-27 08:36:17 +05 СООБЩЕНИЕ:  контрольная точка завершена: записано буферов: 1 (0.0%), записано SLRU-буферов: 1; добавлено файлов WAL 0, удалено: 0, переработано: 0; запись=0.102 сек., синхр.=0.078 сек., всего=0.301 сек.; синхронизировано_файлов=2, самая_долгая_синхр.=0.046 сек., средняя=0.039 сек.; расстояние=2 КБ, ожидалось=10369 КБ; lsn=0/16266028, lsn redo=0/16265FB8
2026-06-27 18:16:16 +05 СООБЩЕНИЕ:  начата контрольная точка: time
2026-06-27 18:16:17 +05 СООБЩЕНИЕ:  контрольная точка завершена: записано буферов: 5 (0.0%), записано SLRU-буферов: 1; добавлено файлов WAL 0, удалено: 0, переработано: 0; запись=0.549 сек., синхр.=0.167 сек., всего=0.848 сек.; синхронизировано_файлов=6, самая_долгая_синхр.=0.041 сек., средняя=0.028 сек.; расстояние=3 КБ, ожидалось=9333 КБ; lsn=0/16266F60, lsn redo=0/16266F08
2026-06-27 18:36:16 +05 СООБЩЕНИЕ:  начата контрольная точка: time
2026-06-27 18:36:20 +05 СООБЩЕНИЕ:  контрольная точка завершена: записано буферов: 27 (0.2%), записано SLRU-буферов: 1; добавлено файлов WAL 0, удалено: 0, переработано: 0; запись=2.992 сек., синхр.=0.324 сек., всего=3.431 сек.; синхронизировано_файлов=18, самая_долгая_синхр.=0.132 сек., средняя=0.018 сек.; расстояние=9 КБ, ожидалось=8400 КБ; lsn=0/16269550, lsn redo=0/162694F8
2026-06-27 18:37:19 +05 РћРЁРР‘РљРђ:  Р·РЅР°С‡РµРЅРёРµ NULL РІ СЃС‚РѕР»Р±С†Рµ "depth" РѕС‚РЅРѕС€РµРЅРёСЏ "catalog_category" РЅР°СЂСѓС€Р°РµС‚ РѕРіСЂР°РЅРёС‡РµРЅРёРµ NOT NULL
2026-06-27 18:37:19 +05 РџРћР”Р РћР‘РќРћРЎРўР:  РћС€РёР±РѕС‡РЅР°СЏ СЃС‚СЂРѕРєР° СЃРѕРґРµСЂР¶РёС‚ (1, 2026-06-27 13:37:19.227135+00, 2026-06-27 13:37:19.227143+00, , null, 0, Р­Р»РµРєС‚СЂРѕРЅРёРєР°, item, Р¦РёС„СЂРѕРІС‹Рµ С‚РѕРІР°СЂС‹, categories/2026/06/РЎРЅРёРјРѕРє_СЌРєСЂР°РЅР°_2026-06-27_083954.p..., t, MSI РЎРёСЃС‚РµРјРЅС‹Р№ Р±Р»РѕРє (Intel Core i5-14400, RAM 16 Р“..., MSI РЎРёСЃС‚РµРјРЅС‹Р№ Р±Р»РѕРє (Intel Core i5-14400, RAM 16 Р“..., , ).
2026-06-27 18:37:19 +05 РћРџР•Р РђРўРћР :  INSERT INTO "catalog_category" ("created_at", "updated_at", "path", "depth", "numchild", "name", "slug", "description", "image", "is_active", "meta_title", "meta_description", "url_path", "full_name_cached") VALUES ('2026-06-27 13:37:19.227135+00:00'::timestamptz, '2026-06-27 13:37:19.227143+00:00'::timestamptz, '', NULL, 0, 'Р­Р»РµРєС‚СЂРѕРЅРёРєР°', 'item', 'Р¦РёС„СЂРѕРІС‹Рµ С‚РѕРІР°СЂС‹', 'categories/2026/06/РЎРЅРёРјРѕРє_СЌРєСЂР°РЅР°_2026-06-27_083954.png', true, 'MSI РЎРёСЃС‚РµРјРЅС‹Р№ Р±Р»РѕРє (Intel Core i5-14400, RAM 16 Р“Р‘, SSD 512 Р“Р‘, Intel UHD Graphics, DOS), 9S6-B20821-082, С‡РµСЂРЅС‹Р№', 'MSI РЎРёСЃС‚РµРјРЅС‹Р№ Р±Р»РѕРє (Intel Core i5-14400, RAM 16 Р“Р‘, SSD 512 Р“Р‘, Intel UHD Graphics, DOS), 9S6-B20821-082, С‡РµСЂРЅС‹Р№', '', '') RETURNING "catalog_category"."id"
2026-06-27 18:38:46 +05 РћРЁРР‘РљРђ:  Р·РЅР°С‡РµРЅРёРµ NULL РІ СЃС‚РѕР»Р±С†Рµ "depth" РѕС‚РЅРѕС€РµРЅРёСЏ "catalog_category" РЅР°СЂСѓС€Р°РµС‚ РѕРіСЂР°РЅРёС‡РµРЅРёРµ NOT NULL
2026-06-27 18:38:46 +05 РџРћР”Р РћР‘РќРћРЎРўР:  РћС€РёР±РѕС‡РЅР°СЏ СЃС‚СЂРѕРєР° СЃРѕРґРµСЂР¶РёС‚ (2, 2026-06-27 13:38:46.596977+00, 2026-06-27 13:38:46.596986+00, , null, 0, Р­Р»РµРєС‚СЂРѕРЅРёРєР°, item, Р¦РёС„СЂРѕРІС‹Рµ С‚РѕРІР°СЂС‹, categories/2026/06/РЎРЅРёРјРѕРє_СЌРєСЂР°РЅР°_2026-06-27_083954_n..., t, MSI, MSI РїСЂРѕРґСѓРєС‚С‹, , ).
2026-06-27 18:38:46 +05 РћРџР•Р РђРўРћР :  INSERT INTO "catalog_category" ("created_at", "updated_at", "path", "depth", "numchild", "name", "slug", "description", "image", "is_active", "meta_title", "meta_description", "url_path", "full_name_cached") VALUES ('2026-06-27 13:38:46.596977+00:00'::timestamptz, '2026-06-27 13:38:46.596986+00:00'::timestamptz, '', NULL, 0, 'Р­Р»РµРєС‚СЂРѕРЅРёРєР°', 'item', 'Р¦РёС„СЂРѕРІС‹Рµ С‚РѕРІР°СЂС‹', 'categories/2026/06/РЎРЅРёРјРѕРє_СЌРєСЂР°РЅР°_2026-06-27_083954_ncgvLa8.png', true, 'MSI', 'MSI РїСЂРѕРґСѓРєС‚С‹', '', '') RETURNING "catalog_category"."id"
2026-06-27 18:41:16 +05 СООБЩЕНИЕ:  начата контрольная точка: time
2026-06-27 18:41:16 +05 СООБЩЕНИЕ:  контрольная точка завершена: записано буферов: 1 (0.0%), записано SLRU-буферов: 1; добавлено файлов WAL 0, удалено: 0, переработано: 0; запись=0.106 сек., синхр.=0.069 сек., всего=0.317 сек.; синхронизировано_файлов=2, самая_долгая_синхр.=0.047 сек., средняя=0.035 сек.; расстояние=0 КБ, ожидалось=7560 КБ; lsn=0/16269720, lsn redo=0/162696C8
2026-06-27 18:51:16 +05 СООБЩЕНИЕ:  начата контрольная точка: time
2026-06-27 18:51:22 +05 СООБЩЕНИЕ:  контрольная точка завершена: записано буферов: 44 (0.3%), записано SLRU-буферов: 2; добавлено файлов WAL 0, удалено: 0, переработано: 0; запись=4.902 сек., синхр.=0.418 сек., всего=5.448 сек.; синхронизировано_файлов=29, самая_долгая_синхр.=0.050 сек., средняя=0.015 сек.; расстояние=9 КБ, ожидалось=6805 КБ; lsn=0/1626BE30, lsn redo=0/1626BDA0
2026-06-27 18:56:16 +05 СООБЩЕНИЕ:  начата контрольная точка: time
2026-06-27 18:56:31 +05 СООБЩЕНИЕ:  контрольная точка завершена: записано буферов: 131 (0.8%), записано SLRU-буферов: 2; добавлено файлов WAL 0, удалено: 0, переработано: 0; запись=14.579 сек., синхр.=0.903 сек., всего=15.613 сек.; синхронизировано_файлов=86, самая_долгая_синхр.=0.056 сек., средняя=0.011 сек.; расстояние=71 КБ, ожидалось=6132 КБ; lsn=0/1627DC80, lsn redo=0/1627DBF0
2026-06-27 19:01:16 +05 СООБЩЕНИЕ:  начата контрольная точка: time
2026-06-27 19:01:22 +05 СООБЩЕНИЕ:  контрольная точка завершена: записано буферов: 44 (0.3%), записано SLRU-буферов: 1; добавлено файлов WAL 0, удалено: 0, переработано: 0; запись=4.866 сек., синхр.=0.549 сек., всего=5.535 сек.; синхронизировано_файлов=42, самая_долгая_синхр.=0.051 сек., средняя=0.014 сек.; расстояние=50 КБ, ожидалось=5524 КБ; lsn=0/1628C7A0, lsn redo=0/1628A588
2026-06-27 19:06:16 +05 СООБЩЕНИЕ:  начата контрольная точка: time
2026-06-27 19:06:17 +05 СООБЩЕНИЕ:  контрольная точка завершена: записано буферов: 9 (0.1%), записано SLRU-буферов: 1; добавлено файлов WAL 0, удалено: 0, переработано: 0; запись=0.999 сек., синхр.=0.359 сек., всего=1.490 сек.; синхронизировано_файлов=10, самая_долгая_синхр.=0.051 сек., средняя=0.036 сек.; расстояние=8 КБ, ожидалось=4972 КБ; lsn=0/1628C9C8, lsn redo=0/1628C970
2026-06-27 19:21:16 +05 СООБЩЕНИЕ:  начата контрольная точка: time
2026-06-27 19:21:21 +05 СООБЩЕНИЕ:  контрольная точка завершена: записано буферов: 35 (0.2%), записано SLRU-буферов: 1; добавлено файлов WAL 0, удалено: 0, переработано: 0; запись=3.867 сек., синхр.=0.574 сек., всего=4.572 сек.; синхронизировано_файлов=34, самая_долгая_синхр.=0.058 сек., средняя=0.017 сек.; расстояние=57 КБ, ожидалось=4481 КБ; lsn=0/1629B008, lsn redo=0/1629AF78
2026-06-27 19:26:16 +05 СООБЩЕНИЕ:  начата контрольная точка: time
2026-06-27 19:26:17 +05 СООБЩЕНИЕ:  контрольная точка завершена: записано буферов: 10 (0.1%), записано SLRU-буферов: 1; добавлено файлов WAL 0, удалено: 0, переработано: 0; запись=1.139 сек., синхр.=0.410 сек., всего=1.662 сек.; синхронизировано_файлов=11, самая_долгая_синхр.=0.051 сек., средняя=0.038 сек.; расстояние=10 КБ, ожидалось=4033 КБ; lsn=0/1629DA40, lsn redo=0/1629D9E8
2026-06-27 20:21:17 +05 СООБЩЕНИЕ:  начата контрольная точка: time
2026-06-27 20:21:19 +05 СООБЩЕНИЕ:  контрольная точка завершена: записано буферов: 18 (0.1%), записано SLRU-буферов: 2; добавлено файлов WAL 0, удалено: 0, переработано: 0; запись=2.002 сек., синхр.=0.197 сек., всего=2.331 сек.; синхронизировано_файлов=19, самая_долгая_синхр.=0.042 сек., средняя=0.011 сек.; расстояние=13 КБ, ожидалось=3631 КБ; lsn=0/162A0E90, lsn redo=0/162A0E38
2026-06-27 20:26:17 +05 СООБЩЕНИЕ:  начата контрольная точка: time
2026-06-27 20:26:20 +05 СООБЩЕНИЕ:  контрольная точка завершена: записано буферов: 18 (0.1%), записано SLRU-буферов: 2; добавлено файлов WAL 0, удалено: 0, переработано: 0; запись=1.990 сек., синхр.=0.658 сек., всего=2.785 сек.; синхронизировано_файлов=19, самая_долгая_синхр.=0.057 сек., средняя=0.035 сек.; расстояние=14 КБ, ожидалось=3270 КБ; lsn=0/162A4910, lsn redo=0/162A48B8
2026-06-27 21:51:17 +05 СООБЩЕНИЕ:  начата контрольная точка: time
2026-06-27 21:51:20 +05 СООБЩЕНИЕ:  контрольная точка завершена: записано буферов: 18 (0.1%), записано SLRU-буферов: 4; добавлено файлов WAL 0, удалено: 0, переработано: 0; запись=1.990 сек., синхр.=0.701 сек., всего=2.810 сек.; синхронизировано_файлов=21, самая_долгая_синхр.=0.058 сек., средняя=0.034 сек.; расстояние=23 КБ, ожидалось=2945 КБ; lsn=0/162AA658, lsn redo=0/162AA600
2026-06-27 21:56:17 +05 СООБЩЕНИЕ:  начата контрольная точка: time
2026-06-27 21:56:24 +05 СООБЩЕНИЕ:  контрольная точка завершена: записано буферов: 59 (0.4%), записано SLRU-буферов: 1; добавлено файлов WAL 0, удалено: 0, переработано: 0; запись=6.585 сек., синхр.=0.606 сек., всего=7.324 сек.; синхронизировано_файлов=54, самая_долгая_синхр.=0.051 сек., средняя=0.012 сек.; расстояние=99 КБ, ожидалось=2660 КБ; lsn=0/162C3318, lsn redo=0/162C32C0
2026-06-27 22:06:17 +05 СООБЩЕНИЕ:  начата контрольная точка: time
2026-06-27 22:06:27 +05 СООБЩЕНИЕ:  контрольная точка завершена: записано буферов: 85 (0.5%), записано SLRU-буферов: 1; добавлено файлов WAL 0, удалено: 0, переработано: 0; запись=9.418 сек., синхр.=0.735 сек., всего=10.267 сек.; синхронизировано_файлов=68, самая_долгая_синхр.=0.051 сек., средняя=0.011 сек.; расстояние=138 КБ, ожидалось=2408 КБ; lsn=0/162E5B80, lsn redo=0/162E5AF0
2026-06-27 22:36:17 +05 СООБЩЕНИЕ:  начата контрольная точка: time
2026-06-27 22:36:25 +05 СООБЩЕНИЕ:  контрольная точка завершена: записано буферов: 59 (0.4%), записано SLRU-буферов: 1; добавлено файлов WAL 0, удалено: 0, переработано: 0; запись=6.592 сек., синхр.=0.723 сек., всего=7.459 сек.; синхронизировано_файлов=56, самая_долгая_синхр.=0.051 сек., средняя=0.013 сек.; расстояние=91 КБ, ожидалось=2176 КБ; lsn=0/162FCA28, lsn redo=0/162FC998
2026-06-27 22:41:17 +05 СООБЩЕНИЕ:  начата контрольная точка: time
2026-06-27 22:41:25 +05 СООБЩЕНИЕ:  контрольная точка завершена: записано буферов: 68 (0.4%), записано SLRU-буферов: 4; добавлено файлов WAL 0, удалено: 0, переработано: 0; запись=7.473 сек., синхр.=0.692 сек., всего=8.299 сек.; синхронизировано_файлов=66, самая_долгая_синхр.=0.051 сек., средняя=0.011 сек.; расстояние=111 КБ, ожидалось=1970 КБ; lsn=0/16318830, lsn redo=0/163187A0
2026-06-27 22:47:42 +05 РћРЁРР‘РљРђ:  РїРѕРІС‚РѕСЂСЏСЋС‰РµРµСЃСЏ Р·РЅР°С‡РµРЅРёРµ РєР»СЋС‡Р° РЅР°СЂСѓС€Р°РµС‚ РѕРіСЂР°РЅРёС‡РµРЅРёРµ СѓРЅРёРєР°Р»СЊРЅРѕСЃС‚Рё "unique_attribute_value"
2026-06-27 22:47:42 +05 РџРћР”Р РћР‘РќРћРЎРўР:  РљР»СЋС‡ "(attribute_id, value)=(3, РљСЂР°СЃРЅС‹Р№)" СѓР¶Рµ СЃСѓС‰РµСЃС‚РІСѓРµС‚.
2026-06-27 22:47:42 +05 РћРџР•Р РђРўРћР :  INSERT INTO "catalog_attributevalue" ("created_at", "updated_at", "attribute_id", "value", "color_hex") VALUES ('2026-06-27 17:47:42.729766+00:00'::timestamptz, '2026-06-27 17:47:42.729772+00:00'::timestamptz, 3, 'РљСЂР°СЃРЅС‹Р№', '') RETURNING "catalog_attributevalue"."id"
2026-06-27 22:47:42 +05 РћРЁРР‘РљРђ:  РїРѕРІС‚РѕСЂСЏСЋС‰РµРµСЃСЏ Р·РЅР°С‡РµРЅРёРµ РєР»СЋС‡Р° РЅР°СЂСѓС€Р°РµС‚ РѕРіСЂР°РЅРёС‡РµРЅРёРµ СѓРЅРёРєР°Р»СЊРЅРѕСЃС‚Рё "catalog_brand_name_key"
2026-06-27 22:47:42 +05 РџРћР”Р РћР‘РќРћРЎРўР:  РљР»СЋС‡ "(name)=(Nike)" СѓР¶Рµ СЃСѓС‰РµСЃС‚РІСѓРµС‚.
2026-06-27 22:47:42 +05 РћРџР•Р РђРўРћР :  INSERT INTO "catalog_brand" ("created_at", "updated_at", "name", "slug", "description", "logo", "is_active") VALUES ('2026-06-27 17:47:42.773328+00:00'::timestamptz, '2026-06-27 17:47:42.773335+00:00'::timestamptz, 'Nike', 'nike-2', '', '', true) RETURNING "catalog_brand"."id"
2026-06-27 22:47:42 +05 РћРЁРР‘РљРђ:  РїРѕРІС‚РѕСЂСЏСЋС‰РµРµСЃСЏ Р·РЅР°С‡РµРЅРёРµ РєР»СЋС‡Р° РЅР°СЂСѓС€Р°РµС‚ РѕРіСЂР°РЅРёС‡РµРЅРёРµ СѓРЅРёРєР°Р»СЊРЅРѕСЃС‚Рё "unique_main_product_image"
2026-06-27 22:47:42 +05 РџРћР”Р РћР‘РќРћРЎРўР:  РљР»СЋС‡ "(product_id)=(10)" СѓР¶Рµ СЃСѓС‰РµСЃС‚РІСѓРµС‚.
2026-06-27 22:47:42 +05 РћРџР•Р РђРўРћР :  INSERT INTO "catalog_productimage" ("created_at", "updated_at", "product_id", "image", "alt", "is_main", "order") VALUES ('2026-06-27 17:47:42.913159+00:00'::timestamptz, '2026-06-27 17:47:42.913164+00:00'::timestamptz, 10, 'test2.jpg', '', true, 0) RETURNING "catalog_productimage"."id"
2026-06-27 22:47:42 +05 РћРЁРР‘РљРђ:  РЅРѕРІР°СЏ СЃС‚СЂРѕРєР° РІ РѕС‚РЅРѕС€РµРЅРёРё "catalog_product" РЅР°СЂСѓС€Р°РµС‚ РѕРіСЂР°РЅРёС‡РµРЅРёРµ-РїСЂРѕРІРµСЂРєСѓ "product_max_price_gte_min"
2026-06-27 22:47:42 +05 РџРћР”Р РћР‘РќРћРЎРўР:  РћС€РёР±РѕС‡РЅР°СЏ СЃС‚СЂРѕРєР° СЃРѕРґРµСЂР¶РёС‚ (19, 2026-06-27 17:47:42.972617+00, 2026-06-27 17:47:42.972622+00, a6226263-0fd7-4047-a769-9eb1ec258a85, Test Product, test-product, , null, , , , active, f, 2026-06-27 17:47:42.972532+00, 500.00, 100.00, 0.00, 0, 0, 14, 52, null).
2026-06-27 22:47:42 +05 РћРџР•Р РђРўРћР :  INSERT INTO "catalog_product" ("created_at", "updated_at", "uuid", "name", "slug", "description", "search_vector", "meta_title", "meta_description", "manufacturer_code", "status", "is_featured", "published_at", "brand_id", "primary_category_id", "main_image_id", "min_price", "max_price", "rating", "reviews_count", "views_count") VALUES ('2026-06-27 17:47:42.972617+00:00'::timestamptz, '2026-06-27 17:47:42.972622+00:00'::timestamptz, 'a62262630fd74047a7699eb1ec258a85'::uuid, 'Test Product', 'test-product', '', NULL, '', '', '', 'active', false, '2026-06-27 17:47:42.972532+00:00'::timestamptz, 14, 52, NULL, 500.00, 100.00, 0.00, 0, 0) RETURNING "catalog_product"."id"
2026-06-27 22:47:42 +05 РћРЁРР‘РљРђ:  РЅРѕРІР°СЏ СЃС‚СЂРѕРєР° РІ РѕС‚РЅРѕС€РµРЅРёРё "catalog_product" РЅР°СЂСѓС€Р°РµС‚ РѕРіСЂР°РЅРёС‡РµРЅРёРµ-РїСЂРѕРІРµСЂРєСѓ "product_rating_range"
2026-06-27 22:47:42 +05 РџРћР”Р РћР‘РќРћРЎРўР:  РћС€РёР±РѕС‡РЅР°СЏ СЃС‚СЂРѕРєР° СЃРѕРґРµСЂР¶РёС‚ (25, 2026-06-27 17:47:42.987169+00, 2026-06-27 17:47:42.987174+00, cdcb2e88-dc8b-44b0-9967-6e3a1b1d1182, Test Product, test-product, , null, , , , active, f, 2026-06-27 17:47:42.987082+00, null, null, -0.01, 0, 0, 14, 52, null).
2026-06-27 22:47:42 +05 РћРџР•Р РђРўРћР :  INSERT INTO "catalog_product" ("created_at", "updated_at", "uuid", "name", "slug", "description", "search_vector", "meta_title", "meta_description", "manufacturer_code", "status", "is_featured", "published_at", "brand_id", "primary_category_id", "main_image_id", "min_price", "max_price", "rating", "reviews_count", "views_count") VALUES ('2026-06-27 17:47:42.987169+00:00'::timestamptz, '2026-06-27 17:47:42.987174+00:00'::timestamptz, 'cdcb2e88dc8b44b099676e3a1b1d1182'::uuid, 'Test Product', 'test-product', '', NULL, '', '', '', 'active', false, '2026-06-27 17:47:42.987082+00:00'::timestamptz, 14, 52, NULL, NULL, NULL,  -0.01, 0, 0) RETURNING "catalog_product"."id"
2026-06-27 22:47:42 +05 РћРЁРР‘РљРђ:  РЅРѕРІР°СЏ СЃС‚СЂРѕРєР° РІ РѕС‚РЅРѕС€РµРЅРёРё "catalog_product" РЅР°СЂСѓС€Р°РµС‚ РѕРіСЂР°РЅРёС‡РµРЅРёРµ-РїСЂРѕРІРµСЂРєСѓ "product_rating_range"
2026-06-27 22:47:42 +05 РџРћР”Р РћР‘РќРћРЎРўР:  РћС€РёР±РѕС‡РЅР°СЏ СЃС‚СЂРѕРєР° СЃРѕРґРµСЂР¶РёС‚ (26, 2026-06-27 17:47:42.988413+00, 2026-06-27 17:47:42.988418+00, bc9a4620-2ca0-414a-be24-8b8ede84fe6e, Test Product, test-product, , null, , , , active, f, 2026-06-27 17:47:42.988332+00, null, null, 5.01, 0, 0, 14, 52, null).
2026-06-27 22:47:42 +05 РћРџР•Р РђРўРћР :  INSERT INTO "catalog_product" ("created_at", "updated_at", "uuid", "name", "slug", "description", "search_vector", "meta_title", "meta_description", "manufacturer_code", "status", "is_featured", "published_at", "brand_id", "primary_category_id", "main_image_id", "min_price", "max_price", "rating", "reviews_count", "views_count") VALUES ('2026-06-27 17:47:42.988413+00:00'::timestamptz, '2026-06-27 17:47:42.988418+00:00'::timestamptz, 'bc9a46202ca0414abe248b8ede84fe6e'::uuid, 'Test Product', 'test-product', '', NULL, '', '', '', 'active', false, '2026-06-27 17:47:42.988332+00:00'::timestamptz, 14, 52, NULL, NULL, NULL, 5.01, 0, 0) RETURNING "catalog_product"."id"
2026-06-27 22:47:43 +05 РћРЁРР‘РљРђ:  РїРѕРІС‚РѕСЂСЏСЋС‰РµРµСЃСЏ Р·РЅР°С‡РµРЅРёРµ РєР»СЋС‡Р° РЅР°СЂСѓС€Р°РµС‚ РѕРіСЂР°РЅРёС‡РµРЅРёРµ СѓРЅРёРєР°Р»СЊРЅРѕСЃС‚Рё "catalog_tag_name_key"
2026-06-27 22:47:43 +05 РџРћР”Р РћР‘РќРћРЎРўР:  РљР»СЋС‡ "(name)=(РЅРѕРІРёРЅРєР°)" СѓР¶Рµ СЃСѓС‰РµСЃС‚РІСѓРµС‚.
2026-06-27 22:47:43 +05 РћРџР•Р РђРўРћР :  INSERT INTO "catalog_tag" ("created_at", "updated_at", "name", "slug", "is_active") VALUES ('2026-06-27 17:47:43.074718+00:00'::timestamptz, '2026-06-27 17:47:43.074724+00:00'::timestamptz, 'РЅРѕРІРёРЅРєР°', 'item-2', true) RETURNING "catalog_tag"."id"
2026-06-27 22:47:48 +05 РћРЁРР‘РљРђ:  РЅРѕРІР°СЏ СЃС‚СЂРѕРєР° РІ РѕС‚РЅРѕС€РµРЅРёРё "cart_cartitem" РЅР°СЂСѓС€Р°РµС‚ РѕРіСЂР°РЅРёС‡РµРЅРёРµ-РїСЂРѕРІРµСЂРєСѓ "cartitem_quantity_range"
2026-06-27 22:47:48 +05 РџРћР”Р РћР‘РќРћРЎРўР:  РћС€РёР±РѕС‡РЅР°СЏ СЃС‚СЂРѕРєР° СЃРѕРґРµСЂР¶РёС‚ (31, 2026-06-27 17:47:48.135782+00, 2026-06-27 17:47:48.135786+00, 0, 38, 43).
2026-06-27 22:47:48 +05 РћРџР•Р РђРўРћР :  INSERT INTO "cart_cartitem" ("created_at", "updated_at", "cart_id", "variant_id", "quantity") VALUES ('2026-06-27 17:47:48.135782+00:00'::timestamptz, '2026-06-27 17:47:48.135786+00:00'::timestamptz, 38, 43, 0) RETURNING "cart_cartitem"."id"
2026-06-27 22:47:48 +05 РћРЁРР‘РљРђ:  РЅРѕРІР°СЏ СЃС‚СЂРѕРєР° РІ РѕС‚РЅРѕС€РµРЅРёРё "cart_cartitem" РЅР°СЂСѓС€Р°РµС‚ РѕРіСЂР°РЅРёС‡РµРЅРёРµ-РїСЂРѕРІРµСЂРєСѓ "cartitem_quantity_range"
2026-06-27 22:47:48 +05 РџРћР”Р РћР‘РќРћРЎРўР:  РћС€РёР±РѕС‡РЅР°СЏ СЃС‚СЂРѕРєР° СЃРѕРґРµСЂР¶РёС‚ (32, 2026-06-27 17:47:48.13752+00, 2026-06-27 17:47:48.137525+00, 1000, 39, 43).
2026-06-27 22:47:48 +05 РћРџР•Р РђРўРћР :  INSERT INTO "cart_cartitem" ("created_at", "updated_at", "cart_id", "variant_id", "quantity") VALUES ('2026-06-27 17:47:48.137520+00:00'::timestamptz, '2026-06-27 17:47:48.137525+00:00'::timestamptz, 39, 43, 1000) RETURNING "cart_cartitem"."id"
2026-06-27 22:47:48 +05 РћРЁРР‘РљРђ:  РїРѕРІС‚РѕСЂСЏСЋС‰РµРµСЃСЏ Р·РЅР°С‡РµРЅРёРµ РєР»СЋС‡Р° РЅР°СЂСѓС€Р°РµС‚ РѕРіСЂР°РЅРёС‡РµРЅРёРµ СѓРЅРёРєР°Р»СЊРЅРѕСЃС‚Рё "unique_cart_variant"
2026-06-27 22:47:48 +05 РџРћР”Р РћР‘РќРћРЎРўР:  РљР»СЋС‡ "(cart_id, variant_id)=(45, 43)" СѓР¶Рµ СЃСѓС‰РµСЃС‚РІСѓРµС‚.
2026-06-27 22:47:48 +05 РћРџР•Р РђРўРћР :  INSERT INTO "cart_cartitem" ("created_at", "updated_at", "cart_id", "variant_id", "quantity") VALUES ('2026-06-27 17:47:48.148333+00:00'::timestamptz, '2026-06-27 17:47:48.148338+00:00'::timestamptz, 45, 43, 2) RETURNING "cart_cartitem"."id"
2026-06-27 22:47:48 +05 РћРЁРР‘РљРђ:  РЅРѕРІР°СЏ СЃС‚СЂРѕРєР° РІ РѕС‚РЅРѕС€РµРЅРёРё "cart_cart" РЅР°СЂСѓС€Р°РµС‚ РѕРіСЂР°РЅРёС‡РµРЅРёРµ-РїСЂРѕРІРµСЂРєСѓ "cart_owner_required"
2026-06-27 22:47:48 +05 РџРћР”Р РћР‘РќРћРЎРўР:  РћС€РёР±РѕС‡РЅР°СЏ СЃС‚СЂРѕРєР° СЃРѕРґРµСЂР¶РёС‚ (53, 2026-06-27 17:47:48.549974+00, 2026-06-27 17:47:48.549981+00, null, t, null).
2026-06-27 22:47:48 +05 РћРџР•Р РђРўРћР :  INSERT INTO "cart_cart" ("created_at", "updated_at", "user_id", "session_key_hash", "is_active") VALUES ('2026-06-27 17:47:48.549974+00:00'::timestamptz, '2026-06-27 17:47:48.549981+00:00'::timestamptz, NULL, NULL, true) RETURNING "cart_cart"."id"
2026-06-27 22:47:48 +05 РћРЁРР‘РљРђ:  РїРѕРІС‚РѕСЂСЏСЋС‰РµРµСЃСЏ Р·РЅР°С‡РµРЅРёРµ РєР»СЋС‡Р° РЅР°СЂСѓС€Р°РµС‚ РѕРіСЂР°РЅРёС‡РµРЅРёРµ СѓРЅРёРєР°Р»СЊРЅРѕСЃС‚Рё "unique_active_user_cart"
2026-06-27 22:47:48 +05 РџРћР”Р РћР‘РќРћРЎРўР:  РљР»СЋС‡ "(user_id)=(23)" СѓР¶Рµ СЃСѓС‰РµСЃС‚РІСѓРµС‚.
2026-06-27 22:47:48 +05 РћРџР•Р РђРўРћР :  INSERT INTO "cart_cart" ("created_at", "updated_at", "user_id", "session_key_hash", "is_active") VALUES ('2026-06-27 17:47:48.555006+00:00'::timestamptz, '2026-06-27 17:47:48.555011+00:00'::timestamptz, 23, NULL, true) RETURNING "cart_cart"."id"
2026-06-27 22:48:05 +05 РћРЁРР‘РљРђ:  РЅРѕРІР°СЏ СЃС‚СЂРѕРєР° РІ РѕС‚РЅРѕС€РµРЅРёРё "users_address" РЅР°СЂСѓС€Р°РµС‚ РѕРіСЂР°РЅРёС‡РµРЅРёРµ-РїСЂРѕРІРµСЂРєСѓ "address_recipient_name_required"
2026-06-27 22:48:05 +05 РџРћР”Р РћР‘РќРћРЎРўР:  РћС€РёР±РѕС‡РЅР°СЏ СЃС‚СЂРѕРєР° СЃРѕРґРµСЂР¶РёС‚ (43, 2026-06-27 17:48:05.95198+00, 2026-06-27 17:48:05.951985+00, , Р РѕСЃСЃРёСЏ, , РњРѕСЃРєРІР°, СѓР». РџСѓСЃС‚Р°СЏ, 1, , , f, 63).
2026-06-27 22:48:05 +05 РћРџР•Р РђРўРћР :  INSERT INTO "users_address" ("created_at", "updated_at", "user_id", "recipient_name", "country", "region", "city", "street", "postal_code", "notes", "is_default") VALUES ('2026-06-27 17:48:05.951980+00:00'::timestamptz, '2026-06-27 17:48:05.951985+00:00'::timestamptz, 63, '', 'Р РѕСЃСЃРёСЏ', '', 'РњРѕСЃРєРІР°', 'СѓР». РџСѓСЃС‚Р°СЏ, 1', '', '', false) RETURNING "users_address"."id"
2026-06-27 22:48:07 +05 РћРЁРР‘РљРђ:  РїРѕРІС‚РѕСЂСЏСЋС‰РµРµСЃСЏ Р·РЅР°С‡РµРЅРёРµ РєР»СЋС‡Р° РЅР°СЂСѓС€Р°РµС‚ РѕРіСЂР°РЅРёС‡РµРЅРёРµ СѓРЅРёРєР°Р»СЊРЅРѕСЃС‚Рё "users_user_email_key"
2026-06-27 22:48:07 +05 РџРћР”Р РћР‘РќРћРЎРўР:  РљР»СЋС‡ "(email)=(test@example.com)" СѓР¶Рµ СЃСѓС‰РµСЃС‚РІСѓРµС‚.
2026-06-27 22:48:07 +05 РћРџР•Р РђРўРћР :  INSERT INTO "users_user" ("password", "last_login", "is_superuser", "username", "first_name", "last_name", "is_staff", "is_active", "date_joined", "phone", "email") VALUES ('pbkdf2_sha256$1200000$cORNzfEJcIKKyIArUzQlHH$Oxf/v6p0os5WRpQjnhT2XDN9m67siIZeE1W5eOqr0TE=', NULL, false, 'duplicate', '', '', false, true, '2026-06-27 17:48:06.669280+00:00'::timestamptz, '', 'test@example.com') RETURNING "users_user"."id"
2026-06-27 22:48:08 +05 РћРЁРР‘РљРђ:  РїРѕРІС‚РѕСЂСЏСЋС‰РµРµСЃСЏ Р·РЅР°С‡РµРЅРёРµ РєР»СЋС‡Р° РЅР°СЂСѓС€Р°РµС‚ РѕРіСЂР°РЅРёС‡РµРЅРёРµ СѓРЅРёРєР°Р»СЊРЅРѕСЃС‚Рё "users_user_username_key"
2026-06-27 22:48:08 +05 РџРћР”Р РћР‘РќРћРЎРўР:  РљР»СЋС‡ "(username)=(testuser)" СѓР¶Рµ СЃСѓС‰РµСЃС‚РІСѓРµС‚.
2026-06-27 22:48:08 +05 РћРџР•Р РђРўРћР :  INSERT INTO "users_user" ("password", "last_login", "is_superuser", "username", "first_name", "last_name", "is_staff", "is_active", "date_joined", "phone", "email") VALUES ('pbkdf2_sha256$1200000$W6k63VdaOCMUj3dpwhHfne$tot6V74cs3uJyu3U3vRyenF1PXHbVHEwLU5EnFqN7MU=', NULL, false, 'testuser', '', '', false, true, '2026-06-27 17:48:07.692955+00:00'::timestamptz, '', 'other@example.com') RETURNING "users_user"."id"
2026-06-27 22:48:08 +05 РћРЁРР‘РљРђ:  РїРѕРІС‚РѕСЂСЏСЋС‰РµРµСЃСЏ Р·РЅР°С‡РµРЅРёРµ РєР»СЋС‡Р° РЅР°СЂСѓС€Р°РµС‚ РѕРіСЂР°РЅРёС‡РµРЅРёРµ СѓРЅРёРєР°Р»СЊРЅРѕСЃС‚Рё "users_profile_user_id_key"
2026-06-27 22:48:08 +05 РџРћР”Р РћР‘РќРћРЎРўР:  РљР»СЋС‡ "(user_id)=(69)" СѓР¶Рµ СЃСѓС‰РµСЃС‚РІСѓРµС‚.
2026-06-27 22:48:08 +05 РћРџР•Р РђРўРћР :  INSERT INTO "users_profile" ("created_at", "updated_at", "user_id", "avatar", "date_of_birth", "gender", "timezone", "language", "email_subscribed") VALUES ('2026-06-27 17:48:08.519990+00:00'::timestamptz, '2026-06-27 17:48:08.519996+00:00'::timestamptz, 69, '', NULL, '', 'UTC', 'ru', false) RETURNING "users_profile"."id"
2026-06-27 22:48:18 +05 РћРЁРР‘РљРђ:  РїРѕРІС‚РѕСЂСЏСЋС‰РµРµСЃСЏ Р·РЅР°С‡РµРЅРёРµ РєР»СЋС‡Р° РЅР°СЂСѓС€Р°РµС‚ РѕРіСЂР°РЅРёС‡РµРЅРёРµ СѓРЅРёРєР°Р»СЊРЅРѕСЃС‚Рё "pricing_price_variant_id_key"
2026-06-27 22:48:18 +05 РџРћР”Р РћР‘РќРћРЎРўР:  РљР»СЋС‡ "(variant_id)=(189)" СѓР¶Рµ СЃСѓС‰РµСЃС‚РІСѓРµС‚.
2026-06-27 22:48:18 +05 РћРџР•Р РђРўРћР :  INSERT INTO "pricing_price" ("created_at", "updated_at", "variant_id", "price", "sale_price", "currency") VALUES ('2026-06-27 17:48:18.173174+00:00'::timestamptz, '2026-06-27 17:48:18.173180+00:00'::timestamptz, 189, 200.00, NULL, 'RUB') RETURNING "pricing_price"."id"
2026-06-27 22:48:18 +05 РћРЁРР‘РљРђ:  РЅРѕРІР°СЏ СЃС‚СЂРѕРєР° РІ РѕС‚РЅРѕС€РµРЅРёРё "pricing_price" РЅР°СЂСѓС€Р°РµС‚ РѕРіСЂР°РЅРёС‡РµРЅРёРµ-РїСЂРѕРІРµСЂРєСѓ "price_gt_zero"
2026-06-27 22:48:18 +05 РџРћР”Р РћР‘РќРћРЎРўР:  РћС€РёР±РѕС‡РЅР°СЏ СЃС‚СЂРѕРєР° СЃРѕРґРµСЂР¶РёС‚ (15, 2026-06-27 17:48:18.175618+00, 2026-06-27 17:48:18.175624+00, 0.00, null, RUB, 189).
2026-06-27 22:48:18 +05 РћРџР•Р РђРўРћР :  INSERT INTO "pricing_price" ("created_at", "updated_at", "variant_id", "price", "sale_price", "currency") VALUES ('2026-06-27 17:48:18.175618+00:00'::timestamptz, '2026-06-27 17:48:18.175624+00:00'::timestamptz, 189, 0.00, NULL, 'RUB') RETURNING "pricing_price"."id"
2026-06-27 22:48:18 +05 РћРЁРР‘РљРђ:  РЅРѕРІР°СЏ СЃС‚СЂРѕРєР° РІ РѕС‚РЅРѕС€РµРЅРёРё "pricing_price" РЅР°СЂСѓС€Р°РµС‚ РѕРіСЂР°РЅРёС‡РµРЅРёРµ-РїСЂРѕРІРµСЂРєСѓ "sale_price_lte_price"
2026-06-27 22:48:18 +05 РџРћР”Р РћР‘РќРћРЎРўР:  РћС€РёР±РѕС‡РЅР°СЏ СЃС‚СЂРѕРєР° СЃРѕРґРµСЂР¶РёС‚ (16, 2026-06-27 17:48:18.176676+00, 2026-06-27 17:48:18.176682+00, 50.00, 60.00, RUB, 189).
2026-06-27 22:48:18 +05 РћРџР•Р РђРўРћР :  INSERT INTO "pricing_price" ("created_at", "updated_at", "variant_id", "price", "sale_price", "currency") VALUES ('2026-06-27 17:48:18.176676+00:00'::timestamptz, '2026-06-27 17:48:18.176682+00:00'::timestamptz, 189, 50.00, 60.00, 'RUB') RETURNING "pricing_price"."id"
2026-06-27 22:48:21 +05 РћРЁРР‘РљРђ:  РЅРѕРІР°СЏ СЃС‚СЂРѕРєР° РІ РѕС‚РЅРѕС€РµРЅРёРё "orders_orderitem" РЅР°СЂСѓС€Р°РµС‚ РѕРіСЂР°РЅРёС‡РµРЅРёРµ-РїСЂРѕРІРµСЂРєСѓ "orderitem_quantity_range"
2026-06-27 22:48:21 +05 РџРћР”Р РћР‘РќРћРЎРўР:  РћС€РёР±РѕС‡РЅР°СЏ СЃС‚СЂРѕРєР° СЃРѕРґРµСЂР¶РёС‚ (2, 2026-06-27 17:48:21.056215+00, 2026-06-27 17:48:21.05622+00, РўРµСЃС‚РѕРІС‹Р№ С‚РѕРІР°СЂ, TEST-SKU-14-0, 1000.00, 0, 14, null).
2026-06-27 22:48:21 +05 РћРџР•Р РђРўРћР :  INSERT INTO "orders_orderitem" ("created_at", "updated_at", "order_id", "variant_id", "product_name", "sku", "unit_price", "quantity") VALUES ('2026-06-27 17:48:21.056215+00:00'::timestamptz, '2026-06-27 17:48:21.056220+00:00'::timestamptz, 14, NULL, 'РўРµСЃС‚РѕРІС‹Р№ С‚РѕРІР°СЂ', 'TEST-SKU-14-0', 1000.00, 0) RETURNING "orders_orderitem"."id"
2026-06-27 22:48:21 +05 РћРЁРР‘РљРђ:  РЅРѕРІР°СЏ СЃС‚СЂРѕРєР° РІ РѕС‚РЅРѕС€РµРЅРёРё "orders_orderitem" РЅР°СЂСѓС€Р°РµС‚ РѕРіСЂР°РЅРёС‡РµРЅРёРµ-РїСЂРѕРІРµСЂРєСѓ "orderitem_quantity_range"
2026-06-27 22:48:21 +05 РџРћР”Р РћР‘РќРћРЎРўР:  РћС€РёР±РѕС‡РЅР°СЏ СЃС‚СЂРѕРєР° СЃРѕРґРµСЂР¶РёС‚ (3, 2026-06-27 17:48:21.059509+00, 2026-06-27 17:48:21.059514+00, РўРµСЃС‚РѕРІС‹Р№ С‚РѕРІР°СЂ, TEST-SKU-15-1000, 1000.00, 1000, 15, null).
2026-06-27 22:48:21 +05 РћРџР•Р РђРўРћР :  INSERT INTO "orders_orderitem" ("created_at", "updated_at", "order_id", "variant_id", "product_name", "sku", "unit_price", "quantity") VALUES ('2026-06-27 17:48:21.059509+00:00'::timestamptz, '2026-06-27 17:48:21.059514+00:00'::timestamptz, 15, NULL, 'РўРµСЃС‚РѕРІС‹Р№ С‚РѕРІР°СЂ', 'TEST-SKU-15-1000', 1000.00, 1000) RETURNING "orders_orderitem"."id"
2026-06-27 22:48:21 +05 РћРЁРР‘РљРђ:  РїРѕРІС‚РѕСЂСЏСЋС‰РµРµСЃСЏ Р·РЅР°С‡РµРЅРёРµ РєР»СЋС‡Р° РЅР°СЂСѓС€Р°РµС‚ РѕРіСЂР°РЅРёС‡РµРЅРёРµ СѓРЅРёРєР°Р»СЊРЅРѕСЃС‚Рё "unique_order_sku"
2026-06-27 22:48:21 +05 РџРћР”Р РћР‘РќРћРЎРўР:  РљР»СЋС‡ "(order_id, sku)=(18, SKU-A)" СѓР¶Рµ СЃСѓС‰РµСЃС‚РІСѓРµС‚.
2026-06-27 22:48:21 +05 РћРџР•Р РђРўРћР :  INSERT INTO "orders_orderitem" ("created_at", "updated_at", "order_id", "variant_id", "product_name", "sku", "unit_price", "quantity") VALUES ('2026-06-27 17:48:21.068350+00:00'::timestamptz, '2026-06-27 17:48:21.068354+00:00'::timestamptz, 18, NULL, 'РўРµСЃС‚РѕРІС‹Р№ С‚РѕРІР°СЂ', 'SKU-A', 1000.00, 1) RETURNING "orders_orderitem"."id"
2026-06-27 22:48:21 +05 РћРЁРР‘РљРђ:  РЅРѕРІР°СЏ СЃС‚СЂРѕРєР° РІ РѕС‚РЅРѕС€РµРЅРёРё "orders_orderitem" РЅР°СЂСѓС€Р°РµС‚ РѕРіСЂР°РЅРёС‡РµРЅРёРµ-РїСЂРѕРІРµСЂРєСѓ "orderitem_unit_price_positive"
2026-06-27 22:48:21 +05 РџРћР”Р РћР‘РќРћРЎРўР:  РћС€РёР±РѕС‡РЅР°СЏ СЃС‚СЂРѕРєР° СЃРѕРґРµСЂР¶РёС‚ (8, 2026-06-27 17:48:21.070946+00, 2026-06-27 17:48:21.07095+00, РўРµСЃС‚РѕРІС‹Р№ С‚РѕРІР°СЂ, TEST-SKU-19-1, 0.00, 1, 19, null).
2026-06-27 22:48:21 +05 РћРџР•Р РђРўРћР :  INSERT INTO "orders_orderitem" ("created_at", "updated_at", "order_id", "variant_id", "product_name", "sku", "unit_price", "quantity") VALUES ('2026-06-27 17:48:21.070946+00:00'::timestamptz, '2026-06-27 17:48:21.070950+00:00'::timestamptz, 19, NULL, 'РўРµСЃС‚РѕРІС‹Р№ С‚РѕРІР°СЂ', 'TEST-SKU-19-1', 0.00, 1) RETURNING "orders_orderitem"."id"
2026-06-27 22:48:21 +05 РћРЁРР‘РљРђ:  РЅРѕРІР°СЏ СЃС‚СЂРѕРєР° РІ РѕС‚РЅРѕС€РµРЅРёРё "orders_order" РЅР°СЂСѓС€Р°РµС‚ РѕРіСЂР°РЅРёС‡РµРЅРёРµ-РїСЂРѕРІРµСЂРєСѓ "order_subtotal_non_negative"
2026-06-27 22:48:21 +05 РџРћР”Р РћР‘РќРћРЎРўР:  РћС€РёР±РѕС‡РЅР°СЏ СЃС‚СЂРѕРєР° СЃРѕРґРµСЂР¶РёС‚ (31, 2026-06-27 17:48:21.122497+00, 2026-06-27 17:48:21.122503+00, pending, ORD-000002, 2, РўРµСЃС‚ РўРµСЃС‚РѕРІ, Р РѕСЃСЃРёСЏ, , РњРѕСЃРєРІР°, СѓР». РўРµСЃС‚РѕРІР°СЏ, Рґ. 1, 123456, -50.00, 0.00, 0.00, 1000.00, , , null, null, null, null, 126).
2026-06-27 22:48:21 +05 РћРџР•Р РђРўРћР :  INSERT INTO "orders_order" ("created_at", "updated_at", "status", "user_id", "order_number", "_order_number_seq", "cart_id", "recipient_name", "country", "region", "city", "street", "postal_code", "subtotal", "delivery_cost", "discount", "total", "notes", "cancellation_reason", "cancelled_at", "confirmed_at", "delivered_at") VALUES ('2026-06-27 17:48:21.122497+00:00'::timestamptz, '2026-06-27 17:48:21.122503+00:00'::timestamptz, 'pending', 126, 'ORD-000002', 2, NULL, 'РўРµСЃС‚ РўРµСЃС‚РѕРІ', 'Р РѕСЃСЃРёСЏ', '', 'РњРѕСЃРєРІР°', 'СѓР». РўРµСЃС‚РѕРІР°СЏ, Рґ. 1', '123456',  -50.00, 0.00, 0.00, 1000.00, '', '', NULL, NULL, NULL) RETURNING "orders_order"."id"
2026-06-27 22:48:21 +05 РћРЁРР‘РљРђ:  РЅРѕРІР°СЏ СЃС‚СЂРѕРєР° РІ РѕС‚РЅРѕС€РµРЅРёРё "orders_order" РЅР°СЂСѓС€Р°РµС‚ РѕРіСЂР°РЅРёС‡РµРЅРёРµ-РїСЂРѕРІРµСЂРєСѓ "order_subtotal_non_negative"
2026-06-27 22:48:21 +05 РџРћР”Р РћР‘РќРћРЎРўР:  РћС€РёР±РѕС‡РЅР°СЏ СЃС‚СЂРѕРєР° СЃРѕРґРµСЂР¶РёС‚ (33, 2026-06-27 17:48:21.126928+00, 2026-06-27 17:48:21.126933+00, pending, ORD-000002, 2, РўРµСЃС‚ РўРµСЃС‚РѕРІ, Р РѕСЃСЃРёСЏ, , РњРѕСЃРєРІР°, СѓР». РўРµСЃС‚РѕРІР°СЏ, Рґ. 1, 123456, -100.00, 0.00, 0.00, -100.00, , , null, null, null, null, 127).
2026-06-27 22:48:21 +05 РћРџР•Р РђРўРћР :  INSERT INTO "orders_order" ("created_at", "updated_at", "status", "user_id", "order_number", "_order_number_seq", "cart_id", "recipient_name", "country", "region", "city", "street", "postal_code", "subtotal", "delivery_cost", "discount", "total", "notes", "cancellation_reason", "cancelled_at", "confirmed_at", "delivered_at") VALUES ('2026-06-27 17:48:21.126928+00:00'::timestamptz, '2026-06-27 17:48:21.126933+00:00'::timestamptz, 'pending', 127, 'ORD-000002', 2, NULL, 'РўРµСЃС‚ РўРµСЃС‚РѕРІ', 'Р РѕСЃСЃРёСЏ', '', 'РњРѕСЃРєРІР°', 'СѓР». РўРµСЃС‚РѕРІР°СЏ, Рґ. 1', '123456',  -100.00, 0.00, 0.00,  -100.00, '', '', NULL, NULL, NULL) RETURNING "orders_order"."id"
2026-06-27 22:48:21 +05 РћРЁРР‘РљРђ:  РїРѕРІС‚РѕСЂСЏСЋС‰РµРµСЃСЏ Р·РЅР°С‡РµРЅРёРµ РєР»СЋС‡Р° РЅР°СЂСѓС€Р°РµС‚ РѕРіСЂР°РЅРёС‡РµРЅРёРµ СѓРЅРёРєР°Р»СЊРЅРѕСЃС‚Рё "inventory_stock_variant_id_key"
2026-06-27 22:48:21 +05 РџРћР”Р РћР‘РќРћРЎРўР:  РљР»СЋС‡ "(variant_id)=(215)" СѓР¶Рµ СЃСѓС‰РµСЃС‚РІСѓРµС‚.
2026-06-27 22:48:21 +05 РћРџР•Р РђРўРћР :  INSERT INTO "inventory_stock" ("created_at", "updated_at", "variant_id", "quantity", "reserved_quantity", "low_stock_threshold") VALUES ('2026-06-27 17:48:21.646614+00:00'::timestamptz, '2026-06-27 17:48:21.646619+00:00'::timestamptz, 215, 50, 0, 5) RETURNING "inventory_stock"."id"
2026-06-27 22:48:21 +05 РћРЁРР‘РљРђ:  РЅРѕРІР°СЏ СЃС‚СЂРѕРєР° РІ РѕС‚РЅРѕС€РµРЅРёРё "inventory_stock" РЅР°СЂСѓС€Р°РµС‚ РѕРіСЂР°РЅРёС‡РµРЅРёРµ-РїСЂРѕРІРµСЂРєСѓ "stock_reserved_lte_quantity"
2026-06-27 22:48:21 +05 РџРћР”Р РћР‘РќРћРЎРўР:  РћС€РёР±РѕС‡РЅР°СЏ СЃС‚СЂРѕРєР° СЃРѕРґРµСЂР¶РёС‚ (18, 2026-06-27 17:48:21.648158+00, 2026-06-27 17:48:21.648401+00, 10, 20, 5, 215).
2026-06-27 22:48:21 +05 РћРџР•Р РђРўРћР :  UPDATE "inventory_stock" SET "created_at" = '2026-06-27 17:48:21.648158+00:00'::timestamptz, "updated_at" = '2026-06-27 17:48:21.648401+00:00'::timestamptz, "variant_id" = 215, "quantity" = 10, "reserved_quantity" = 20, "low_stock_threshold" = 5 WHERE "inventory_stock"."id" = 18
2026-06-27 22:48:23 +05 РћРЁРР‘РљРђ:  РїРѕРІС‚РѕСЂСЏСЋС‰РµРµСЃСЏ Р·РЅР°С‡РµРЅРёРµ РєР»СЋС‡Р° РЅР°СЂСѓС€Р°РµС‚ РѕРіСЂР°РЅРёС‡РµРЅРёРµ СѓРЅРёРєР°Р»СЊРЅРѕСЃС‚Рё "payments_payment_order_number_key"
2026-06-27 22:48:23 +05 РџРћР”Р РћР‘РќРћРЎРўР:  РљР»СЋС‡ "(order_number)=(PAY-000001)" СѓР¶Рµ СЃСѓС‰РµСЃС‚РІСѓРµС‚.
2026-06-27 22:48:23 +05 РћРџР•Р РђРўРћР :  UPDATE "payments_payment" SET "created_at" = '2026-06-27 17:48:23.039917+00:00'::timestamptz, "updated_at" = '2026-06-27 17:48:23.040281+00:00'::timestamptz, "order_id" = 118, "user_id" = 221, "order_number" = 'PAY-000001', "_payment_number_seq" = 2, "status" = 'pending', "method" = 'card', "amount" = 1000.00, "refund_amount" = 0.00, "external_id" = 'mock_9ca6fe6c56064156', "provider" = 'mock', "paid_at" = NULL, "cancelled_at" = NULL, "refunded_at" = NULL, "note" = '', "refund_reason" = '', "metadata" = '{}'::jsonb WHERE "payments_payment"."id" = 36
2026-06-27 22:48:23 +05 РћРЁРР‘РљРђ:  РЅРѕРІР°СЏ СЃС‚СЂРѕРєР° РІ РѕС‚РЅРѕС€РµРЅРёРё "payments_payment" РЅР°СЂСѓС€Р°РµС‚ РѕРіСЂР°РЅРёС‡РµРЅРёРµ-РїСЂРѕРІРµСЂРєСѓ "payment_refund_lte_amount"
2026-06-27 22:48:23 +05 РџРћР”Р РћР‘РќРћРЎРўР:  РћС€РёР±РѕС‡РЅР°СЏ СЃС‚СЂРѕРєР° СЃРѕРґРµСЂР¶РёС‚ (37, 2026-06-27 17:48:23.044762+00, 2026-06-27 17:48:23.045509+00, PAY-000001, 1, succeeded, card, 1000.00, 1001.00, mock_2de378d43b02407a, mock, null, null, null, , , {}, 119, 222).
2026-06-27 22:48:23 +05 РћРџР•Р РђРўРћР :  UPDATE "payments_payment" SET "created_at" = '2026-06-27 17:48:23.044762+00:00'::timestamptz, "updated_at" = '2026-06-27 17:48:23.045509+00:00'::timestamptz, "order_id" = 119, "user_id" = 222, "order_number" = 'PAY-000001', "_payment_number_seq" = 1, "status" = 'succeeded', "method" = 'card', "amount" = 1000.00, "refund_amount" = 1001.00, "external_id" = 'mock_2de378d43b02407a', "provider" = 'mock', "paid_at" = NULL, "cancelled_at" = NULL, "refunded_at" = NULL, "note" = '', "refund_reason" = '', "metadata" = '{}'::jsonb WHERE "payments_payment"."id" = 37
2026-06-27 22:48:24 +05 РћРЁРР‘РљРђ:  РїРѕРІС‚РѕСЂСЏСЋС‰РµРµСЃСЏ Р·РЅР°С‡РµРЅРёРµ РєР»СЋС‡Р° РЅР°СЂСѓС€Р°РµС‚ РѕРіСЂР°РЅРёС‡РµРЅРёРµ СѓРЅРёРєР°Р»СЊРЅРѕСЃС‚Рё "unique_user_product_review"
2026-06-27 22:48:24 +05 РџРћР”Р РћР‘РќРћРЎРўР:  РљР»СЋС‡ "(user_id, product_id)=(311, 145)" СѓР¶Рµ СЃСѓС‰РµСЃС‚РІСѓРµС‚.
2026-06-27 22:48:24 +05 РћРџР•Р РђРўРћР :  INSERT INTO "reviews_review" ("created_at", "updated_at", "user_id", "product_id", "rating", "title", "text", "verified_purchase", "is_approved", "helpful_yes", "helpful_no") VALUES ('2026-06-27 17:48:24.048911+00:00'::timestamptz, '2026-06-27 17:48:24.048917+00:00'::timestamptz, 311, 145, 5, 'РћС‚Р»РёС‡РЅС‹Р№ С‚РѕРІР°СЂ', 'РћС‡РµРЅСЊ РїРѕРЅСЂР°РІРёР»СЃСЏ, СЂРµРєРѕРјРµРЅРґСѓСЋ РІСЃРµРј!', false, true, 0, 0) RETURNING "reviews_review"."id"
2026-06-27 22:48:24 +05 РћРЁРР‘РљРђ:  РїРѕРІС‚РѕСЂСЏСЋС‰РµРµСЃСЏ Р·РЅР°С‡РµРЅРёРµ РєР»СЋС‡Р° РЅР°СЂСѓС€Р°РµС‚ РѕРіСЂР°РЅРёС‡РµРЅРёРµ СѓРЅРёРєР°Р»СЊРЅРѕСЃС‚Рё "discounts_coupon_code_key"
2026-06-27 22:48:24 +05 РџРћР”Р РћР‘РќРћРЎРўР:  РљР»СЋС‡ "(code)=(UNIQUE)" СѓР¶Рµ СЃСѓС‰РµСЃС‚РІСѓРµС‚.
2026-06-27 22:48:24 +05 РћРџР•Р РђРўРћР :  INSERT INTO "discounts_coupon" ("created_at", "updated_at", "code", "description", "discount_type", "discount_value", "max_discount", "min_order_amount", "max_total_uses", "max_uses_per_user", "times_used", "started_at", "ended_at", "campaign_id", "is_active") VALUES ('2026-06-27 17:48:24.686697+00:00'::timestamptz, '2026-06-27 17:48:24.686702+00:00'::timestamptz, 'UNIQUE', '', 'percent', 10.00, NULL, 0.00, 100, 1, 0, '2026-06-27 17:48:24.686615+00:00'::timestamptz, '2026-07-27 17:48:24.686615+00:00'::timestamptz, NULL, true) RETURNING "discounts_coupon"."id"
2026-06-27 22:48:25 +05 РћРЁРР‘РљРђ:  РїРѕРІС‚РѕСЂСЏСЋС‰РµРµСЃСЏ Р·РЅР°С‡РµРЅРёРµ РєР»СЋС‡Р° РЅР°СЂСѓС€Р°РµС‚ РѕРіСЂР°РЅРёС‡РµРЅРёРµ СѓРЅРёРєР°Р»СЊРЅРѕСЃС‚Рё "shipping_shippingzone_zone_code_key"
2026-06-27 22:48:25 +05 РџРћР”Р РћР‘РќРћРЎРўР:  РљР»СЋС‡ "(zone_code)=(msk)" СѓР¶Рµ СЃСѓС‰РµСЃС‚РІСѓРµС‚.
2026-06-27 22:48:25 +05 РћРџР•Р РђРўРћР :  INSERT INTO "shipping_shippingzone" ("created_at", "updated_at", "name", "zone_code", "regions", "is_active") VALUES ('2026-06-27 17:48:25.804250+00:00'::timestamptz, '2026-06-27 17:48:25.804255+00:00'::timestamptz, 'РњРѕСЃРєРІР° Рё РњРћ', 'msk',  E'["\\u041c\\u043e\\u0441\\u043a\\u0432\\u0430", "\\u041c\\u043e\\u0441\\u043a\\u043e\\u0432\\u0441\\u043a\\u0430\\u044f \\u043e\\u0431\\u043b\\u0430\\u0441\\u0442\\u044c"]'::jsonb, true) RETURNING "shipping_shippingzone"."id"
2026-06-27 22:48:25 +05 РћРЁРР‘РљРђ:  РїРѕРІС‚РѕСЂСЏСЋС‰РµРµСЃСЏ Р·РЅР°С‡РµРЅРёРµ РєР»СЋС‡Р° РЅР°СЂСѓС€Р°РµС‚ РѕРіСЂР°РЅРёС‡РµРЅРёРµ СѓРЅРёРєР°Р»СЊРЅРѕСЃС‚Рё "shipping_shippingzone_zone_code_key"
2026-06-27 22:48:25 +05 РџРћР”Р РћР‘РќРћРЎРўР:  РљР»СЋС‡ "(zone_code)=(central)" СѓР¶Рµ СЃСѓС‰РµСЃС‚РІСѓРµС‚.
2026-06-27 22:48:25 +05 РћРџР•Р РђРўРћР :  INSERT INTO "shipping_shippingzone" ("created_at", "updated_at", "name", "zone_code", "regions", "is_active") VALUES ('2026-06-27 17:48:25.878818+00:00'::timestamptz, '2026-06-27 17:48:25.878823+00:00'::timestamptz, 'РњРѕСЃРєРІР° Рё РњРћ', 'central',  E'["\\u041c\\u043e\\u0441\\u043a\\u0432\\u0430", "\\u041c\\u043e\\u0441\\u043a\\u043e\\u0432\\u0441\\u043a\\u0430\\u044f \\u043e\\u0431\\u043b\\u0430\\u0441\\u0442\\u044c"]'::jsonb, true) RETURNING "shipping_shippingzone"."id"
2026-06-27 22:48:27 +05 РћРЁРР‘РљРђ:  РїРѕРІС‚РѕСЂСЏСЋС‰РµРµСЃСЏ Р·РЅР°С‡РµРЅРёРµ РєР»СЋС‡Р° РЅР°СЂСѓС€Р°РµС‚ РѕРіСЂР°РЅРёС‡РµРЅРёРµ СѓРЅРёРєР°Р»СЊРЅРѕСЃС‚Рё "wishlist_item_unique_variant"
2026-06-27 22:48:27 +05 РџРћР”Р РћР‘РќРћРЎРўР:  РљР»СЋС‡ "(wishlist_id, variant_id)=(12, 270)" СѓР¶Рµ СЃСѓС‰РµСЃС‚РІСѓРµС‚.
2026-06-27 22:48:27 +05 РћРџР•Р РђРўРћР :  INSERT INTO "wishlist_wishlistitem" ("created_at", "updated_at", "wishlist_id", "variant_id", "note", "sort_order") VALUES ('2026-06-27 17:48:27.608514+00:00'::timestamptz, '2026-06-27 17:48:27.608529+00:00'::timestamptz, 12, 270, '', 100) RETURNING "wishlist_wishlistitem"."id"
2026-06-27 22:48:27 +05 РћРЁРР‘РљРђ:  РїРѕРІС‚РѕСЂСЏСЋС‰РµРµСЃСЏ Р·РЅР°С‡РµРЅРёРµ РєР»СЋС‡Р° РЅР°СЂСѓС€Р°РµС‚ РѕРіСЂР°РЅРёС‡РµРЅРёРµ СѓРЅРёРєР°Р»СЊРЅРѕСЃС‚Рё "wishlist_wishlist_user_id_key"
2026-06-27 22:48:27 +05 РџРћР”Р РћР‘РќРћРЎРўР:  РљР»СЋС‡ "(user_id)=(500)" СѓР¶Рµ СЃСѓС‰РµСЃС‚РІСѓРµС‚.
2026-06-27 22:48:27 +05 РћРџР•Р РђРўРћР :  INSERT INTO "wishlist_wishlist" ("created_at", "updated_at", "user_id", "items_count") VALUES ('2026-06-27 17:48:27.651440+00:00'::timestamptz, '2026-06-27 17:48:27.651444+00:00'::timestamptz, 500, 0) RETURNING "wishlist_wishlist"."id"
2026-06-27 22:48:29 +05 СООБЩЕНИЕ:  начата контрольная точка: immediate force wait
2026-06-27 22:48:30 +05 СООБЩЕНИЕ:  контрольная точка завершена: записано буферов: 3 (0.0%), записано SLRU-буферов: 5; добавлено файлов WAL 0, удалено: 0, переработано: 0; запись=0.001 сек., синхр.=0.135 сек., всего=0.261 сек.; синхронизировано_файлов=6, самая_долгая_синхр.=0.041 сек., средняя=0.023 сек.; расстояние=11489 КБ, ожидалось=11489 КБ; lsn=0/16E50D80, lsn redo=0/16E50D28
2026-06-27 22:53:29 +05 СООБЩЕНИЕ:  начата контрольная точка: time
2026-06-27 22:53:29 +05 СООБЩЕНИЕ:  контрольная точка завершена: записано буферов: 1 (0.0%), записано SLRU-буферов: 1; добавлено файлов WAL 0, удалено: 0, переработано: 0; запись=0.112 сек., синхр.=0.078 сек., всего=0.318 сек.; синхронизировано_файлов=2, самая_долгая_синхр.=0.046 сек., средняя=0.039 сек.; расстояние=2 КБ, ожидалось=10340 КБ; lsn=0/16E51810, lsn redo=0/16E517B8
