2026-07-07 14:31:13 +05 СООБЩЕНИЕ:  работа системы БД была прервана; последний момент работы: 2026-07-07 08:01:28 +05
2026-07-07 14:31:14 +05 СООБЩЕНИЕ:  система БД была остановлена нештатно; производится автоматическое восстановление
2026-07-07 14:31:14 +05 СООБЩЕНИЕ:  запись REDO начинается со смещения 0/191A6D98
2026-07-07 14:31:14 +05 СООБЩЕНИЕ:  неверная длина записи в позиции 0/191A6EA0: ожидалось минимум 24, получено 0
2026-07-07 14:31:14 +05 СООБЩЕНИЕ:  записи REDO обработаны до смещения 0/191A6E68, нагрузка системы: CPU: пользов.: 0.00 с, система: 0.00 с, прошло: 0.00 с
2026-07-07 14:31:14 +05 СООБЩЕНИЕ:  начата контрольная точка: end-of-recovery immediate wait
2026-07-07 14:31:14 +05 СООБЩЕНИЕ:  контрольная точка завершена: записано буферов: 0 (0.0%), записано SLRU-буферов: 2; добавлено файлов WAL 0, удалено: 0, переработано: 0; запись=0.001 сек., синхр.=0.051 сек., всего=0.220 сек.; синхронизировано_файлов=3, самая_долгая_синхр.=0.031 сек., средняя=0.017 сек.; расстояние=0 КБ, ожидалось=0 КБ; lsn=0/191A6EA0, lsn redo=0/191A6EA0
2026-07-07 20:43:32 +05 ВАЖНО:  база данных "amazon_clone" не существует
2026-07-07 20:43:32 +05 ВАЖНО:  база данных "amazon_clone" не существует
2026-07-07 20:43:45 +05 СООБЩЕНИЕ:  начата контрольная точка: immediate force wait
2026-07-07 20:43:45 +05 СООБЩЕНИЕ:  контрольная точка завершена: записано буферов: 1 (0.0%), записано SLRU-буферов: 0; добавлено файлов WAL 0, удалено: 0, переработано: 0; запись=0.001 сек., синхр.=0.046 сек., всего=0.185 сек.; синхронизировано_файлов=1, самая_долгая_синхр.=0.046 сек., средняя=0.046 сек.; расстояние=9 КБ, ожидалось=9 КБ; lsn=0/191A9590, lsn redo=0/191A9538
2026-07-07 20:48:45 +05 СООБЩЕНИЕ:  начата контрольная точка: time
2026-07-07 20:50:46 +05 СООБЩЕНИЕ:  контрольная точка завершена: записано буферов: 1083 (6.6%), записано SLRU-буферов: 1; добавлено файлов WAL 0, удалено: 0, переработано: 0; запись=118.040 сек., синхр.=2.554 сек., всего=120.716 сек.; синхронизировано_файлов=441, самая_долгая_синхр.=0.075 сек., средняя=0.006 сек.; расстояние=5566 КБ, ожидалось=5566 КБ; lsn=0/1971B998, lsn redo=0/19719090
2026-07-07 20:53:45 +05 СООБЩЕНИЕ:  начата контрольная точка: time
2026-07-07 20:53:47 +05 СООБЩЕНИЕ:  контрольная точка завершена: записано буферов: 16 (0.1%), записано SLRU-буферов: 1; добавлено файлов WAL 0, удалено: 0, переработано: 0; запись=1.733 сек., синхр.=0.655 сек., всего=2.517 сек.; синхронизировано_файлов=11, самая_долгая_синхр.=0.075 сек., средняя=0.060 сек.; расстояние=18 КБ, ожидалось=5012 КБ; lsn=0/1971DAE8, lsn redo=0/1971DA90
2026-07-07 22:50:01 +05 ВАЖНО:  пользователь "codestart" не прошёл проверку подлинности (по паролю)
2026-07-07 22:50:01 +05 ПОДРОБНОСТИ:  Роль "codestart" не существует.
	Подключение соответствует строке 115 в "I:/NewPythonProjects/Amazone_Clone/Postgres_db/pg_hba.conf": "host    all             all             127.0.0.1/32            scram-sha-256"
2026-07-07 22:57:26 +05 ВАЖНО:  пользователь "codestart" не прошёл проверку подлинности (по паролю)
2026-07-07 22:57:26 +05 ПОДРОБНОСТИ:  Роль "codestart" не существует.
	Подключение соответствует строке 115 в "I:/NewPythonProjects/Amazone_Clone/Postgres_db/pg_hba.conf": "host    all             all             127.0.0.1/32            scram-sha-256"
2026-07-07 23:05:23 +05 ВАЖНО:  пользователь "codestart" не прошёл проверку подлинности (по паролю)
2026-07-07 23:05:23 +05 ПОДРОБНОСТИ:  Роль "codestart" не существует.
	Подключение соответствует строке 115 в "I:/NewPythonProjects/Amazone_Clone/Postgres_db/pg_hba.conf": "host    all             all             127.0.0.1/32            scram-sha-256"
2026-07-07 23:05:59 +05 СООБЩЕНИЕ:  начата контрольная точка: immediate force wait
2026-07-07 23:05:59 +05 СООБЩЕНИЕ:  контрольная точка завершена: записано буферов: 1 (0.0%), записано SLRU-буферов: 0; добавлено файлов WAL 0, удалено: 0, переработано: 0; запись=0.001 сек., синхр.=0.048 сек., всего=0.199 сек.; синхронизировано_файлов=1, самая_долгая_синхр.=0.048 сек., средняя=0.048 сек.; расстояние=1 КБ, ожидалось=4510 КБ; lsn=0/1971E1F8, lsn redo=0/1971E1A0
2026-07-07 23:06:39 +05 ВАЖНО:  пользователь "codestart" не прошёл проверку подлинности (по паролю)
2026-07-07 23:06:39 +05 ПОДРОБНОСТИ:  Роль "codestart" не существует.
	Подключение соответствует строке 115 в "I:/NewPythonProjects/Amazone_Clone/Postgres_db/pg_hba.conf": "host    all             all             127.0.0.1/32            scram-sha-256"
2026-07-07 23:07:00 +05 ВАЖНО:  пользователь "codestart" не прошёл проверку подлинности (по паролю)
2026-07-07 23:07:00 +05 ПОДРОБНОСТИ:  Роль "codestart" не существует.
	Подключение соответствует строке 115 в "I:/NewPythonProjects/Amazone_Clone/Postgres_db/pg_hba.conf": "host    all             all             127.0.0.1/32            scram-sha-256"
2026-07-07 23:07:05 +05 ВАЖНО:  пользователь "codestart" не прошёл проверку подлинности (по паролю)
2026-07-07 23:07:05 +05 ПОДРОБНОСТИ:  Роль "codestart" не существует.
	Подключение соответствует строке 115 в "I:/NewPythonProjects/Amazone_Clone/Postgres_db/pg_hba.conf": "host    all             all             127.0.0.1/32            scram-sha-256"
2026-07-07 23:09:34 +05 ВАЖНО:  пользователь "codestart" не прошёл проверку подлинности (по паролю)
2026-07-07 23:09:34 +05 ПОДРОБНОСТИ:  Роль "codestart" не существует.
	Подключение соответствует строке 115 в "I:/NewPythonProjects/Amazone_Clone/Postgres_db/pg_hba.conf": "host    all             all             127.0.0.1/32            scram-sha-256"
2026-07-07 23:10:59 +05 СООБЩЕНИЕ:  начата контрольная точка: time
2026-07-07 23:12:49 +05 СООБЩЕНИЕ:  контрольная точка завершена: записано буферов: 994 (6.1%), записано SLRU-буферов: 1; добавлено файлов WAL 0, удалено: 0, переработано: 0; запись=108.331 сек., синхр.=2.257 сек., всего=110.706 сек.; синхронизировано_файлов=302, самая_долгая_синхр.=0.059 сек., средняя=0.008 сек.; расстояние=4673 КБ, ожидалось=4673 КБ; lsn=0/19BAE990, lsn redo=0/19BAE900
2026-07-07 23:18:49 +05 ВАЖНО:  пользователь "codestart" не прошёл проверку подлинности (по паролю)
2026-07-07 23:18:49 +05 ПОДРОБНОСТИ:  Роль "codestart" не существует.
	Подключение соответствует строке 115 в "I:/NewPythonProjects/Amazone_Clone/Postgres_db/pg_hba.conf": "host    all             all             127.0.0.1/32            scram-sha-256"
2026-07-07 23:26:39 +05 ВАЖНО:  пользователь "codestart" не прошёл проверку подлинности (по паролю)
2026-07-07 23:26:39 +05 ПОДРОБНОСТИ:  Роль "codestart" не существует.
	Подключение соответствует строке 115 в "I:/NewPythonProjects/Amazone_Clone/Postgres_db/pg_hba.conf": "host    all             all             127.0.0.1/32            scram-sha-256"
2026-07-07 23:28:26 +05 ВАЖНО:  пользователь "codestart" не прошёл проверку подлинности (по паролю)
2026-07-07 23:28:26 +05 ПОДРОБНОСТИ:  Роль "codestart" не существует.
	Подключение соответствует строке 115 в "I:/NewPythonProjects/Amazone_Clone/Postgres_db/pg_hba.conf": "host    all             all             127.0.0.1/32            scram-sha-256"
2026-07-07 23:28:51 +05 СООБЩЕНИЕ:  начата контрольная точка: immediate force wait
2026-07-07 23:28:52 +05 СООБЩЕНИЕ:  контрольная точка завершена: записано буферов: 1 (0.0%), записано SLRU-буферов: 0; добавлено файлов WAL 0, удалено: 0, переработано: 0; запись=0.001 сек., синхр.=0.047 сек., всего=0.186 сек.; синхронизировано_файлов=1, самая_долгая_синхр.=0.047 сек., средняя=0.047 сек.; расстояние=1 КБ, ожидалось=4206 КБ; lsn=0/19BAF130, lsn redo=0/19BAF0D8
2026-07-07 23:29:32 +05 ВАЖНО:  пользователь "codestart" не прошёл проверку подлинности (по паролю)
2026-07-07 23:29:32 +05 ПОДРОБНОСТИ:  Роль "codestart" не существует.
	Подключение соответствует строке 115 в "I:/NewPythonProjects/Amazone_Clone/Postgres_db/pg_hba.conf": "host    all             all             127.0.0.1/32            scram-sha-256"
2026-07-07 23:33:51 +05 СООБЩЕНИЕ:  начата контрольная точка: time
2026-07-07 23:34:28 +05 ВАЖНО:  пользователь "codestart" не прошёл проверку подлинности (по паролю)
2026-07-07 23:34:28 +05 ПОДРОБНОСТИ:  Роль "codestart" не существует.
	Подключение соответствует строке 115 в "I:/NewPythonProjects/Amazone_Clone/Postgres_db/pg_hba.conf": "host    all             all             127.0.0.1/32            scram-sha-256"
2026-07-07 23:35:53 +05 СООБЩЕНИЕ:  контрольная точка завершена: записано буферов: 1096 (6.7%), записано SLRU-буферов: 1; добавлено файлов WAL 0, удалено: 0, переработано: 1; запись=119.841 сек., синхр.=2.663 сек., всего=122.682 сек.; синхронизировано_файлов=458, самая_долгая_синхр.=0.059 сек., средняя=0.006 сек.; расстояние=5663 КБ, ожидалось=5663 КБ; lsn=0/1A137118, lsn redo=0/1A137088
2026-07-07 23:38:51 +05 СООБЩЕНИЕ:  начата контрольная точка: time
2026-07-07 23:38:53 +05 СООБЩЕНИЕ:  контрольная точка завершена: записано буферов: 10 (0.1%), записано SLRU-буферов: 1; добавлено файлов WAL 0, удалено: 0, переработано: 0; запись=1.090 сек., синхр.=0.226 сек., всего=1.451 сек.; синхронизировано_файлов=8, самая_долгая_синхр.=0.059 сек., средняя=0.029 сек.; расстояние=17 КБ, ожидалось=5099 КБ; lsn=0/1A13B810, lsn redo=0/1A13B7B8
