2026-06-03 08:25:57 +05 СООБЩЕНИЕ:  система БД была выключена: 2026-06-03 08:24:57 +05
2026-06-03 08:30:57 +05 СООБЩЕНИЕ:  начата контрольная точка: time
2026-06-03 08:30:57 +05 СООБЩЕНИЕ:  контрольная точка завершена: записано буферов: 0 (0.0%), записано SLRU-буферов: 3; добавлено файлов WAL 0, удалено: 0, переработано: 0; запись=0.002 сек., синхр.=0.056 сек., всего=0.184 сек.; синхронизировано_файлов=2, самая_долгая_синхр.=0.048 сек., средняя=0.028 сек.; расстояние=0 КБ, ожидалось=0 КБ; lsn=0/1844D68, lsn redo=0/1844D10
2026-06-03 08:35:57 +05 СООБЩЕНИЕ:  начата контрольная точка: time
2026-06-03 08:37:51 +05 СООБЩЕНИЕ:  контрольная точка завершена: записано буферов: 995 (6.1%), записано SLRU-буферов: 1; добавлено файлов WAL 1, удалено: 0, переработано: 0; запись=110.655 сек., синхр.=2.352 сек., всего=113.384 сек.; синхронизировано_файлов=303, самая_долгая_синхр.=0.101 сек., средняя=0.008 сек.; расстояние=4673 КБ, ожидалось=4673 КБ; lsn=0/1CD5250, lsn redo=0/1CD51C0
2026-06-03 08:40:57 +05 СООБЩЕНИЕ:  начата контрольная точка: time
2026-06-03 08:41:21 +05 СООБЩЕНИЕ:  контрольная точка завершена: записано буферов: 207 (1.3%), записано SLRU-буферов: 1; добавлено файлов WAL 0, удалено: 0, переработано: 0; запись=23.049 сек., синхр.=0.714 сек., всего=23.982 сек.; синхронизировано_файлов=200, самая_долгая_синхр.=0.014 сек., средняя=0.004 сек.; расстояние=1406 КБ, ожидалось=4346 КБ; lsn=0/1E35358, lsn redo=0/1E34B60
2026-06-03 08:50:57 +05 СООБЩЕНИЕ:  начата контрольная точка: time
2026-06-03 08:50:58 +05 СООБЩЕНИЕ:  контрольная точка завершена: записано буферов: 8 (0.0%), записано SLRU-буферов: 1; добавлено файлов WAL 0, удалено: 0, переработано: 0; запись=0.882 сек., синхр.=0.275 сек., всего=1.287 сек.; синхронизировано_файлов=6, самая_долгая_синхр.=0.059 сек., средняя=0.046 сек.; расстояние=10 КБ, ожидалось=3912 КБ; lsn=0/1E37418, lsn redo=0/1E373C0
2026-06-03 08:51:24 +05 РћРЁРР‘РљРђ:  СЃС‚РѕР»Р±РµС† catalog_attribute.created_at РЅРµ СЃСѓС‰РµСЃС‚РІСѓРµС‚ (СЃРёРјРІРѕР» 34)
2026-06-03 08:51:24 +05 РћРџР•Р РђРўРћР :  SELECT "catalog_attribute"."id", "catalog_attribute"."created_at", "catalog_attribute"."updated_at", "catalog_attribute"."name", "catalog_attribute"."slug" FROM "catalog_attribute" ORDER BY "catalog_attribute"."name" ASC
2026-06-03 08:51:24 +05 РћРЁРР‘РљРђ:  СЃС‚РѕР»Р±РµС† catalog_attribute.created_at РЅРµ СЃСѓС‰РµСЃС‚РІСѓРµС‚ (СЃРёРјРІРѕР» 34)
2026-06-03 08:51:24 +05 РћРџР•Р РђРўРћР :  SELECT "catalog_attribute"."id", "catalog_attribute"."created_at", "catalog_attribute"."updated_at", "catalog_attribute"."name", "catalog_attribute"."slug" FROM "catalog_attribute" ORDER BY "catalog_attribute"."name" ASC LIMIT 21
2026-06-03 08:51:24 +05 РћРЁРР‘РљРђ:  СЃС‚РѕР»Р±РµС† catalog_attribute.created_at РЅРµ СЃСѓС‰РµСЃС‚РІСѓРµС‚ (СЃРёРјРІРѕР» 34)
2026-06-03 08:51:24 +05 РћРџР•Р РђРўРћР :  SELECT "catalog_attribute"."id", "catalog_attribute"."created_at", "catalog_attribute"."updated_at", "catalog_attribute"."name", "catalog_attribute"."slug" FROM "catalog_attribute" ORDER BY "catalog_attribute"."name" ASC LIMIT 21
2026-06-03 08:51:24 +05 РћРЁРР‘РљРђ:  СЃС‚РѕР»Р±РµС† catalog_attribute.created_at РЅРµ СЃСѓС‰РµСЃС‚РІСѓРµС‚ (СЃРёРјРІРѕР» 34)
2026-06-03 08:51:24 +05 РћРџР•Р РђРўРћР :  SELECT "catalog_attribute"."id", "catalog_attribute"."created_at", "catalog_attribute"."updated_at", "catalog_attribute"."name", "catalog_attribute"."slug" FROM "catalog_attribute" ORDER BY "catalog_attribute"."name" ASC LIMIT 21
2026-06-03 08:51:28 +05 РћРЁРР‘РљРђ:  СЃС‚РѕР»Р±РµС† catalog_brand.created_at РЅРµ СЃСѓС‰РµСЃС‚РІСѓРµС‚ (СЃРёРјРІРѕР» 30)
2026-06-03 08:51:28 +05 РћРџР•Р РђРўРћР :  SELECT "catalog_brand"."id", "catalog_brand"."created_at", "catalog_brand"."updated_at", "catalog_brand"."name", "catalog_brand"."slug" FROM "catalog_brand" ORDER BY "catalog_brand"."name" ASC
2026-06-03 08:51:28 +05 РћРЁРР‘РљРђ:  СЃС‚РѕР»Р±РµС† catalog_brand.created_at РЅРµ СЃСѓС‰РµСЃС‚РІСѓРµС‚ (СЃРёРјРІРѕР» 30)
2026-06-03 08:51:28 +05 РћРџР•Р РђРўРћР :  SELECT "catalog_brand"."id", "catalog_brand"."created_at", "catalog_brand"."updated_at", "catalog_brand"."name", "catalog_brand"."slug" FROM "catalog_brand" ORDER BY "catalog_brand"."name" ASC LIMIT 21
2026-06-03 08:51:28 +05 РћРЁРР‘РљРђ:  СЃС‚РѕР»Р±РµС† catalog_brand.created_at РЅРµ СЃСѓС‰РµСЃС‚РІСѓРµС‚ (СЃРёРјРІРѕР» 30)
2026-06-03 08:51:28 +05 РћРџР•Р РђРўРћР :  SELECT "catalog_brand"."id", "catalog_brand"."created_at", "catalog_brand"."updated_at", "catalog_brand"."name", "catalog_brand"."slug" FROM "catalog_brand" ORDER BY "catalog_brand"."name" ASC LIMIT 21
2026-06-03 08:51:28 +05 РћРЁРР‘РљРђ:  СЃС‚РѕР»Р±РµС† catalog_brand.created_at РЅРµ СЃСѓС‰РµСЃС‚РІСѓРµС‚ (СЃРёРјРІРѕР» 30)
2026-06-03 08:51:28 +05 РћРџР•Р РђРўРћР :  SELECT "catalog_brand"."id", "catalog_brand"."created_at", "catalog_brand"."updated_at", "catalog_brand"."name", "catalog_brand"."slug" FROM "catalog_brand" ORDER BY "catalog_brand"."name" ASC LIMIT 21
2026-06-03 08:51:31 +05 РћРЁРР‘РљРђ:  СЃС‚РѕР»Р±РµС† catalog_productvariant.created_at РЅРµ СЃСѓС‰РµСЃС‚РІСѓРµС‚ (СЃРёРјРІРѕР» 39)
2026-06-03 08:51:31 +05 РћРџР•Р РђРўРћР :  SELECT "catalog_productvariant"."id", "catalog_productvariant"."created_at", "catalog_productvariant"."updated_at", "catalog_productvariant"."product_id", "catalog_productvariant"."sku", "catalog_productvariant"."barcode", "catalog_productvariant"."is_active", "catalog_productvariant"."length", "catalog_productvariant"."width", "catalog_productvariant"."height", "catalog_productvariant"."weight", "catalog_productvariant"."slug", "catalog_product"."id", "catalog_product"."created_at", "catalog_product"."updated_at", "catalog_product"."name", "catalog_product"."slug", "catalog_product"."description", "catalog_product"."meta_title", "catalog_product"."meta_description", "catalog_product"."manufacturer_code", "catalog_product"."brand_id", "catalog_product"."category_id", "catalog_product"."rating", "catalog_product"."reviews_count", "catalog_product"."is_active", "catalog_brand"."id", "catalog_brand"."created_at", "catalog_brand"."updated_at", "catalog_brand"."name", "catalog_brand"."slug", "catalog_category"."id", "catalog_category"."created_at", "catalog_category"."updated_at", "catalog_category"."name", "catalog_category"."slug", "catalog_category"."parent_id", "catalog_category"."is_active", "catalog_category"."meta_title", "catalog_category"."meta_description", "catalog_category"."path" FROM "catalog_productvariant" INNER JOIN "catalog_product" ON ("catalog_productvariant"."product_id" = "catalog_product"."id") INNER JOIN "catalog_brand" ON ("catalog_product"."brand_id" = "catalog_brand"."id") INNER JOIN "catalog_category" ON ("catalog_product"."category_id" = "catalog_category"."id") ORDER BY "catalog_productvariant"."id" DESC
2026-06-03 08:51:31 +05 РћРЁРР‘РљРђ:  СЃС‚РѕР»Р±РµС† catalog_productvariant.created_at РЅРµ СЃСѓС‰РµСЃС‚РІСѓРµС‚ (СЃРёРјРІРѕР» 39)
2026-06-03 08:51:31 +05 РћРџР•Р РђРўРћР :  SELECT "catalog_productvariant"."id", "catalog_productvariant"."created_at", "catalog_productvariant"."updated_at", "catalog_productvariant"."product_id", "catalog_productvariant"."sku", "catalog_productvariant"."barcode", "catalog_productvariant"."is_active", "catalog_productvariant"."length", "catalog_productvariant"."width", "catalog_productvariant"."height", "catalog_productvariant"."weight", "catalog_productvariant"."slug", "catalog_product"."id", "catalog_product"."created_at", "catalog_product"."updated_at", "catalog_product"."name", "catalog_product"."slug", "catalog_product"."description", "catalog_product"."meta_title", "catalog_product"."meta_description", "catalog_product"."manufacturer_code", "catalog_product"."brand_id", "catalog_product"."category_id", "catalog_product"."rating", "catalog_product"."reviews_count", "catalog_product"."is_active", "catalog_brand"."id", "catalog_brand"."created_at", "catalog_brand"."updated_at", "catalog_brand"."name", "catalog_brand"."slug", "catalog_category"."id", "catalog_category"."created_at", "catalog_category"."updated_at", "catalog_category"."name", "catalog_category"."slug", "catalog_category"."parent_id", "catalog_category"."is_active", "catalog_category"."meta_title", "catalog_category"."meta_description", "catalog_category"."path" FROM "catalog_productvariant" INNER JOIN "catalog_product" ON ("catalog_productvariant"."product_id" = "catalog_product"."id") INNER JOIN "catalog_brand" ON ("catalog_product"."brand_id" = "catalog_brand"."id") INNER JOIN "catalog_category" ON ("catalog_product"."category_id" = "catalog_category"."id") ORDER BY "catalog_productvariant"."id" DESC LIMIT 21
2026-06-03 08:51:31 +05 РћРЁРР‘РљРђ:  СЃС‚РѕР»Р±РµС† catalog_productvariant.created_at РЅРµ СЃСѓС‰РµСЃС‚РІСѓРµС‚ (СЃРёРјРІРѕР» 39)
2026-06-03 08:51:31 +05 РћРџР•Р РђРўРћР :  SELECT "catalog_productvariant"."id", "catalog_productvariant"."created_at", "catalog_productvariant"."updated_at", "catalog_productvariant"."product_id", "catalog_productvariant"."sku", "catalog_productvariant"."barcode", "catalog_productvariant"."is_active", "catalog_productvariant"."length", "catalog_productvariant"."width", "catalog_productvariant"."height", "catalog_productvariant"."weight", "catalog_productvariant"."slug", "catalog_product"."id", "catalog_product"."created_at", "catalog_product"."updated_at", "catalog_product"."name", "catalog_product"."slug", "catalog_product"."description", "catalog_product"."meta_title", "catalog_product"."meta_description", "catalog_product"."manufacturer_code", "catalog_product"."brand_id", "catalog_product"."category_id", "catalog_product"."rating", "catalog_product"."reviews_count", "catalog_product"."is_active", "catalog_brand"."id", "catalog_brand"."created_at", "catalog_brand"."updated_at", "catalog_brand"."name", "catalog_brand"."slug", "catalog_category"."id", "catalog_category"."created_at", "catalog_category"."updated_at", "catalog_category"."name", "catalog_category"."slug", "catalog_category"."parent_id", "catalog_category"."is_active", "catalog_category"."meta_title", "catalog_category"."meta_description", "catalog_category"."path" FROM "catalog_productvariant" INNER JOIN "catalog_product" ON ("catalog_productvariant"."product_id" = "catalog_product"."id") INNER JOIN "catalog_brand" ON ("catalog_product"."brand_id" = "catalog_brand"."id") INNER JOIN "catalog_category" ON ("catalog_product"."category_id" = "catalog_category"."id") ORDER BY "catalog_productvariant"."id" DESC LIMIT 21
2026-06-03 08:51:31 +05 РћРЁРР‘РљРђ:  СЃС‚РѕР»Р±РµС† catalog_productvariant.created_at РЅРµ СЃСѓС‰РµСЃС‚РІСѓРµС‚ (СЃРёРјРІРѕР» 39)
2026-06-03 08:51:31 +05 РћРџР•Р РђРўРћР :  SELECT "catalog_productvariant"."id", "catalog_productvariant"."created_at", "catalog_productvariant"."updated_at", "catalog_productvariant"."product_id", "catalog_productvariant"."sku", "catalog_productvariant"."barcode", "catalog_productvariant"."is_active", "catalog_productvariant"."length", "catalog_productvariant"."width", "catalog_productvariant"."height", "catalog_productvariant"."weight", "catalog_productvariant"."slug", "catalog_product"."id", "catalog_product"."created_at", "catalog_product"."updated_at", "catalog_product"."name", "catalog_product"."slug", "catalog_product"."description", "catalog_product"."meta_title", "catalog_product"."meta_description", "catalog_product"."manufacturer_code", "catalog_product"."brand_id", "catalog_product"."category_id", "catalog_product"."rating", "catalog_product"."reviews_count", "catalog_product"."is_active", "catalog_brand"."id", "catalog_brand"."created_at", "catalog_brand"."updated_at", "catalog_brand"."name", "catalog_brand"."slug", "catalog_category"."id", "catalog_category"."created_at", "catalog_category"."updated_at", "catalog_category"."name", "catalog_category"."slug", "catalog_category"."parent_id", "catalog_category"."is_active", "catalog_category"."meta_title", "catalog_category"."meta_description", "catalog_category"."path" FROM "catalog_productvariant" INNER JOIN "catalog_product" ON ("catalog_productvariant"."product_id" = "catalog_product"."id") INNER JOIN "catalog_brand" ON ("catalog_product"."brand_id" = "catalog_brand"."id") INNER JOIN "catalog_category" ON ("catalog_product"."category_id" = "catalog_category"."id") ORDER BY "catalog_productvariant"."id" DESC LIMIT 21
2026-06-03 08:51:37 +05 РћРЁРР‘РљРђ:  СЃС‚РѕР»Р±РµС† catalog_category.created_at РЅРµ СЃСѓС‰РµСЃС‚РІСѓРµС‚ (СЃРёРјРІРѕР» 33)
2026-06-03 08:51:37 +05 РћРџР•Р РђРўРћР :  SELECT "catalog_category"."id", "catalog_category"."created_at", "catalog_category"."updated_at", "catalog_category"."name", "catalog_category"."slug", "catalog_category"."parent_id", "catalog_category"."is_active", "catalog_category"."meta_title", "catalog_category"."meta_description", "catalog_category"."path" FROM "catalog_category" ORDER BY "catalog_category"."name" ASC, "catalog_category"."id" DESC
2026-06-03 08:51:37 +05 РћРЁРР‘РљРђ:  СЃС‚РѕР»Р±РµС† catalog_category.created_at РЅРµ СЃСѓС‰РµСЃС‚РІСѓРµС‚ (СЃРёРјРІРѕР» 33)
2026-06-03 08:51:37 +05 РћРџР•Р РђРўРћР :  SELECT "catalog_category"."id", "catalog_category"."created_at", "catalog_category"."updated_at", "catalog_category"."name", "catalog_category"."slug", "catalog_category"."parent_id", "catalog_category"."is_active", "catalog_category"."meta_title", "catalog_category"."meta_description", "catalog_category"."path" FROM "catalog_category" ORDER BY "catalog_category"."name" ASC, "catalog_category"."id" DESC LIMIT 21
2026-06-03 08:51:37 +05 РћРЁРР‘РљРђ:  СЃС‚РѕР»Р±РµС† catalog_category.created_at РЅРµ СЃСѓС‰РµСЃС‚РІСѓРµС‚ (СЃРёРјРІРѕР» 33)
2026-06-03 08:51:37 +05 РћРџР•Р РђРўРћР :  SELECT "catalog_category"."id", "catalog_category"."created_at", "catalog_category"."updated_at", "catalog_category"."name", "catalog_category"."slug", "catalog_category"."parent_id", "catalog_category"."is_active", "catalog_category"."meta_title", "catalog_category"."meta_description", "catalog_category"."path" FROM "catalog_category" ORDER BY "catalog_category"."name" ASC, "catalog_category"."id" DESC LIMIT 21
2026-06-03 08:51:37 +05 РћРЁРР‘РљРђ:  СЃС‚РѕР»Р±РµС† catalog_category.created_at РЅРµ СЃСѓС‰РµСЃС‚РІСѓРµС‚ (СЃРёРјРІРѕР» 33)
2026-06-03 08:51:37 +05 РћРџР•Р РђРўРћР :  SELECT "catalog_category"."id", "catalog_category"."created_at", "catalog_category"."updated_at", "catalog_category"."name", "catalog_category"."slug", "catalog_category"."parent_id", "catalog_category"."is_active", "catalog_category"."meta_title", "catalog_category"."meta_description", "catalog_category"."path" FROM "catalog_category" ORDER BY "catalog_category"."name" ASC, "catalog_category"."id" DESC LIMIT 21
2026-06-03 08:55:57 +05 СООБЩЕНИЕ:  начата контрольная точка: time
2026-06-03 08:55:58 +05 СООБЩЕНИЕ:  контрольная точка завершена: записано буферов: 3 (0.0%), записано SLRU-буферов: 0; добавлено файлов WAL 0, удалено: 0, переработано: 0; запись=0.325 сек., синхр.=0.107 сек., всего=0.595 сек.; синхронизировано_файлов=2, самая_долгая_синхр.=0.056 сек., средняя=0.054 сек.; расстояние=17 КБ, ожидалось=3523 КБ; lsn=0/1E3B968, lsn redo=0/1E3B910
2026-06-03 09:00:46 +05 РћРЁРР‘РљРђ:  СЃС‚РѕР»Р±РµС† catalog_attribute.created_at РЅРµ СЃСѓС‰РµСЃС‚РІСѓРµС‚ (СЃРёРјРІРѕР» 34)
2026-06-03 09:00:46 +05 РћРџР•Р РђРўРћР :  SELECT "catalog_attribute"."id", "catalog_attribute"."created_at", "catalog_attribute"."updated_at", "catalog_attribute"."name", "catalog_attribute"."slug" FROM "catalog_attribute" ORDER BY "catalog_attribute"."name" ASC
2026-06-03 09:00:46 +05 РћРЁРР‘РљРђ:  СЃС‚РѕР»Р±РµС† catalog_attribute.created_at РЅРµ СЃСѓС‰РµСЃС‚РІСѓРµС‚ (СЃРёРјРІРѕР» 34)
2026-06-03 09:00:46 +05 РћРџР•Р РђРўРћР :  SELECT "catalog_attribute"."id", "catalog_attribute"."created_at", "catalog_attribute"."updated_at", "catalog_attribute"."name", "catalog_attribute"."slug" FROM "catalog_attribute" ORDER BY "catalog_attribute"."name" ASC LIMIT 21
2026-06-03 09:00:46 +05 РћРЁРР‘РљРђ:  СЃС‚РѕР»Р±РµС† catalog_attribute.created_at РЅРµ СЃСѓС‰РµСЃС‚РІСѓРµС‚ (СЃРёРјРІРѕР» 34)
2026-06-03 09:00:46 +05 РћРџР•Р РђРўРћР :  SELECT "catalog_attribute"."id", "catalog_attribute"."created_at", "catalog_attribute"."updated_at", "catalog_attribute"."name", "catalog_attribute"."slug" FROM "catalog_attribute" ORDER BY "catalog_attribute"."name" ASC LIMIT 21
2026-06-03 09:00:46 +05 РћРЁРР‘РљРђ:  СЃС‚РѕР»Р±РµС† catalog_attribute.created_at РЅРµ СЃСѓС‰РµСЃС‚РІСѓРµС‚ (СЃРёРјРІРѕР» 34)
2026-06-03 09:00:46 +05 РћРџР•Р РђРўРћР :  SELECT "catalog_attribute"."id", "catalog_attribute"."created_at", "catalog_attribute"."updated_at", "catalog_attribute"."name", "catalog_attribute"."slug" FROM "catalog_attribute" ORDER BY "catalog_attribute"."name" ASC LIMIT 21
2026-06-03 09:01:01 +05 РћРЁРР‘РљРђ:  СЃС‚РѕР»Р±РµС† catalog_category.created_at РЅРµ СЃСѓС‰РµСЃС‚РІСѓРµС‚ (СЃРёРјРІРѕР» 33)
2026-06-03 09:01:01 +05 РћРџР•Р РђРўРћР :  SELECT "catalog_category"."id", "catalog_category"."created_at", "catalog_category"."updated_at", "catalog_category"."name", "catalog_category"."slug", "catalog_category"."parent_id", "catalog_category"."is_active", "catalog_category"."meta_title", "catalog_category"."meta_description", "catalog_category"."path" FROM "catalog_category" ORDER BY "catalog_category"."path" ASC, "catalog_category"."id" DESC
2026-06-03 09:01:01 +05 РћРЁРР‘РљРђ:  СЃС‚РѕР»Р±РµС† catalog_category.created_at РЅРµ СЃСѓС‰РµСЃС‚РІСѓРµС‚ (СЃРёРјРІРѕР» 33)
2026-06-03 09:01:01 +05 РћРџР•Р РђРўРћР :  SELECT "catalog_category"."id", "catalog_category"."created_at", "catalog_category"."updated_at", "catalog_category"."name", "catalog_category"."slug", "catalog_category"."parent_id", "catalog_category"."is_active", "catalog_category"."meta_title", "catalog_category"."meta_description", "catalog_category"."path" FROM "catalog_category" ORDER BY "catalog_category"."path" ASC, "catalog_category"."id" DESC LIMIT 21
2026-06-03 09:01:01 +05 РћРЁРР‘РљРђ:  СЃС‚РѕР»Р±РµС† catalog_category.created_at РЅРµ СЃСѓС‰РµСЃС‚РІСѓРµС‚ (СЃРёРјРІРѕР» 33)
2026-06-03 09:01:01 +05 РћРџР•Р РђРўРћР :  SELECT "catalog_category"."id", "catalog_category"."created_at", "catalog_category"."updated_at", "catalog_category"."name", "catalog_category"."slug", "catalog_category"."parent_id", "catalog_category"."is_active", "catalog_category"."meta_title", "catalog_category"."meta_description", "catalog_category"."path" FROM "catalog_category" ORDER BY "catalog_category"."path" ASC, "catalog_category"."id" DESC LIMIT 21
2026-06-03 09:01:01 +05 РћРЁРР‘РљРђ:  СЃС‚РѕР»Р±РµС† catalog_category.created_at РЅРµ СЃСѓС‰РµСЃС‚РІСѓРµС‚ (СЃРёРјРІРѕР» 33)
2026-06-03 09:01:01 +05 РћРџР•Р РђРўРћР :  SELECT "catalog_category"."id", "catalog_category"."created_at", "catalog_category"."updated_at", "catalog_category"."name", "catalog_category"."slug", "catalog_category"."parent_id", "catalog_category"."is_active", "catalog_category"."meta_title", "catalog_category"."meta_description", "catalog_category"."path" FROM "catalog_category" ORDER BY "catalog_category"."path" ASC, "catalog_category"."id" DESC LIMIT 21
2026-06-03 09:04:55 +05 ERROR:  cannot drop С‚Р°Р±Р»РёС†Р° catalog_attribute because other objects depend on it
2026-06-03 09:04:55 +05 DETAIL:  РѕРіСЂР°РЅРёС‡РµРЅРёРµ catalog_attributeval_attribute_id_cb89e56d_fk_catalog_a РІ РѕС‚РЅРѕС€РµРЅРёРё С‚Р°Р±Р»РёС†Р° catalog_attributevalue depends on С‚Р°Р±Р»РёС†Р° catalog_attribute
2026-06-03 09:04:55 +05 HINT:  Use DROP ... CASCADE to drop the dependent objects too.
2026-06-03 09:04:55 +05 STATEMENT:  DROP TABLE IF EXISTS public.catalog_attribute;
2026-06-03 09:05:14 +05 ERROR:  cannot drop С‚Р°Р±Р»РёС†Р° catalog_attribute because other objects depend on it
2026-06-03 09:05:14 +05 DETAIL:  РѕРіСЂР°РЅРёС‡РµРЅРёРµ catalog_attributeval_attribute_id_cb89e56d_fk_catalog_a РІ РѕС‚РЅРѕС€РµРЅРёРё С‚Р°Р±Р»РёС†Р° catalog_attributevalue depends on С‚Р°Р±Р»РёС†Р° catalog_attribute
2026-06-03 09:05:14 +05 HINT:  Use DROP ... CASCADE to drop the dependent objects too.
2026-06-03 09:05:14 +05 STATEMENT:  DROP TABLE IF EXISTS public.catalog_attribute;
2026-06-03 09:05:20 +05 ERROR:  cannot drop С‚Р°Р±Р»РёС†Р° catalog_attribute because other objects depend on it
2026-06-03 09:05:20 +05 DETAIL:  РѕРіСЂР°РЅРёС‡РµРЅРёРµ catalog_attributeval_attribute_id_cb89e56d_fk_catalog_a РІ РѕС‚РЅРѕС€РµРЅРёРё С‚Р°Р±Р»РёС†Р° catalog_attributevalue depends on С‚Р°Р±Р»РёС†Р° catalog_attribute
2026-06-03 09:05:20 +05 HINT:  Use DROP ... CASCADE to drop the dependent objects too.
2026-06-03 09:05:20 +05 STATEMENT:  DROP TABLE IF EXISTS public.catalog_attribute;
2026-06-03 09:05:26 +05 ERROR:  cannot drop С‚Р°Р±Р»РёС†Р° catalog_attribute because other objects depend on it
2026-06-03 09:05:26 +05 DETAIL:  РѕРіСЂР°РЅРёС‡РµРЅРёРµ catalog_attributeval_attribute_id_cb89e56d_fk_catalog_a РІ РѕС‚РЅРѕС€РµРЅРёРё С‚Р°Р±Р»РёС†Р° catalog_attributevalue depends on С‚Р°Р±Р»РёС†Р° catalog_attribute
2026-06-03 09:05:26 +05 HINT:  Use DROP ... CASCADE to drop the dependent objects too.
2026-06-03 09:05:26 +05 STATEMENT:  DROP TABLE IF EXISTS public.catalog_attribute;
2026-06-03 09:05:32 +05 ERROR:  cannot drop С‚Р°Р±Р»РёС†Р° catalog_attribute because other objects depend on it
2026-06-03 09:05:32 +05 DETAIL:  РѕРіСЂР°РЅРёС‡РµРЅРёРµ catalog_attributeval_attribute_id_cb89e56d_fk_catalog_a РІ РѕС‚РЅРѕС€РµРЅРёРё С‚Р°Р±Р»РёС†Р° catalog_attributevalue depends on С‚Р°Р±Р»РёС†Р° catalog_attribute
2026-06-03 09:05:32 +05 HINT:  Use DROP ... CASCADE to drop the dependent objects too.
2026-06-03 09:05:32 +05 STATEMENT:  DROP TABLE IF EXISTS public.catalog_attribute;
2026-06-03 09:05:39 +05 ERROR:  cannot drop С‚Р°Р±Р»РёС†Р° catalog_attribute because other objects depend on it
2026-06-03 09:05:39 +05 DETAIL:  РѕРіСЂР°РЅРёС‡РµРЅРёРµ catalog_attributeval_attribute_id_cb89e56d_fk_catalog_a РІ РѕС‚РЅРѕС€РµРЅРёРё С‚Р°Р±Р»РёС†Р° catalog_attributevalue depends on С‚Р°Р±Р»РёС†Р° catalog_attribute
2026-06-03 09:05:39 +05 HINT:  Use DROP ... CASCADE to drop the dependent objects too.
2026-06-03 09:05:39 +05 STATEMENT:  DROP TABLE IF EXISTS public.catalog_attribute;
2026-06-03 09:05:45 +05 ERROR:  cannot drop С‚Р°Р±Р»РёС†Р° catalog_attribute because other objects depend on it
2026-06-03 09:05:45 +05 DETAIL:  РѕРіСЂР°РЅРёС‡РµРЅРёРµ catalog_attributeval_attribute_id_cb89e56d_fk_catalog_a РІ РѕС‚РЅРѕС€РµРЅРёРё С‚Р°Р±Р»РёС†Р° catalog_attributevalue depends on С‚Р°Р±Р»РёС†Р° catalog_attribute
2026-06-03 09:05:45 +05 HINT:  Use DROP ... CASCADE to drop the dependent objects too.
2026-06-03 09:05:45 +05 STATEMENT:  DROP TABLE IF EXISTS public.catalog_attribute;
2026-06-03 09:05:57 +05 СООБЩЕНИЕ:  начата контрольная точка: time
2026-06-03 09:06:00 +05 СООБЩЕНИЕ:  контрольная точка завершена: записано буферов: 26 (0.2%), записано SLRU-буферов: 1; добавлено файлов WAL 0, удалено: 0, переработано: 0; запись=2.898 сек., синхр.=0.397 сек., всего=3.440 сек.; синхронизировано_файлов=12, самая_долгая_синхр.=0.067 сек., средняя=0.034 сек.; расстояние=201 КБ, ожидалось=3191 КБ; lsn=0/1E6DFC8, lsn redo=0/1E6DF70
2026-06-03 09:07:47 +05 LOG:  could not receive data from client: An existing connection was forcibly closed by the remote host.
	
2026-06-03 09:07:47 +05 LOG:  could not receive data from client: An existing connection was forcibly closed by the remote host.
	
2026-06-03 09:10:57 +05 СООБЩЕНИЕ:  начата контрольная точка: time
2026-06-03 09:11:03 +05 СООБЩЕНИЕ:  контрольная точка завершена: записано буферов: 48 (0.3%), записано SLRU-буферов: 1; добавлено файлов WAL 0, удалено: 0, переработано: 0; запись=5.348 сек., синхр.=0.380 сек., всего=5.881 сек.; синхронизировано_файлов=16, самая_долгая_синхр.=0.067 сек., средняя=0.024 сек.; расстояние=371 КБ, ожидалось=2909 КБ; lsn=0/1ECAEF8, lsn redo=0/1ECAE68
2026-06-03 09:15:57 +05 СООБЩЕНИЕ:  начата контрольная точка: time
2026-06-03 09:15:57 +05 СООБЩЕНИЕ:  контрольная точка завершена: записано буферов: 2 (0.0%), записано SLRU-буферов: 1; добавлено файлов WAL 0, удалено: 0, переработано: 0; запись=0.221 сек., синхр.=0.116 сек., всего=0.485 сек.; синхронизировано_файлов=3, самая_долгая_синхр.=0.047 сек., средняя=0.039 сек.; расстояние=10 КБ, ожидалось=2619 КБ; lsn=0/1ECD928, lsn redo=0/1ECD8D0
2026-06-03 09:18:02 +05 LOG:  could not receive data from client: An existing connection was forcibly closed by the remote host.
	
2026-06-03 09:18:02 +05 LOG:  could not receive data from client: An existing connection was forcibly closed by the remote host.
	
2026-06-03 09:18:02 +05 LOG:  could not receive data from client: An existing connection was forcibly closed by the remote host.
	
2026-06-03 09:36:29 +05 СООБЩЕНИЕ:  начата контрольная точка: immediate force wait
2026-06-03 09:36:29 +05 СООБЩЕНИЕ:  контрольная точка завершена: записано буферов: 1 (0.0%), записано SLRU-буферов: 0; добавлено файлов WAL 0, удалено: 0, переработано: 0; запись=0.001 сек., синхр.=0.036 сек., всего=0.204 сек.; синхронизировано_файлов=1, самая_долгая_синхр.=0.036 сек., средняя=0.036 сек.; расстояние=1 КБ, ожидалось=2357 КБ; lsn=0/1ECDE00, lsn redo=0/1ECDDA8
2026-06-03 09:41:29 +05 СООБЩЕНИЕ:  начата контрольная точка: time
2026-06-03 09:42:32 +05 LOG:  could not receive data from client: An existing connection was forcibly closed by the remote host.
	
2026-06-03 09:42:32 +05 LOG:  could not receive data from client: An existing connection was forcibly closed by the remote host.
	
2026-06-03 09:43:02 +05 СООБЩЕНИЕ:  контрольная точка завершена: записано буферов: 1138 (6.9%), записано SLRU-буферов: 1; добавлено файлов WAL 0, удалено: 0, переработано: 1; запись=88.524 сек., синхр.=4.325 сек., всего=92.997 сек.; синхронизировано_файлов=487, самая_долгая_синхр.=0.129 сек., средняя=0.009 сек.; расстояние=5678 КБ, ожидалось=5678 КБ; lsn=0/24597A0, lsn redo=0/2459710
2026-06-03 09:43:02 +05 СООБЩЕНИЕ:  выключение
2026-06-03 09:43:02 +05 СООБЩЕНИЕ:  начата контрольная точка: shutdown immediate
2026-06-03 09:43:02 +05 СООБЩЕНИЕ:  контрольная точка завершена: записано буферов: 0 (0.0%), записано SLRU-буферов: 0; добавлено файлов WAL 0, удалено: 0, переработано: 0; запись=0.001 сек., синхр.=0.001 сек., всего=0.217 сек.; синхронизировано_файлов=0, самая_долгая_синхр.=0.000 сек., средняя=0.000 сек.; расстояние=0 КБ, ожидалось=5110 КБ; lsn=0/2459818, lsn redo=0/2459818
