2026-07-05 07:33:10 +05 СООБЩЕНИЕ:  система БД была выключена: 2026-07-05 00:37:38 +05
2026-07-05 07:38:10 +05 СООБЩЕНИЕ:  начата контрольная точка: time
2026-07-05 07:38:10 +05 СООБЩЕНИЕ:  контрольная точка завершена: записано буферов: 0 (0.0%), записано SLRU-буферов: 2; добавлено файлов WAL 0, удалено: 0, переработано: 0; запись=0.001 сек., синхр.=0.059 сек., всего=0.262 сек.; синхронизировано_файлов=3, самая_долгая_синхр.=0.047 сек., средняя=0.020 сек.; расстояние=0 КБ, ожидалось=0 КБ; lsn=0/16E527A0, lsn redo=0/16E52748
2026-07-05 23:11:09 +05 ВАЖНО:  пользователь "codekids_user" не прошёл проверку подлинности (по паролю)
2026-07-05 23:11:09 +05 ПОДРОБНОСТИ:  Роль "codekids_user" не существует.
	Подключение соответствует строке 115 в "I:/NewPythonProjects/Amazone_Clone/Postgres_db/pg_hba.conf": "host    all             all             127.0.0.1/32            scram-sha-256"
2026-07-05 23:11:59 +05 ВАЖНО:  пользователь "codekids_user" не прошёл проверку подлинности (по паролю)
2026-07-05 23:11:59 +05 ПОДРОБНОСТИ:  Роль "codekids_user" не существует.
	Подключение соответствует строке 115 в "I:/NewPythonProjects/Amazone_Clone/Postgres_db/pg_hba.conf": "host    all             all             127.0.0.1/32            scram-sha-256"
2026-07-05 23:31:46 +05 ВАЖНО:  база данных "amazon_clone" не существует
2026-07-05 23:31:46 +05 ВАЖНО:  база данных "amazon_clone" не существует
2026-07-05 23:32:31 +05 LOG:  could not receive data from client: An existing connection was forcibly closed by the remote host.
	
2026-07-05 23:32:31 +05 LOG:  could not receive data from client: An existing connection was forcibly closed by the remote host.
	
2026-07-05 23:32:31 +05 LOG:  could not receive data from client: An existing connection was forcibly closed by the remote host.
	
2026-07-05 23:33:07 +05 ВАЖНО:  база данных "amazon_clone" не существует
2026-07-05 23:33:07 +05 ВАЖНО:  база данных "amazon_clone" не существует
2026-07-05 23:33:12 +05 СООБЩЕНИЕ:  начата контрольная точка: time
2026-07-05 23:33:30 +05 СООБЩЕНИЕ:  контрольная точка завершена: записано буферов: 172 (1.0%), записано SLRU-буферов: 1; добавлено файлов WAL 0, удалено: 0, переработано: 1; запись=18.046 сек., синхр.=0.124 сек., всего=18.428 сек.; синхронизировано_файлов=6, самая_долгая_синхр.=0.032 сек., средняя=0.021 сек.; расстояние=4720 КБ, ожидалось=4720 КБ; lsn=0/172EF260, lsn redo=0/172EE808
2026-07-05 23:33:30 +05 СООБЩЕНИЕ:  начата контрольная точка: immediate force wait
2026-07-05 23:33:30 +05 СООБЩЕНИЕ:  контрольная точка завершена: записано буферов: 1 (0.0%), записано SLRU-буферов: 0; добавлено файлов WAL 0, удалено: 0, переработано: 0; запись=0.001 сек., синхр.=0.039 сек., всего=0.159 сек.; синхронизировано_файлов=1, самая_долгая_синхр.=0.039 сек., средняя=0.039 сек.; расстояние=2 КБ, ожидалось=4248 КБ; lsn=0/172EF330, lsn redo=0/172EF2D8
2026-07-05 23:34:19 +05 LOG:  could not receive data from client: An existing connection was forcibly closed by the remote host.
	
2026-07-05 23:34:19 +05 LOG:  could not receive data from client: An existing connection was forcibly closed by the remote host.
	
2026-07-05 23:37:01 +05 ВАЖНО:  пользователь "postgres" не прошёл проверку подлинности (по паролю)
2026-07-05 23:37:01 +05 ПОДРОБНОСТИ:  Подключение соответствует строке 115 в "I:/NewPythonProjects/Amazone_Clone/Postgres_db/pg_hba.conf": "host    all             all             127.0.0.1/32            scram-sha-256"
2026-07-05 23:37:25 +05 ВАЖНО:  пользователь "postgres" не прошёл проверку подлинности (по паролю)
2026-07-05 23:37:25 +05 ПОДРОБНОСТИ:  Подключение соответствует строке 115 в "I:/NewPythonProjects/Amazone_Clone/Postgres_db/pg_hba.conf": "host    all             all             127.0.0.1/32            scram-sha-256"
2026-07-05 23:37:37 +05 ВАЖНО:  пользователь "postgres" не прошёл проверку подлинности (по паролю)
2026-07-05 23:37:37 +05 ПОДРОБНОСТИ:  Подключение соответствует строке 115 в "I:/NewPythonProjects/Amazone_Clone/Postgres_db/pg_hba.conf": "host    all             all             127.0.0.1/32            scram-sha-256"
2026-07-05 23:38:30 +05 СООБЩЕНИЕ:  начата контрольная точка: time
2026-07-05 23:40:22 +05 СООБЩЕНИЕ:  контрольная точка завершена: записано буферов: 994 (6.1%), записано SLRU-буферов: 1; добавлено файлов WAL 0, удалено: 0, переработано: 0; запись=109.071 сек., синхр.=2.383 сек., всего=111.577 сек.; синхронизировано_файлов=302, самая_долгая_синхр.=0.059 сек., средняя=0.008 сек.; расстояние=4677 КБ, ожидалось=4677 КБ; lsn=0/17780830, lsn redo=0/177807A0
