2026-06-07 02:27:34 +05 СООБЩЕНИЕ:  начата контрольная точка: time
2026-06-07 02:27:36 +05 СООБЩЕНИЕ:  контрольная точка завершена: записано буферов: 10 (0.1%), записано SLRU-буферов: 1; добавлено файлов WAL 0, удалено: 0, переработано: 0; запись=1.110 сек., синхр.=0.346 сек., всего=1.593 сек.; синхронизировано_файлов=9, самая_долгая_синхр.=0.053 сек., средняя=0.039 сек.; расстояние=60 КБ, ожидалось=60 КБ; lsn=0/247E100, lsn redo=0/247E0A8
2026-06-07 03:20:01 +05 РћРЁРР‘РљРђ:  СЃС‚РѕР»Р±РµС† catalog_category.depth РЅРµ СЃСѓС‰РµСЃС‚РІСѓРµС‚ (СЃРёРјРІРѕР» 126)
2026-06-07 03:20:01 +05 РћРџР•Р РђРўРћР :  SELECT "catalog_category"."id", "catalog_category"."created_at", "catalog_category"."updated_at", "catalog_category"."path", "catalog_category"."depth", "catalog_category"."numchild", "catalog_category"."name", "catalog_category"."slug", "catalog_category"."is_active", "catalog_category"."meta_title", "catalog_category"."meta_description", "catalog_category"."url_path", "catalog_category"."full_name_cached" FROM "catalog_category" ORDER BY "catalog_category"."path" ASC
2026-06-07 03:20:01 +05 РћРЁРР‘РљРђ:  СЃС‚РѕР»Р±РµС† catalog_category.depth РЅРµ СЃСѓС‰РµСЃС‚РІСѓРµС‚ (СЃРёРјРІРѕР» 126)
2026-06-07 03:20:01 +05 РћРџР•Р РђРўРћР :  SELECT "catalog_category"."id", "catalog_category"."created_at", "catalog_category"."updated_at", "catalog_category"."path", "catalog_category"."depth", "catalog_category"."numchild", "catalog_category"."name", "catalog_category"."slug", "catalog_category"."is_active", "catalog_category"."meta_title", "catalog_category"."meta_description", "catalog_category"."url_path", "catalog_category"."full_name_cached" FROM "catalog_category" ORDER BY "catalog_category"."path" ASC LIMIT 21
2026-06-07 03:20:01 +05 РћРЁРР‘РљРђ:  СЃС‚РѕР»Р±РµС† catalog_category.depth РЅРµ СЃСѓС‰РµСЃС‚РІСѓРµС‚ (СЃРёРјРІРѕР» 126)
2026-06-07 03:20:01 +05 РћРџР•Р РђРўРћР :  SELECT "catalog_category"."id", "catalog_category"."created_at", "catalog_category"."updated_at", "catalog_category"."path", "catalog_category"."depth", "catalog_category"."numchild", "catalog_category"."name", "catalog_category"."slug", "catalog_category"."is_active", "catalog_category"."meta_title", "catalog_category"."meta_description", "catalog_category"."url_path", "catalog_category"."full_name_cached" FROM "catalog_category" ORDER BY "catalog_category"."path" ASC LIMIT 21
2026-06-07 03:20:01 +05 РћРЁРР‘РљРђ:  СЃС‚РѕР»Р±РµС† catalog_category.depth РЅРµ СЃСѓС‰РµСЃС‚РІСѓРµС‚ (СЃРёРјРІРѕР» 126)
2026-06-07 03:20:01 +05 РћРџР•Р РђРўРћР :  SELECT "catalog_category"."id", "catalog_category"."created_at", "catalog_category"."updated_at", "catalog_category"."path", "catalog_category"."depth", "catalog_category"."numchild", "catalog_category"."name", "catalog_category"."slug", "catalog_category"."is_active", "catalog_category"."meta_title", "catalog_category"."meta_description", "catalog_category"."url_path", "catalog_category"."full_name_cached" FROM "catalog_category" ORDER BY "catalog_category"."path" ASC LIMIT 21
2026-06-07 03:20:07 +05 РћРЁРР‘РљРђ:  СЃС‚РѕР»Р±РµС† catalog_category.depth РЅРµ СЃСѓС‰РµСЃС‚РІСѓРµС‚ (СЃРёРјРІРѕР» 126)
2026-06-07 03:20:07 +05 РћРџР•Р РђРўРћР :  SELECT "catalog_category"."id", "catalog_category"."created_at", "catalog_category"."updated_at", "catalog_category"."path", "catalog_category"."depth", "catalog_category"."numchild", "catalog_category"."name", "catalog_category"."slug", "catalog_category"."is_active", "catalog_category"."meta_title", "catalog_category"."meta_description", "catalog_category"."url_path", "catalog_category"."full_name_cached" FROM "catalog_category" ORDER BY "catalog_category"."path" ASC
2026-06-07 03:20:07 +05 РћРЁРР‘РљРђ:  СЃС‚РѕР»Р±РµС† catalog_category.depth РЅРµ СЃСѓС‰РµСЃС‚РІСѓРµС‚ (СЃРёРјРІРѕР» 126)
2026-06-07 03:20:07 +05 РћРџР•Р РђРўРћР :  SELECT "catalog_category"."id", "catalog_category"."created_at", "catalog_category"."updated_at", "catalog_category"."path", "catalog_category"."depth", "catalog_category"."numchild", "catalog_category"."name", "catalog_category"."slug", "catalog_category"."is_active", "catalog_category"."meta_title", "catalog_category"."meta_description", "catalog_category"."url_path", "catalog_category"."full_name_cached" FROM "catalog_category" ORDER BY "catalog_category"."path" ASC LIMIT 21
2026-06-07 03:20:07 +05 РћРЁРР‘РљРђ:  СЃС‚РѕР»Р±РµС† catalog_category.depth РЅРµ СЃСѓС‰РµСЃС‚РІСѓРµС‚ (СЃРёРјРІРѕР» 126)
2026-06-07 03:20:07 +05 РћРџР•Р РђРўРћР :  SELECT "catalog_category"."id", "catalog_category"."created_at", "catalog_category"."updated_at", "catalog_category"."path", "catalog_category"."depth", "catalog_category"."numchild", "catalog_category"."name", "catalog_category"."slug", "catalog_category"."is_active", "catalog_category"."meta_title", "catalog_category"."meta_description", "catalog_category"."url_path", "catalog_category"."full_name_cached" FROM "catalog_category" ORDER BY "catalog_category"."path" ASC LIMIT 21
2026-06-07 03:20:07 +05 РћРЁРР‘РљРђ:  СЃС‚РѕР»Р±РµС† catalog_category.depth РЅРµ СЃСѓС‰РµСЃС‚РІСѓРµС‚ (СЃРёРјРІРѕР» 126)
2026-06-07 03:20:07 +05 РћРџР•Р РђРўРћР :  SELECT "catalog_category"."id", "catalog_category"."created_at", "catalog_category"."updated_at", "catalog_category"."path", "catalog_category"."depth", "catalog_category"."numchild", "catalog_category"."name", "catalog_category"."slug", "catalog_category"."is_active", "catalog_category"."meta_title", "catalog_category"."meta_description", "catalog_category"."url_path", "catalog_category"."full_name_cached" FROM "catalog_category" ORDER BY "catalog_category"."path" ASC LIMIT 21
2026-06-07 03:20:07 +05 РћРЁРР‘РљРђ:  СЃС‚РѕР»Р±РµС† catalog_category.depth РЅРµ СЃСѓС‰РµСЃС‚РІСѓРµС‚ (СЃРёРјРІРѕР» 126)
2026-06-07 03:20:07 +05 РћРџР•Р РђРўРћР :  SELECT "catalog_category"."id", "catalog_category"."created_at", "catalog_category"."updated_at", "catalog_category"."path", "catalog_category"."depth", "catalog_category"."numchild", "catalog_category"."name", "catalog_category"."slug", "catalog_category"."is_active", "catalog_category"."meta_title", "catalog_category"."meta_description", "catalog_category"."url_path", "catalog_category"."full_name_cached" FROM "catalog_category" ORDER BY "catalog_category"."path" ASC LIMIT 21
2026-06-07 03:20:21 +05 РћРЁРР‘РљРђ:  СЃС‚РѕР»Р±РµС† catalog_category.depth РЅРµ СЃСѓС‰РµСЃС‚РІСѓРµС‚ (СЃРёРјРІРѕР» 126)
2026-06-07 03:20:21 +05 РћРџР•Р РђРўРћР :  SELECT "catalog_category"."id", "catalog_category"."created_at", "catalog_category"."updated_at", "catalog_category"."path", "catalog_category"."depth", "catalog_category"."numchild", "catalog_category"."name", "catalog_category"."slug", "catalog_category"."is_active", "catalog_category"."meta_title", "catalog_category"."meta_description", "catalog_category"."url_path", "catalog_category"."full_name_cached" FROM "catalog_category" ORDER BY "catalog_category"."path" ASC
2026-06-07 03:20:21 +05 РћРЁРР‘РљРђ:  СЃС‚РѕР»Р±РµС† catalog_category.depth РЅРµ СЃСѓС‰РµСЃС‚РІСѓРµС‚ (СЃРёРјРІРѕР» 126)
2026-06-07 03:20:21 +05 РћРџР•Р РђРўРћР :  SELECT "catalog_category"."id", "catalog_category"."created_at", "catalog_category"."updated_at", "catalog_category"."path", "catalog_category"."depth", "catalog_category"."numchild", "catalog_category"."name", "catalog_category"."slug", "catalog_category"."is_active", "catalog_category"."meta_title", "catalog_category"."meta_description", "catalog_category"."url_path", "catalog_category"."full_name_cached" FROM "catalog_category" ORDER BY "catalog_category"."path" ASC LIMIT 21
2026-06-07 03:20:21 +05 РћРЁРР‘РљРђ:  СЃС‚РѕР»Р±РµС† catalog_category.depth РЅРµ СЃСѓС‰РµСЃС‚РІСѓРµС‚ (СЃРёРјРІРѕР» 126)
2026-06-07 03:20:21 +05 РћРџР•Р РђРўРћР :  SELECT "catalog_category"."id", "catalog_category"."created_at", "catalog_category"."updated_at", "catalog_category"."path", "catalog_category"."depth", "catalog_category"."numchild", "catalog_category"."name", "catalog_category"."slug", "catalog_category"."is_active", "catalog_category"."meta_title", "catalog_category"."meta_description", "catalog_category"."url_path", "catalog_category"."full_name_cached" FROM "catalog_category" ORDER BY "catalog_category"."path" ASC LIMIT 21
2026-06-07 03:20:21 +05 РћРЁРР‘РљРђ:  СЃС‚РѕР»Р±РµС† catalog_category.depth РЅРµ СЃСѓС‰РµСЃС‚РІСѓРµС‚ (СЃРёРјРІРѕР» 126)
2026-06-07 03:20:21 +05 РћРџР•Р РђРўРћР :  SELECT "catalog_category"."id", "catalog_category"."created_at", "catalog_category"."updated_at", "catalog_category"."path", "catalog_category"."depth", "catalog_category"."numchild", "catalog_category"."name", "catalog_category"."slug", "catalog_category"."is_active", "catalog_category"."meta_title", "catalog_category"."meta_description", "catalog_category"."url_path", "catalog_category"."full_name_cached" FROM "catalog_category" ORDER BY "catalog_category"."path" ASC LIMIT 21
2026-06-07 03:20:21 +05 РћРЁРР‘РљРђ:  СЃС‚РѕР»Р±РµС† catalog_category.depth РЅРµ СЃСѓС‰РµСЃС‚РІСѓРµС‚ (СЃРёРјРІРѕР» 126)
2026-06-07 03:20:21 +05 РћРџР•Р РђРўРћР :  SELECT "catalog_category"."id", "catalog_category"."created_at", "catalog_category"."updated_at", "catalog_category"."path", "catalog_category"."depth", "catalog_category"."numchild", "catalog_category"."name", "catalog_category"."slug", "catalog_category"."is_active", "catalog_category"."meta_title", "catalog_category"."meta_description", "catalog_category"."url_path", "catalog_category"."full_name_cached" FROM "catalog_category" ORDER BY "catalog_category"."path" ASC LIMIT 21
2026-06-07 03:22:39 +05 СООБЩЕНИЕ:  начата контрольная точка: time
2026-06-07 03:22:40 +05 СООБЩЕНИЕ:  контрольная точка завершена: записано буферов: 4 (0.0%), записано SLRU-буферов: 0; добавлено файлов WAL 0, удалено: 0, переработано: 0; запись=0.442 сек., синхр.=0.097 сек., всего=0.688 сек.; синхронизировано_файлов=4, самая_долгая_синхр.=0.042 сек., средняя=0.025 сек.; расстояние=27 КБ, ожидалось=57 КБ; lsn=0/2484D30, lsn redo=0/2484CD8
2026-06-07 03:27:39 +05 СООБЩЕНИЕ:  начата контрольная точка: time
2026-06-07 03:27:54 +05 СООБЩЕНИЕ:  контрольная точка завершена: записано буферов: 133 (0.8%), записано SLRU-буферов: 1; добавлено файлов WAL 0, удалено: 0, переработано: 0; запись=14.859 сек., синхр.=0.674 сек., всего=15.689 сек.; синхронизировано_файлов=46, самая_долгая_синхр.=0.068 сек., средняя=0.015 сек.; расстояние=1077 КБ, ожидалось=1077 КБ; lsn=0/2592378, lsn redo=0/2592320
2026-06-07 03:32:39 +05 СООБЩЕНИЕ:  начата контрольная точка: time
2026-06-07 03:33:01 +05 СООБЩЕНИЕ:  контрольная точка завершена: записано буферов: 183 (1.1%), записано SLRU-буферов: 1; добавлено файлов WAL 0, удалено: 0, переработано: 0; запись=20.448 сек., синхр.=0.857 сек., всего=21.462 сек.; синхронизировано_файлов=173, самая_долгая_синхр.=0.043 сек., средняя=0.005 сек.; расстояние=1152 КБ, ожидалось=1152 КБ; lsn=0/26B45E0, lsn redo=0/26B26B0
2026-06-07 03:37:39 +05 СООБЩЕНИЕ:  начата контрольная точка: time
2026-06-07 03:37:50 +05 СООБЩЕНИЕ:  контрольная точка завершена: записано буферов: 89 (0.5%), записано SLRU-буферов: 2; добавлено файлов WAL 0, удалено: 0, переработано: 0; запись=9.912 сек., синхр.=0.585 сек., всего=10.680 сек.; синхронизировано_файлов=53, самая_долгая_синхр.=0.042 сек., средняя=0.012 сек.; расстояние=23 КБ, ожидалось=1039 КБ; lsn=0/26B8588, lsn redo=0/26B84F8
2026-06-07 05:37:18 +05 СООБЩЕНИЕ:  выключение
2026-06-07 05:37:19 +05 ОШИБКА:  выполнение оператора отменено по запросу пользователя
2026-06-07 05:37:19 +05 СООБЩЕНИЕ:  начата контрольная точка: shutdown immediate
2026-06-07 05:37:19 +05 СООБЩЕНИЕ:  контрольная точка завершена: записано буферов: 0 (0.0%), записано SLRU-буферов: 0; добавлено файлов WAL 0, удалено: 0, переработано: 0; запись=0.001 сек., синхр.=0.001 сек., всего=0.228 сек.; синхронизировано_файлов=0, самая_долгая_синхр.=0.000 сек., средняя=0.000 сек.; расстояние=0 КБ, ожидалось=935 КБ; lsn=0/26B8638, lsn redo=0/26B8638
